Archive member included to satisfy reference by file (symbol)

c:/st/stm32cubeide_1.3.0/stm32cubeide/plugins/com.st.stm32cube.ide.mcu.externaltools.gnu-tools-for-stm32.10.3-2021.10.win32_1.0.200.202301161003/tools/bin/../lib/gcc/arm-none-eabi/10.3.1/../../../../arm-none-eabi/lib/thumb/v7e-m+dp/hard\libc_nano.a(lib_a-errno.o)
                              ./Core/Src/syscalls.o (__errno)
c:/st/stm32cubeide_1.3.0/stm32cubeide/plugins/com.st.stm32cube.ide.mcu.externaltools.gnu-tools-for-stm32.10.3-2021.10.win32_1.0.200.202301161003/tools/bin/../lib/gcc/arm-none-eabi/10.3.1/../../../../arm-none-eabi/lib/thumb/v7e-m+dp/hard\libc_nano.a(lib_a-exit.o)
                              c:/st/stm32cubeide_1.3.0/stm32cubeide/plugins/com.st.stm32cube.ide.mcu.externaltools.gnu-tools-for-stm32.10.3-2021.10.win32_1.0.200.202301161003/tools/bin/../lib/gcc/arm-none-eabi/10.3.1/../../../../arm-none-eabi/lib/thumb/v7e-m+dp/hard/crt0.o (exit)
c:/st/stm32cubeide_1.3.0/stm32cubeide/plugins/com.st.stm32cube.ide.mcu.externaltools.gnu-tools-for-stm32.10.3-2021.10.win32_1.0.200.202301161003/tools/bin/../lib/gcc/arm-none-eabi/10.3.1/../../../../arm-none-eabi/lib/thumb/v7e-m+dp/hard\libc_nano.a(lib_a-impure.o)
                              c:/st/stm32cubeide_1.3.0/stm32cubeide/plugins/com.st.stm32cube.ide.mcu.externaltools.gnu-tools-for-stm32.10.3-2021.10.win32_1.0.200.202301161003/tools/bin/../lib/gcc/arm-none-eabi/10.3.1/../../../../arm-none-eabi/lib/thumb/v7e-m+dp/hard\libc_nano.a(lib_a-exit.o) (_global_impure_ptr)
c:/st/stm32cubeide_1.3.0/stm32cubeide/plugins/com.st.stm32cube.ide.mcu.externaltools.gnu-tools-for-stm32.10.3-2021.10.win32_1.0.200.202301161003/tools/bin/../lib/gcc/arm-none-eabi/10.3.1/../../../../arm-none-eabi/lib/thumb/v7e-m+dp/hard\libc_nano.a(lib_a-init.o)
                              c:/st/stm32cubeide_1.3.0/stm32cubeide/plugins/com.st.stm32cube.ide.mcu.externaltools.gnu-tools-for-stm32.10.3-2021.10.win32_1.0.200.202301161003/tools/bin/../lib/gcc/arm-none-eabi/10.3.1/../../../../arm-none-eabi/lib/thumb/v7e-m+dp/hard/crt0.o (__libc_init_array)
c:/st/stm32cubeide_1.3.0/stm32cubeide/plugins/com.st.stm32cube.ide.mcu.externaltools.gnu-tools-for-stm32.10.3-2021.10.win32_1.0.200.202301161003/tools/bin/../lib/gcc/arm-none-eabi/10.3.1/../../../../arm-none-eabi/lib/thumb/v7e-m+dp/hard\libc_nano.a(lib_a-memcpy-stub.o)
                              ./tinyusb-master/src/class/audio/audio_device.o (memcpy)
c:/st/stm32cubeide_1.3.0/stm32cubeide/plugins/com.st.stm32cube.ide.mcu.externaltools.gnu-tools-for-stm32.10.3-2021.10.win32_1.0.200.202301161003/tools/bin/../lib/gcc/arm-none-eabi/10.3.1/../../../../arm-none-eabi/lib/thumb/v7e-m+dp/hard\libc_nano.a(lib_a-memset.o)
                              c:/st/stm32cubeide_1.3.0/stm32cubeide/plugins/com.st.stm32cube.ide.mcu.externaltools.gnu-tools-for-stm32.10.3-2021.10.win32_1.0.200.202301161003/tools/bin/../lib/gcc/arm-none-eabi/10.3.1/../../../../arm-none-eabi/lib/thumb/v7e-m+dp/hard/crt0.o (memset)
c:/st/stm32cubeide_1.3.0/stm32cubeide/plugins/com.st.stm32cube.ide.mcu.externaltools.gnu-tools-for-stm32.10.3-2021.10.win32_1.0.200.202301161003/tools/bin/../lib/gcc/arm-none-eabi/10.3.1/../../../../arm-none-eabi/lib/thumb/v7e-m+dp/hard\libc_nano.a(lib_a-strlen.o)
                              ./Core/Src/usb_descriptors.o (strlen)
c:/st/stm32cubeide_1.3.0/stm32cubeide/plugins/com.st.stm32cube.ide.mcu.externaltools.gnu-tools-for-stm32.10.3-2021.10.win32_1.0.200.202301161003/tools/bin/../lib/gcc/arm-none-eabi/10.3.1/../../../../arm-none-eabi/lib/thumb/v7e-m+dp/hard\libm.a(lib_a-sinf.o)
                              ./Core/Src/main.o (sinf)
c:/st/stm32cubeide_1.3.0/stm32cubeide/plugins/com.st.stm32cube.ide.mcu.externaltools.gnu-tools-for-stm32.10.3-2021.10.win32_1.0.200.202301161003/tools/bin/../lib/gcc/arm-none-eabi/10.3.1/../../../../arm-none-eabi/lib/thumb/v7e-m+dp/hard\libm.a(lib_a-math_errf.o)
                              c:/st/stm32cubeide_1.3.0/stm32cubeide/plugins/com.st.stm32cube.ide.mcu.externaltools.gnu-tools-for-stm32.10.3-2021.10.win32_1.0.200.202301161003/tools/bin/../lib/gcc/arm-none-eabi/10.3.1/../../../../arm-none-eabi/lib/thumb/v7e-m+dp/hard\libm.a(lib_a-sinf.o) (__math_invalidf)
c:/st/stm32cubeide_1.3.0/stm32cubeide/plugins/com.st.stm32cube.ide.mcu.externaltools.gnu-tools-for-stm32.10.3-2021.10.win32_1.0.200.202301161003/tools/bin/../lib/gcc/arm-none-eabi/10.3.1/../../../../arm-none-eabi/lib/thumb/v7e-m+dp/hard\libm.a(lib_a-sincosf_data.o)
                              c:/st/stm32cubeide_1.3.0/stm32cubeide/plugins/com.st.stm32cube.ide.mcu.externaltools.gnu-tools-for-stm32.10.3-2021.10.win32_1.0.200.202301161003/tools/bin/../lib/gcc/arm-none-eabi/10.3.1/../../../../arm-none-eabi/lib/thumb/v7e-m+dp/hard\libm.a(lib_a-sinf.o) (__inv_pio4)
c:/st/stm32cubeide_1.3.0/stm32cubeide/plugins/com.st.stm32cube.ide.mcu.externaltools.gnu-tools-for-stm32.10.3-2021.10.win32_1.0.200.202301161003/tools/bin/../lib/gcc/arm-none-eabi/10.3.1/thumb/v7e-m+dp/hard\libgcc.a(_arm_addsubdf3.o)
[...]
Memory Configuration

Name             Origin             Length             Attributes
ITCMRAM          0x0000000000000000 0x0000000000010000 xrw
DTCMRAM          0x0000000020000000 0x0000000000020000 xrw
FLASH            0x0000000008000000 0x0000000000100000 xr
RAM_D1           0x0000000024000000 0x0000000000050000 xrw
RAM_D2           0x0000000030000000 0x0000000000008000 xrw
RAM_D3           0x0000000038000000 0x0000000000004000 xrw
*default*        0x0000000000000000 0xffffffffffffffff

Linker script and memory map

LOAD c:/st/stm32cubeide_1.3.0/stm32cubeide/plugins/com.st.stm32cube.ide.mcu.externaltools.gnu-tools-for-stm32.10.3-2021.10.win32_1.0.200.202301161003/tools/bin/../lib/gcc/arm-none-eabi/10.3.1/thumb/v7e-m+dp/hard/crti.o
LOAD c:/st/stm32cubeide_1.3.0/stm32cubeide/plugins/com.st.stm32cube.ide.mcu.externaltools.gnu-tools-for-stm32.10.3-2021.10.win32_1.0.200.202301161003/tools/bin/../lib/gcc/arm-none-eabi/10.3.1/thumb/v7e-m+dp/hard/crtbegin.o
LOAD c:/st/stm32cubeide_1.3.0/stm32cubeide/plugins/com.st.stm32cube.ide.mcu.externaltools.gnu-tools-for-stm32.10.3-2021.10.win32_1.0.200.202301161003/tools/bin/../lib/gcc/arm-none-eabi/10.3.1/../../../../arm-none-eabi/lib/thumb/v7e-m+dp/hard/crt0.o
LOAD ./Core/Src/main.o
LOAD ./Core/Src/stm32h7xx_hal_msp.o
LOAD ./Core/Src/stm32h7xx_it.o
LOAD ./Core/Src/syscalls.o
LOAD ./Core/Src/sysmem.o
LOAD ./Core/Src/system_stm32h7xx.o
LOAD ./Core/Src/usb_descriptors.o
LOAD ./Core/Startup/startup_stm32h723vgtx.o
LOAD ./Drivers/STM32H7xx_HAL_Driver/Src/stm32h7xx_hal.o
LOAD ./Drivers/STM32H7xx_HAL_Driver/Src/stm32h7xx_hal_cortex.o
LOAD ./Drivers/STM32H7xx_HAL_Driver/Src/stm32h7xx_hal_dma.o
LOAD ./Drivers/STM32H7xx_HAL_Driver/Src/stm32h7xx_hal_dma_ex.o
LOAD ./Drivers/STM32H7xx_HAL_Driver/Src/stm32h7xx_hal_exti.o
LOAD ./Drivers/STM32H7xx_HAL_Driver/Src/stm32h7xx_hal_flash.o
LOAD ./Drivers/STM32H7xx_HAL_Driver/Src/stm32h7xx_hal_flash_ex.o
LOAD ./Drivers/STM32H7xx_HAL_Driver/Src/stm32h7xx_hal_gpio.o
LOAD ./Drivers/STM32H7xx_HAL_Driver/Src/stm32h7xx_hal_hsem.o
LOAD ./Drivers/STM32H7xx_HAL_Driver/Src/stm32h7xx_hal_i2c.o
LOAD ./Drivers/STM32H7xx_HAL_Driver/Src/stm32h7xx_hal_i2c_ex.o
LOAD ./Drivers/STM32H7xx_HAL_Driver/Src/stm32h7xx_hal_mdma.o
LOAD ./Drivers/STM32H7xx_HAL_Driver/Src/stm32h7xx_hal_pcd.o
LOAD ./Drivers/STM32H7xx_HAL_Driver/Src/stm32h7xx_hal_pcd_ex.o
LOAD ./Drivers/STM32H7xx_HAL_Driver/Src/stm32h7xx_hal_pwr.o
LOAD ./Drivers/STM32H7xx_HAL_Driver/Src/stm32h7xx_hal_pwr_ex.o
LOAD ./Drivers/STM32H7xx_HAL_Driver/Src/stm32h7xx_hal_rcc.o
LOAD ./Drivers/STM32H7xx_HAL_Driver/Src/stm32h7xx_hal_rcc_ex.o
LOAD ./Drivers/STM32H7xx_HAL_Driver/Src/stm32h7xx_hal_tim.o
LOAD ./Drivers/STM32H7xx_HAL_Driver/Src/stm32h7xx_hal_tim_ex.o
LOAD ./Drivers/STM32H7xx_HAL_Driver/Src/stm32h7xx_ll_usb.o
LOAD ./tinyusb-master/src/class/audio/audio_device.o
LOAD ./tinyusb-master/src/class/bth/bth_device.o
LOAD ./tinyusb-master/src/class/cdc/cdc_device.o
LOAD ./tinyusb-master/src/class/cdc/cdc_host.o
LOAD ./tinyusb-master/src/class/cdc/cdc_rndis_host.o
LOAD ./tinyusb-master/src/class/dfu/dfu_device.o
LOAD ./tinyusb-master/src/class/dfu/dfu_rt_device.o
LOAD ./tinyusb-master/src/class/hid/hid_device.o
LOAD ./tinyusb-master/src/class/hid/hid_host.o
LOAD ./tinyusb-master/src/class/midi/midi_device.o
LOAD ./tinyusb-master/src/class/msc/msc_device.o
LOAD ./tinyusb-master/src/class/msc/msc_host.o
LOAD ./tinyusb-master/src/class/net/ecm_rndis_device.o
LOAD ./tinyusb-master/src/class/net/ncm_device.o
LOAD ./tinyusb-master/src/class/usbtmc/usbtmc_device.o
LOAD ./tinyusb-master/src/class/vendor/vendor_device.o
LOAD ./tinyusb-master/src/class/vendor/vendor_host.o
LOAD ./tinyusb-master/src/class/video/video_device.o
LOAD ./tinyusb-master/src/common/tusb_fifo.o
LOAD ./tinyusb-master/src/device/usbd.o
LOAD ./tinyusb-master/src/device/usbd_control.o
LOAD ./tinyusb-master/src/host/hub.o
LOAD ./tinyusb-master/src/host/usbh.o
LOAD ./tinyusb-master/src/portable/bridgetek/ft9xx/dcd_ft9xx.o
LOAD ./tinyusb-master/src/portable/chipidea/ci_hs/dcd_ci_hs.o
LOAD ./tinyusb-master/src/portable/chipidea/ci_hs/hcd_ci_hs.o
LOAD ./tinyusb-master/src/portable/dialog/da146xx/dcd_da146xx.o
LOAD ./tinyusb-master/src/portable/ehci/ehci.o
LOAD ./tinyusb-master/src/portable/espressif/esp32sx/dcd_esp32sx.o
LOAD ./tinyusb-master/src/portable/mentor/musb/dcd_musb.o
LOAD ./tinyusb-master/src/portable/mentor/musb/hcd_musb.o
LOAD ./tinyusb-master/src/portable/microchip/pic/dcd_pic.o
LOAD ./tinyusb-master/src/portable/microchip/pic32mz/dcd_pic32mz.o
LOAD ./tinyusb-master/src/portable/microchip/samd/dcd_samd.o
LOAD ./tinyusb-master/src/portable/microchip/samg/dcd_samg.o
LOAD ./tinyusb-master/src/portable/microchip/samx7x/dcd_samx7x.o
LOAD ./tinyusb-master/src/portable/mindmotion/mm32/dcd_mm32f327x_otg.o
LOAD ./tinyusb-master/src/portable/nordic/nrf5x/dcd_nrf5x.o
LOAD ./tinyusb-master/src/portable/nuvoton/nuc120/dcd_nuc120.o
LOAD ./tinyusb-master/src/portable/nuvoton/nuc121/dcd_nuc121.o
LOAD ./tinyusb-master/src/portable/nuvoton/nuc505/dcd_nuc505.o
LOAD ./tinyusb-master/src/portable/nxp/khci/dcd_khci.o
LOAD ./tinyusb-master/src/portable/nxp/khci/hcd_khci.o
LOAD ./tinyusb-master/src/portable/nxp/lpc17_40/dcd_lpc17_40.o
LOAD ./tinyusb-master/src/portable/nxp/lpc17_40/hcd_lpc17_40.o
LOAD ./tinyusb-master/src/portable/nxp/lpc_ip3511/dcd_lpc_ip3511.o
LOAD ./tinyusb-master/src/portable/nxp/transdimension/dcd_transdimension.o
LOAD ./tinyusb-master/src/portable/nxp/transdimension/hcd_transdimension.o
LOAD ./tinyusb-master/src/portable/ohci/ohci.o
LOAD ./tinyusb-master/src/portable/raspberrypi/pio_usb/dcd_pio_usb.o
LOAD ./tinyusb-master/src/portable/raspberrypi/pio_usb/hcd_pio_usb.o
LOAD ./tinyusb-master/src/portable/raspberrypi/rp2040/dcd_rp2040.o
LOAD ./tinyusb-master/src/portable/raspberrypi/rp2040/hcd_rp2040.o
LOAD ./tinyusb-master/src/portable/raspberrypi/rp2040/rp2040_usb.o
LOAD ./tinyusb-master/src/portable/renesas/rusb2/dcd_rusb2.o
LOAD ./tinyusb-master/src/portable/renesas/rusb2/hcd_rusb2.o
LOAD ./tinyusb-master/src/portable/sony/cxd56/dcd_cxd56.o
LOAD ./tinyusb-master/src/portable/st/stm32_fsdev/dcd_stm32_fsdev.o
LOAD ./tinyusb-master/src/portable/st/synopsys/dcd_synopsys.o
LOAD ./tinyusb-master/src/portable/sunxi/dcd_sunxi_musb.o
LOAD ./tinyusb-master/src/portable/template/dcd_template.o
LOAD ./tinyusb-master/src/portable/ti/msp430x5xx/dcd_msp430x5xx.o
LOAD ./tinyusb-master/src/portable/valentyusb/eptri/dcd_eptri.o
LOAD ./tinyusb-master/src/portable/wch/ch32v307/dcd_usbhs.o
LOAD ./tinyusb-master/src/tusb.o
START GROUP
LOAD c:/st/stm32cubeide_1.3.0/stm32cubeide/plugins/com.st.stm32cube.ide.mcu.externaltools.gnu-tools-for-stm32.10.3-2021.10.win32_1.0.200.202301161003/tools/bin/../lib/gcc/arm-none-eabi/10.3.1/../../../../arm-none-eabi/lib/thumb/v7e-m+dp/hard\libc_nano.a
LOAD c:/st/stm32cubeide_1.3.0/stm32cubeide/plugins/com.st.stm32cube.ide.mcu.externaltools.gnu-tools-for-stm32.10.3-2021.10.win32_1.0.200.202301161003/tools/bin/../lib/gcc/arm-none-eabi/10.3.1/../../../../arm-none-eabi/lib/thumb/v7e-m+dp/hard\libm.a
END GROUP
START GROUP
LOAD c:/st/stm32cubeide_1.3.0/stm32cubeide/plugins/com.st.stm32cube.ide.mcu.externaltools.gnu-tools-for-stm32.10.3-2021.10.win32_1.0.200.202301161003/tools/bin/../lib/gcc/arm-none-eabi/10.3.1/thumb/v7e-m+dp/hard\libgcc.a
LOAD c:/st/stm32cubeide_1.3.0/stm32cubeide/plugins/com.st.stm32cube.ide.mcu.externaltools.gnu-tools-for-stm32.10.3-2021.10.win32_1.0.200.202301161003/tools/bin/../lib/gcc/arm-none-eabi/10.3.1/../../../../arm-none-eabi/lib/thumb/v7e-m+dp/hard\libc_nano.a
END GROUP
START GROUP
LOAD c:/st/stm32cubeide_1.3.0/stm32cubeide/plugins/com.st.stm32cube.ide.mcu.externaltools.gnu-tools-for-stm32.10.3-2021.10.win32_1.0.200.202301161003/tools/bin/../lib/gcc/arm-none-eabi/10.3.1/thumb/v7e-m+dp/hard\libgcc.a
LOAD c:/st/stm32cubeide_1.3.0/stm32cubeide/plugins/com.st.stm32cube.ide.mcu.externaltools.gnu-tools-for-stm32.10.3-2021.10.win32_1.0.200.202301161003/tools/bin/../lib/gcc/arm-none-eabi/10.3.1/../../../../arm-none-eabi/lib/thumb/v7e-m+dp/hard\libc_nano.a
LOAD c:/st/stm32cubeide_1.3.0/stm32cubeide/plugins/com.st.stm32cube.ide.mcu.externaltools.gnu-tools-for-stm32.10.3-2021.10.win32_1.0.200.202301161003/tools/bin/../lib/gcc/arm-none-eabi/10.3.1/../../../../arm-none-eabi/lib/thumb/v7e-m+dp/hard\libnosys.a
END GROUP
START GROUP
LOAD c:/st/stm32cubeide_1.3.0/stm32cubeide/plugins/com.st.stm32cube.ide.mcu.externaltools.gnu-tools-for-stm32.10.3-2021.10.win32_1.0.200.202301161003/tools/bin/../lib/gcc/arm-none-eabi/10.3.1/thumb/v7e-m+dp/hard\libgcc.a
LOAD c:/st/stm32cubeide_1.3.0/stm32cubeide/plugins/com.st.stm32cube.ide.mcu.externaltools.gnu-tools-for-stm32.10.3-2021.10.win32_1.0.200.202301161003/tools/bin/../lib/gcc/arm-none-eabi/10.3.1/../../../../arm-none-eabi/lib/thumb/v7e-m+dp/hard\libc_nano.a
LOAD c:/st/stm32cubeide_1.3.0/stm32cubeide/plugins/com.st.stm32cube.ide.mcu.externaltools.gnu-tools-for-stm32.10.3-2021.10.win32_1.0.200.202301161003/tools/bin/../lib/gcc/arm-none-eabi/10.3.1/../../../../arm-none-eabi/lib/thumb/v7e-m+dp/hard\libnosys.a
END GROUP
LOAD c:/st/stm32cubeide_1.3.0/stm32cubeide/plugins/com.st.stm32cube.ide.mcu.externaltools.gnu-tools-for-stm32.10.3-2021.10.win32_1.0.200.202301161003/tools/bin/../lib/gcc/arm-none-eabi/10.3.1/thumb/v7e-m+dp/hard/crtend.o
LOAD c:/st/stm32cubeide_1.3.0/stm32cubeide/plugins/com.st.stm32cube.ide.mcu.externaltools.gnu-tools-for-stm32.10.3-2021.10.win32_1.0.200.202301161003/tools/bin/../lib/gcc/arm-none-eabi/10.3.1/thumb/v7e-m+dp/hard/crtn.o
                0x0000000024050000                _estack = (ORIGIN (RAM_D1) + LENGTH (RAM_D1))
                0x0000000000000200                _Min_Heap_Size = 0x200
                0x0000000000000400                _Min_Stack_Size = 0x400

.isr_vector     0x0000000008000000      0x2cc
                0x0000000008000000                . = ALIGN (0x4)
 *(.isr_vector)
 .isr_vector    0x0000000008000000      0x2cc ./Core/Startup/startup_stm32h723vgtx.o
                0x0000000008000000                g_pfnVectors
                0x00000000080002cc                . = ALIGN (0x4)

.text           0x00000000080002d0     0xaeec
                0x00000000080002d0                . = ALIGN (0x4)
 *(.text)
 .text          0x00000000080002d0       0x40 c:/st/stm32cubeide_1.3.0/stm32cubeide/plugins/com.st.stm32cube.ide.mcu.externaltools.gnu-tools-for-stm32.10.3-2021.10.win32_1.0.200.202301161003/tools/bin/../lib/gcc/arm-none-eabi/10.3.1/thumb/v7e-m+dp/hard/crtbegin.o
 .text          0x0000000008000310       0x10 c:/st/stm32cubeide_1.3.0/stm32cubeide/plugins/com.st.stm32cube.ide.mcu.externaltools.gnu-tools-for-stm32.10.3-2021.10.win32_1.0.200.202301161003/tools/bin/../lib/gcc/arm-none-eabi/10.3.1/../../../../arm-none-eabi/lib/thumb/v7e-m+dp/hard\libc_nano.a(lib_a-strlen.o)
                0x0000000008000310                strlen
 .text          0x0000000008000320      0x378 c:/st/stm32cubeide_1.3.0/stm32cubeide/plugins/com.st.stm32cube.ide.mcu.externaltools.gnu-tools-for-stm32.10.3-2021.10.win32_1.0.200.202301161003/tools/bin/../lib/gcc/arm-none-eabi/10.3.1/thumb/v7e-m+dp/hard\libgcc.a(_arm_addsubdf3.o)
                0x0000000008000320                __aeabi_drsub
                0x0000000008000328                __aeabi_dsub
                0x0000000008000328                __subdf3
                0x000000000800032c                __aeabi_dadd
                0x000000000800032c                __adddf3
                0x00000000080005a4                __floatunsidf
                0x00000000080005a4                __aeabi_ui2d
                0x00000000080005c4                __floatsidf
                0x00000000080005c4                __aeabi_i2d
                0x00000000080005e8                __aeabi_f2d
                0x00000000080005e8                __extendsfdf2
                0x000000000800062c                __floatundidf
                0x000000000800062c                __aeabi_ul2d
                0x000000000800063c                __floatdidf
                0x000000000800063c                __aeabi_l2d
 *(.text*)
 .text.tud_cdc_connected
                0x0000000008000698       0x10 ./Core/Src/main.o
 .text.tud_cdc_available
                0x00000000080006a8       0x10 ./Core/Src/main.o
 .text.tud_cdc_read
                0x00000000080006b8       0x1e ./Core/Src/main.o
 .text.tud_cdc_write
                0x00000000080006d6       0x1e ./Core/Src/main.o
 .text.tud_cdc_write_flush
                0x00000000080006f4       0x10 ./Core/Src/main.o
 .text.tud_cdc_write_available
                0x0000000008000704       0x10 ./Core/Src/main.o
 .text.tud_audio_read
                0x0000000008000714       0x22 ./Core/Src/main.o
 .text.tud_audio_write
                0x0000000008000736       0x22 ./Core/Src/main.o
 .text.tud_mount_cb
                0x0000000008000758       0x1c ./Core/Src/main.o
                0x0000000008000758                tud_mount_cb
 .text.tud_umount_cb
                0x0000000008000774       0x18 ./Core/Src/main.o
                0x0000000008000774                tud_umount_cb
 .text.tud_suspend_cb
                0x000000000800078c       0x24 ./Core/Src/main.o
                0x000000000800078c                tud_suspend_cb
 .text.tud_resume_cb
                0x00000000080007b0       0x1c ./Core/Src/main.o
                0x00000000080007b0                tud_resume_cb
 .text.tud_audio_clock_get_request
                0x00000000080007cc      0x134 ./Core/Src/main.o
 .text.tud_audio_clock_set_request
                0x0000000008000900       0x74 ./Core/Src/main.o
 .text.tud_audio_feature_unit_get_request
                0x0000000008000974       0xcc ./Core/Src/main.o
 .text.tud_audio_feature_unit_set_request
                0x0000000008000a40       0xac ./Core/Src/main.o
 .text.tud_audio_get_req_entity_cb
                0x0000000008000aec       0x46 ./Core/Src/main.o
                0x0000000008000aec                tud_audio_get_req_entity_cb
 .text.tud_audio_set_req_entity_cb
                0x0000000008000b32       0x4c ./Core/Src/main.o
                0x0000000008000b32                tud_audio_set_req_entity_cb
 *fill*         0x0000000008000b7e        0x2 
 .text.tud_audio_set_itf_close_EP_cb
                0x0000000008000b80       0x50 ./Core/Src/main.o
                0x0000000008000b80                tud_audio_set_itf_close_EP_cb
 .text.tud_audio_set_itf_cb
                0x0000000008000bd0       0x70 ./Core/Src/main.o
                0x0000000008000bd0                tud_audio_set_itf_cb
 .text.tud_audio_rx_done_pre_read_cb
                0x0000000008000c40       0x44 ./Core/Src/main.o
                0x0000000008000c40                tud_audio_rx_done_pre_read_cb
 .text.tud_audio_tx_done_pre_load_cb
                0x0000000008000c84       0x2a ./Core/Src/main.o
                0x0000000008000c84                tud_audio_tx_done_pre_load_cb
 *fill*         0x0000000008000cae        0x2 
 .text.tud_audio_tx_done_post_load_cb
                0x0000000008000cb0       0xa4 ./Core/Src/main.o
                0x0000000008000cb0                tud_audio_tx_done_post_load_cb
 .text.tud_cdc_line_state_cb
                0x0000000008000d54       0x1e ./Core/Src/main.o
                0x0000000008000d54                tud_cdc_line_state_cb
 .text.tud_cdc_rx_cb
                0x0000000008000d72       0x16 ./Core/Src/main.o
                0x0000000008000d72                tud_cdc_rx_cb
 .text.cdc_task
                0x0000000008000d88       0x68 ./Core/Src/main.o
                0x0000000008000d88                cdc_task
 .text.board_millis
                0x0000000008000df0        0xe ./Core/Src/main.o
                0x0000000008000df0                board_millis
 *fill*         0x0000000008000dfe        0x2 
 .text.led_blinking_task
                0x0000000008000e00       0x74 ./Core/Src/main.o
                0x0000000008000e00                led_blinking_task
 .text.DWT_Delay_Init
                0x0000000008000e74       0x60 ./Core/Src/main.o
                0x0000000008000e74                DWT_Delay_Init
 .text.HAL_TIM_PeriodElapsedCallback
                0x0000000008000ed4       0x34 ./Core/Src/main.o
                0x0000000008000ed4                HAL_TIM_PeriodElapsedCallback
 .text.main     0x0000000008000f08       0x90 ./Core/Src/main.o
                0x0000000008000f08                main
 .text.SystemClock_Config
                0x0000000008000f98       0xe0 ./Core/Src/main.o
                0x0000000008000f98                SystemClock_Config
 .text.MX_TIM6_Init
                0x0000000008001078       0x6c ./Core/Src/main.o
 .text.MX_USB_OTG_HS_PCD_Init
                0x00000000080010e4       0x64 ./Core/Src/main.o
 .text.MX_GPIO_Init
                0x0000000008001148       0x8c ./Core/Src/main.o
 .text.Error_Handler
                0x00000000080011d4        0xa ./Core/Src/main.o
                0x00000000080011d4                Error_Handler
 *fill*         0x00000000080011de        0x2 
 .text.HAL_MspInit
                0x00000000080011e0       0x34 ./Core/Src/stm32h7xx_hal_msp.o
                0x00000000080011e0                HAL_MspInit
 .text.HAL_TIM_Base_MspInit
                0x0000000008001214       0x50 ./Core/Src/stm32h7xx_hal_msp.o
                0x0000000008001214                HAL_TIM_Base_MspInit
 .text.HAL_PCD_MspInit
                0x0000000008001264       0x8c ./Core/Src/stm32h7xx_hal_msp.o
                0x0000000008001264                HAL_PCD_MspInit
 .text.NMI_Handler
                0x00000000080012f0        0x6 ./Core/Src/stm32h7xx_it.o
                0x00000000080012f0                NMI_Handler
 .text.HardFault_Handler
                0x00000000080012f6        0x6 ./Core/Src/stm32h7xx_it.o
                0x00000000080012f6                HardFault_Handler
 .text.MemManage_Handler
                0x00000000080012fc        0x6 ./Core/Src/stm32h7xx_it.o
                0x00000000080012fc                MemManage_Handler
 .text.BusFault_Handler
                0x0000000008001302        0x6 ./Core/Src/stm32h7xx_it.o
                0x0000000008001302                BusFault_Handler
 .text.UsageFault_Handler
                0x0000000008001308        0x6 ./Core/Src/stm32h7xx_it.o
                0x0000000008001308                UsageFault_Handler
 .text.SVC_Handler
                0x000000000800130e        0xe ./Core/Src/stm32h7xx_it.o
                0x000000000800130e                SVC_Handler
 .text.DebugMon_Handler
                0x000000000800131c        0xe ./Core/Src/stm32h7xx_it.o
                0x000000000800131c                DebugMon_Handler
 .text.PendSV_Handler
                0x000000000800132a        0xe ./Core/Src/stm32h7xx_it.o
                0x000000000800132a                PendSV_Handler
 .text.SysTick_Handler
                0x0000000008001338        0xc ./Core/Src/stm32h7xx_it.o
                0x0000000008001338                SysTick_Handler
 .text.TIM6_DAC_IRQHandler
                0x0000000008001344       0x14 ./Core/Src/stm32h7xx_it.o
                0x0000000008001344                TIM6_DAC_IRQHandler
 .text.OTG_HS_IRQHandler
                0x0000000008001358        0xe ./Core/Src/stm32h7xx_it.o
                0x0000000008001358                OTG_HS_IRQHandler
 *fill*         0x0000000008001366        0x2 
 .text.SystemInit
                0x0000000008001368       0xf0 ./Core/Src/system_stm32h7xx.o
                0x0000000008001368                SystemInit
 .text.tud_descriptor_device_cb
                0x0000000008001458       0x14 ./Core/Src/usb_descriptors.o
                0x0000000008001458                tud_descriptor_device_cb
 .text.tud_descriptor_configuration_cb
                0x000000000800146c       0x1c ./Core/Src/usb_descriptors.o
                0x000000000800146c                tud_descriptor_configuration_cb
 .text.tud_descriptor_string_cb
                0x0000000008001488       0xa4 ./Core/Src/usb_descriptors.o
                0x0000000008001488                tud_descriptor_string_cb
 .text.Reset_Handler
                0x000000000800152c       0x50 ./Core/Startup/startup_stm32h723vgtx.o
                0x000000000800152c                Reset_Handler
 .text.Default_Handler
                0x000000000800157c        0x2 ./Core/Startup/startup_stm32h723vgtx.o
                0x000000000800157c                RTC_Alarm_IRQHandler
                0x000000000800157c                EXTI2_IRQHandler
                0x000000000800157c                TIM8_CC_IRQHandler
                0x000000000800157c                UART8_IRQHandler
                0x000000000800157c                SPI4_IRQHandler
                0x000000000800157c                FDCAN3_IT0_IRQHandler
                0x000000000800157c                TIM1_CC_IRQHandler
                0x000000000800157c                BDMA_Channel6_IRQHandler
                0x000000000800157c                DMA2_Stream5_IRQHandler
                0x000000000800157c                DMA1_Stream5_IRQHandler
                0x000000000800157c                CORDIC_IRQHandler
                0x000000000800157c                BDMA_Channel1_IRQHandler
                0x000000000800157c                TAMP_STAMP_IRQHandler
                0x000000000800157c                EXTI3_IRQHandler
                0x000000000800157c                LPTIM4_IRQHandler
                0x000000000800157c                TIM8_TRG_COM_TIM14_IRQHandler
                0x000000000800157c                LPTIM2_IRQHandler
                0x000000000800157c                DFSDM1_FLT1_IRQHandler
                0x000000000800157c                DMAMUX2_OVR_IRQHandler
                0x000000000800157c                TIM8_UP_TIM13_IRQHandler
                0x000000000800157c                I2C3_ER_IRQHandler
                0x000000000800157c                DFSDM1_FLT2_IRQHandler
                0x000000000800157c                I2C5_EV_IRQHandler
                0x000000000800157c                USART10_IRQHandler
                0x000000000800157c                MDMA_IRQHandler
                0x000000000800157c                LPTIM3_IRQHandler
                0x000000000800157c                HSEM1_IRQHandler
                0x000000000800157c                EXTI0_IRQHandler
                0x000000000800157c                I2C2_EV_IRQHandler
                0x000000000800157c                DMA1_Stream2_IRQHandler
                0x000000000800157c                FPU_IRQHandler
                0x000000000800157c                OTG_HS_WKUP_IRQHandler
                0x000000000800157c                FDCAN1_IT1_IRQHandler
                0x000000000800157c                LTDC_ER_IRQHandler
                0x000000000800157c                DMA2_Stream2_IRQHandler
                0x000000000800157c                SPI1_IRQHandler
                0x000000000800157c                OCTOSPI1_IRQHandler
                0x000000000800157c                DMA2_Stream3_IRQHandler
                0x000000000800157c                OCTOSPI2_IRQHandler
                0x000000000800157c                DFSDM1_FLT3_IRQHandler
                0x000000000800157c                TIM23_IRQHandler
                0x000000000800157c                USART6_IRQHandler
                0x000000000800157c                TIM17_IRQHandler
                0x000000000800157c                USART3_IRQHandler
                0x000000000800157c                BDMA_Channel7_IRQHandler
                0x000000000800157c                LPTIM5_IRQHandler
                0x000000000800157c                UART5_IRQHandler
                0x000000000800157c                ADC3_IRQHandler
                0x000000000800157c                DMA2_Stream0_IRQHandler
                0x000000000800157c                TIM4_IRQHandler
                0x000000000800157c                BDMA_Channel2_IRQHandler
                0x000000000800157c                I2C1_EV_IRQHandler
                0x000000000800157c                DMA1_Stream6_IRQHandler
                0x000000000800157c                DMAMUX1_OVR_IRQHandler
                0x000000000800157c                DMA1_Stream1_IRQHandler
                0x000000000800157c                TIM16_IRQHandler
                0x000000000800157c                UART4_IRQHandler
                0x000000000800157c                BDMA_Channel5_IRQHandler
                0x000000000800157c                TIM3_IRQHandler
                0x000000000800157c                RCC_IRQHandler
                0x000000000800157c                UART9_IRQHandler
                0x000000000800157c                TIM8_BRK_TIM12_IRQHandler
                0x000000000800157c                TIM1_TRG_COM_IRQHandler
                0x000000000800157c                Default_Handler
                0x000000000800157c                ECC_IRQHandler
                0x000000000800157c                FMAC_IRQHandler
                0x000000000800157c                CEC_IRQHandler
                0x000000000800157c                EXTI15_10_IRQHandler
                0x000000000800157c                BDMA_Channel0_IRQHandler
                0x000000000800157c                ADC_IRQHandler
                0x000000000800157c                I2C5_ER_IRQHandler
                0x000000000800157c                DMA1_Stream7_IRQHandler
                0x000000000800157c                SPI5_IRQHandler
                0x000000000800157c                TIM7_IRQHandler
                0x000000000800157c                FDCAN3_IT1_IRQHandler
                0x000000000800157c                SDMMC1_IRQHandler
                0x000000000800157c                TIM5_IRQHandler
                0x000000000800157c                DMA2_Stream7_IRQHandler
                0x000000000800157c                TIM15_IRQHandler
                0x000000000800157c                PVD_AVD_IRQHandler
                0x000000000800157c                I2C3_EV_IRQHandler
                0x000000000800157c                EXTI9_5_IRQHandler
                0x000000000800157c                RTC_WKUP_IRQHandler
                0x000000000800157c                LTDC_IRQHandler
                0x000000000800157c                ETH_WKUP_IRQHandler
                0x000000000800157c                SPDIF_RX_IRQHandler
                0x000000000800157c                SPI2_IRQHandler
                0x000000000800157c                OTG_HS_EP1_IN_IRQHandler
                0x000000000800157c                DMA1_Stream0_IRQHandler
                0x000000000800157c                TIM24_IRQHandler
                0x000000000800157c                CRS_IRQHandler
                0x000000000800157c                EXTI4_IRQHandler
                0x000000000800157c                RNG_IRQHandler
                0x000000000800157c                FDCAN2_IT1_IRQHandler
                0x000000000800157c                ETH_IRQHandler
                0x000000000800157c                TIM1_UP_IRQHandler
                0x000000000800157c                BDMA_Channel4_IRQHandler
                0x000000000800157c                OTG_HS_EP1_OUT_IRQHandler
                0x000000000800157c                WWDG_IRQHandler
                0x000000000800157c                SPI6_IRQHandler
                0x000000000800157c                MDIOS_IRQHandler
                0x000000000800157c                I2C4_EV_IRQHandler
                0x000000000800157c                FDCAN2_IT0_IRQHandler
                0x000000000800157c                LPUART1_IRQHandler
                0x000000000800157c                FDCAN1_IT0_IRQHandler
                0x000000000800157c                TIM2_IRQHandler
                0x000000000800157c                DMA2D_IRQHandler
                0x000000000800157c                TIM1_BRK_IRQHandler
                0x000000000800157c                EXTI1_IRQHandler
                0x000000000800157c                SDMMC2_IRQHandler
                0x000000000800157c                BDMA_Channel3_IRQHandler
                0x000000000800157c                DTS_IRQHandler
                0x000000000800157c                UART7_IRQHandler
                0x000000000800157c                MDIOS_WKUP_IRQHandler
                0x000000000800157c                USART2_IRQHandler
                0x000000000800157c                DFSDM1_FLT0_IRQHandler
                0x000000000800157c                SAI4_IRQHandler
                0x000000000800157c                I2C2_ER_IRQHandler
                0x000000000800157c                DMA2_Stream1_IRQHandler
                0x000000000800157c                FLASH_IRQHandler
                0x000000000800157c                DMA2_Stream4_IRQHandler
                0x000000000800157c                USART1_IRQHandler
                0x000000000800157c                SPI3_IRQHandler
                0x000000000800157c                WAKEUP_PIN_IRQHandler
                0x000000000800157c                DMA1_Stream4_IRQHandler
                0x000000000800157c                I2C1_ER_IRQHandler
                0x000000000800157c                FMC_IRQHandler
                0x000000000800157c                FDCAN_CAL_IRQHandler
                0x000000000800157c                SWPMI1_IRQHandler
                0x000000000800157c                COMP1_IRQHandler
                0x000000000800157c                LPTIM1_IRQHandler
                0x000000000800157c                DCMI_PSSI_IRQHandler
                0x000000000800157c                I2C4_ER_IRQHandler
                0x000000000800157c                DMA2_Stream6_IRQHandler
                0x000000000800157c                SAI1_IRQHandler
                0x000000000800157c                DMA1_Stream3_IRQHandler
 *fill*         0x000000000800157e        0x2 
 .text.HAL_Init
                0x0000000008001580       0x78 ./Drivers/STM32H7xx_HAL_Driver/Src/stm32h7xx_hal.o
                0x0000000008001580                HAL_Init
 .text.HAL_InitTick
                0x00000000080015f8       0x6c ./Drivers/STM32H7xx_HAL_Driver/Src/stm32h7xx_hal.o
                0x00000000080015f8                HAL_InitTick
 .text.HAL_IncTick
                0x0000000008001664       0x28 ./Drivers/STM32H7xx_HAL_Driver/Src/stm32h7xx_hal.o
                0x0000000008001664                HAL_IncTick
 .text.HAL_GetTick
                0x000000000800168c       0x18 ./Drivers/STM32H7xx_HAL_Driver/Src/stm32h7xx_hal.o
                0x000000000800168c                HAL_GetTick
 .text.HAL_Delay
                0x00000000080016a4       0x48 ./Drivers/STM32H7xx_HAL_Driver/Src/stm32h7xx_hal.o
                0x00000000080016a4                HAL_Delay
 .text.__NVIC_SetPriorityGrouping
                0x00000000080016ec       0x48 ./Drivers/STM32H7xx_HAL_Driver/Src/stm32h7xx_hal_cortex.o
 .text.__NVIC_GetPriorityGrouping
                0x0000000008001734       0x1c ./Drivers/STM32H7xx_HAL_Driver/Src/stm32h7xx_hal_cortex.o
 .text.__NVIC_EnableIRQ
                0x0000000008001750       0x3c ./Drivers/STM32H7xx_HAL_Driver/Src/stm32h7xx_hal_cortex.o
 .text.__NVIC_SetPriority
                0x000000000800178c       0x54 ./Drivers/STM32H7xx_HAL_Driver/Src/stm32h7xx_hal_cortex.o
 .text.NVIC_EncodePriority
                0x00000000080017e0       0x66 ./Drivers/STM32H7xx_HAL_Driver/Src/stm32h7xx_hal_cortex.o
 *fill*         0x0000000008001846        0x2 
 .text.SysTick_Config
                0x0000000008001848       0x44 ./Drivers/STM32H7xx_HAL_Driver/Src/stm32h7xx_hal_cortex.o
 .text.HAL_NVIC_SetPriorityGrouping
                0x000000000800188c       0x16 ./Drivers/STM32H7xx_HAL_Driver/Src/stm32h7xx_hal_cortex.o
                0x000000000800188c                HAL_NVIC_SetPriorityGrouping
 .text.HAL_NVIC_SetPriority
                0x00000000080018a2       0x34 ./Drivers/STM32H7xx_HAL_Driver/Src/stm32h7xx_hal_cortex.o
                0x00000000080018a2                HAL_NVIC_SetPriority
 .text.HAL_NVIC_EnableIRQ
                0x00000000080018d6       0x1c ./Drivers/STM32H7xx_HAL_Driver/Src/stm32h7xx_hal_cortex.o
                0x00000000080018d6                HAL_NVIC_EnableIRQ
 .text.HAL_SYSTICK_Config
                0x00000000080018f2       0x18 ./Drivers/STM32H7xx_HAL_Driver/Src/stm32h7xx_hal_cortex.o
                0x00000000080018f2                HAL_SYSTICK_Config
 *fill*         0x000000000800190a        0x2 
 .text.HAL_GPIO_Init
                0x000000000800190c      0x350 ./Drivers/STM32H7xx_HAL_Driver/Src/stm32h7xx_hal_gpio.o
                0x000000000800190c                HAL_GPIO_Init
 .text.HAL_GPIO_WritePin
                0x0000000008001c5c       0x32 ./Drivers/STM32H7xx_HAL_Driver/Src/stm32h7xx_hal_gpio.o
                0x0000000008001c5c                HAL_GPIO_WritePin
 .text.HAL_PCD_Init
                0x0000000008001c8e      0x248 ./Drivers/STM32H7xx_HAL_Driver/Src/stm32h7xx_hal_pcd.o
                0x0000000008001c8e                HAL_PCD_Init
 *fill*         0x0000000008001ed6        0x2 
 .text.HAL_PCDEx_ActivateLPM
                0x0000000008001ed8       0x48 ./Drivers/STM32H7xx_HAL_Driver/Src/stm32h7xx_hal_pcd_ex.o
                0x0000000008001ed8                HAL_PCDEx_ActivateLPM
 .text.HAL_PWREx_ConfigSupply
                0x0000000008001f20       0x74 ./Drivers/STM32H7xx_HAL_Driver/Src/stm32h7xx_hal_pwr_ex.o
                0x0000000008001f20                HAL_PWREx_ConfigSupply
 .text.HAL_PWREx_EnableUSBVoltageDetector
                0x0000000008001f94       0x20 ./Drivers/STM32H7xx_HAL_Driver/Src/stm32h7xx_hal_pwr_ex.o
                0x0000000008001f94                HAL_PWREx_EnableUSBVoltageDetector
 .text.HAL_RCC_OscConfig
                0x0000000008001fb4      0x7b4 ./Drivers/STM32H7xx_HAL_Driver/Src/stm32h7xx_hal_rcc.o
                0x0000000008001fb4                HAL_RCC_OscConfig
 .text.HAL_RCC_ClockConfig
                0x0000000008002768      0x36c ./Drivers/STM32H7xx_HAL_Driver/Src/stm32h7xx_hal_rcc.o
                0x0000000008002768                HAL_RCC_ClockConfig
 .text.HAL_RCC_GetSysClockFreq
                0x0000000008002ad4      0x2f4 ./Drivers/STM32H7xx_HAL_Driver/Src/stm32h7xx_hal_rcc.o
                0x0000000008002ad4                HAL_RCC_GetSysClockFreq
 .text.HAL_RCCEx_PeriphCLKConfig
                0x0000000008002dc8     0x1340 ./Drivers/STM32H7xx_HAL_Driver/Src/stm32h7xx_hal_rcc_ex.o
                0x0000000008002dc8                HAL_RCCEx_PeriphCLKConfig
 .text.RCCEx_PLL2_Config
                0x0000000008004108      0x164 ./Drivers/STM32H7xx_HAL_Driver/Src/stm32h7xx_hal_rcc_ex.o
 .text.RCCEx_PLL3_Config
                0x000000000800426c      0x164 ./Drivers/STM32H7xx_HAL_Driver/Src/stm32h7xx_hal_rcc_ex.o
 .text.HAL_TIM_Base_Init
                0x00000000080043d0       0xae ./Drivers/STM32H7xx_HAL_Driver/Src/stm32h7xx_hal_tim.o
                0x00000000080043d0                HAL_TIM_Base_Init
 *fill*         0x000000000800447e        0x2 
 .text.HAL_TIM_Base_Start_IT
                0x0000000008004480      0x10c ./Drivers/STM32H7xx_HAL_Driver/Src/stm32h7xx_hal_tim.o
                0x0000000008004480                HAL_TIM_Base_Start_IT
 .text.HAL_TIM_IRQHandler
                0x000000000800458c      0x23e ./Drivers/STM32H7xx_HAL_Driver/Src/stm32h7xx_hal_tim.o
                0x000000000800458c                HAL_TIM_IRQHandler
 .text.HAL_TIM_OC_DelayElapsedCallback
                0x00000000080047ca       0x14 ./Drivers/STM32H7xx_HAL_Driver/Src/stm32h7xx_hal_tim.o
                0x00000000080047ca                HAL_TIM_OC_DelayElapsedCallback
 .text.HAL_TIM_IC_CaptureCallback
                0x00000000080047de       0x14 ./Drivers/STM32H7xx_HAL_Driver/Src/stm32h7xx_hal_tim.o
                0x00000000080047de                HAL_TIM_IC_CaptureCallback
 .text.HAL_TIM_PWM_PulseFinishedCallback
                0x00000000080047f2       0x14 ./Drivers/STM32H7xx_HAL_Driver/Src/stm32h7xx_hal_tim.o
                0x00000000080047f2                HAL_TIM_PWM_PulseFinishedCallback
 .text.HAL_TIM_TriggerCallback
                0x0000000008004806       0x14 ./Drivers/STM32H7xx_HAL_Driver/Src/stm32h7xx_hal_tim.o
                0x0000000008004806                HAL_TIM_TriggerCallback
 *fill*         0x000000000800481a        0x2 
 .text.TIM_Base_SetConfig
                0x000000000800481c      0x14c ./Drivers/STM32H7xx_HAL_Driver/Src/stm32h7xx_hal_tim.o
                0x000000000800481c                TIM_Base_SetConfig
 .text.HAL_TIMEx_MasterConfigSynchronization
                0x0000000008004968      0x138 ./Drivers/STM32H7xx_HAL_Driver/Src/stm32h7xx_hal_tim_ex.o
                0x0000000008004968                HAL_TIMEx_MasterConfigSynchronization
 .text.HAL_TIMEx_CommutCallback
                0x0000000008004aa0       0x14 ./Drivers/STM32H7xx_HAL_Driver/Src/stm32h7xx_hal_tim_ex.o
                0x0000000008004aa0                HAL_TIMEx_CommutCallback
 .text.HAL_TIMEx_BreakCallback
                0x0000000008004ab4       0x14 ./Drivers/STM32H7xx_HAL_Driver/Src/stm32h7xx_hal_tim_ex.o
                0x0000000008004ab4                HAL_TIMEx_BreakCallback
 .text.HAL_TIMEx_Break2Callback
                0x0000000008004ac8       0x14 ./Drivers/STM32H7xx_HAL_Driver/Src/stm32h7xx_hal_tim_ex.o
                0x0000000008004ac8                HAL_TIMEx_Break2Callback
 .text.USB_CoreInit
                0x0000000008004adc       0xdc ./Drivers/STM32H7xx_HAL_Driver/Src/stm32h7xx_ll_usb.o
                0x0000000008004adc                USB_CoreInit
 .text.USB_DisableGlobalInt
                0x0000000008004bb8       0x22 ./Drivers/STM32H7xx_HAL_Driver/Src/stm32h7xx_ll_usb.o
                0x0000000008004bb8                USB_DisableGlobalInt
 .text.USB_SetCurrentMode
                0x0000000008004bda       0x98 ./Drivers/STM32H7xx_HAL_Driver/Src/stm32h7xx_ll_usb.o
                0x0000000008004bda                USB_SetCurrentMode
 *fill*         0x0000000008004c72        0x2 
 .text.USB_DevInit
                0x0000000008004c74      0x2bc ./Drivers/STM32H7xx_HAL_Driver/Src/stm32h7xx_ll_usb.o
                0x0000000008004c74                USB_DevInit
 .text.USB_FlushTxFifo
                0x0000000008004f30       0x68 ./Drivers/STM32H7xx_HAL_Driver/Src/stm32h7xx_ll_usb.o
                0x0000000008004f30                USB_FlushTxFifo
 .text.USB_FlushRxFifo
                0x0000000008004f98       0x60 ./Drivers/STM32H7xx_HAL_Driver/Src/stm32h7xx_ll_usb.o
                0x0000000008004f98                USB_FlushRxFifo
 .text.USB_SetDevSpeed
                0x0000000008004ff8       0x32 ./Drivers/STM32H7xx_HAL_Driver/Src/stm32h7xx_ll_usb.o
                0x0000000008004ff8                USB_SetDevSpeed
 .text.USB_DevDisconnect
                0x000000000800502a       0x42 ./Drivers/STM32H7xx_HAL_Driver/Src/stm32h7xx_ll_usb.o
                0x000000000800502a                USB_DevDisconnect
 .text.USB_GetMode
                0x000000000800506c       0x1c ./Drivers/STM32H7xx_HAL_Driver/Src/stm32h7xx_ll_usb.o
                0x000000000800506c                USB_GetMode
 .text.USB_CoreReset
                0x0000000008005088       0x68 ./Drivers/STM32H7xx_HAL_Driver/Src/stm32h7xx_ll_usb.o
 .text.tud_audio_n_read
                0x00000000080050f0       0x58 ./tinyusb-master/src/class/audio/audio_device.o
                0x00000000080050f0                tud_audio_n_read
 .text.audiod_rx_done_cb
                0x0000000008005148       0xec ./tinyusb-master/src/class/audio/audio_device.o
 .text.tud_audio_n_write
                0x0000000008005234       0x5c ./tinyusb-master/src/class/audio/audio_device.o
                0x0000000008005234                tud_audio_n_write
 .text.audiod_tx_done_cb
                0x0000000008005290      0x100 ./tinyusb-master/src/class/audio/audio_device.o
 .text.audiod_init
                0x0000000008005390       0xb0 ./tinyusb-master/src/class/audio/audio_device.o
                0x0000000008005390                audiod_init
 .text.audiod_reset
                0x0000000008005440       0x58 ./tinyusb-master/src/class/audio/audio_device.o
                0x0000000008005440                audiod_reset
 .text.audiod_open
                0x0000000008005498      0x104 ./tinyusb-master/src/class/audio/audio_device.o
                0x0000000008005498                audiod_open
 .text.audiod_get_interface
                0x000000000800559c       0x7c ./tinyusb-master/src/class/audio/audio_device.o
 .text.audiod_set_interface
                0x0000000008005618      0x32c ./tinyusb-master/src/class/audio/audio_device.o
 .text.audiod_control_complete
                0x0000000008005944      0x174 ./tinyusb-master/src/class/audio/audio_device.o
 .text.audiod_control_request
                0x0000000008005ab8      0x200 ./tinyusb-master/src/class/audio/audio_device.o
 .text.audiod_control_xfer_cb
                0x0000000008005cb8       0x42 ./tinyusb-master/src/class/audio/audio_device.o
                0x0000000008005cb8                audiod_control_xfer_cb
 *fill*         0x0000000008005cfa        0x2 
 .text.audiod_xfer_cb
                0x0000000008005cfc       0xa0 ./tinyusb-master/src/class/audio/audio_device.o
                0x0000000008005cfc                audiod_xfer_cb
 .text.audiod_sof_isr
                0x0000000008005d9c       0x18 ./tinyusb-master/src/class/audio/audio_device.o
                0x0000000008005d9c                audiod_sof_isr
 .text.tud_audio_buffer_and_schedule_control_xfer
                0x0000000008005db4      0x19c ./tinyusb-master/src/class/audio/audio_device.o
                0x0000000008005db4                tud_audio_buffer_and_schedule_control_xfer
 .text.audiod_get_AS_interface_index
                0x0000000008005f50       0xb8 ./tinyusb-master/src/class/audio/audio_device.o
 .text.audiod_get_AS_interface_index_global
                0x0000000008006008       0x58 ./tinyusb-master/src/class/audio/audio_device.o
 .text.audiod_verify_entity_exists
                0x0000000008006060       0xf0 ./tinyusb-master/src/class/audio/audio_device.o
 .text.audiod_verify_itf_exists
                0x0000000008006150       0xd4 ./tinyusb-master/src/class/audio/audio_device.o
 .text.audiod_verify_ep_exists
                0x0000000008006224       0xf4 ./tinyusb-master/src/class/audio/audio_device.o
 .text.audiod_get_audio_fct_idx
                0x0000000008006318       0x44 ./tinyusb-master/src/class/audio/audio_device.o
 .text._prep_out_transaction
                0x000000000800635c       0x84 ./tinyusb-master/src/class/cdc/cdc_device.o
 .text.tud_cdc_n_connected
                0x00000000080063e0       0x80 ./tinyusb-master/src/class/cdc/cdc_device.o
                0x00000000080063e0                tud_cdc_n_connected
 .text.tud_cdc_n_available
                0x0000000008006460       0x30 ./tinyusb-master/src/class/cdc/cdc_device.o
                0x0000000008006460                tud_cdc_n_available
 .text.tud_cdc_n_read
                0x0000000008006490       0x48 ./tinyusb-master/src/class/cdc/cdc_device.o
                0x0000000008006490                tud_cdc_n_read
 .text.tud_cdc_n_write
                0x00000000080064d8       0x58 ./tinyusb-master/src/class/cdc/cdc_device.o
                0x00000000080064d8                tud_cdc_n_write
 .text.tud_cdc_n_write_flush
                0x0000000008006530       0xf8 ./tinyusb-master/src/class/cdc/cdc_device.o
                0x0000000008006530                tud_cdc_n_write_flush
 .text.tud_cdc_n_write_available
                0x0000000008006628       0x30 ./tinyusb-master/src/class/cdc/cdc_device.o
                0x0000000008006628                tud_cdc_n_write_available
 .text.cdcd_init
                0x0000000008006658       0x94 ./tinyusb-master/src/class/cdc/cdc_device.o
                0x0000000008006658                cdcd_init
 .text.cdcd_reset
                0x00000000080066ec       0x64 ./tinyusb-master/src/class/cdc/cdc_device.o
                0x00000000080066ec                cdcd_reset
 .text.cdcd_open
                0x0000000008006750      0x1f8 ./tinyusb-master/src/class/cdc/cdc_device.o
                0x0000000008006750                cdcd_open
 .text.cdcd_control_xfer_cb
                0x0000000008006948      0x1dc ./tinyusb-master/src/class/cdc/cdc_device.o
                0x0000000008006948                cdcd_control_xfer_cb
 .text.cdcd_xfer_cb
                0x0000000008006b24      0x18c ./tinyusb-master/src/class/cdc/cdc_device.o
                0x0000000008006b24                cdcd_xfer_cb
 .text.tu_fifo_config
                0x0000000008006cb0       0x66 ./tinyusb-master/src/common/tusb_fifo.o
                0x0000000008006cb0                tu_fifo_config
 .text._ff_push_const_addr
                0x0000000008006d16       0x68 ./tinyusb-master/src/common/tusb_fifo.o
 .text._ff_pull_const_addr
                0x0000000008006d7e       0x66 ./tinyusb-master/src/common/tusb_fifo.o
 .text._ff_push
                0x0000000008006de4       0x3e ./tinyusb-master/src/common/tusb_fifo.o
 .text._ff_push_n
                0x0000000008006e22      0x1bc ./tinyusb-master/src/common/tusb_fifo.o
 .text._ff_pull
                0x0000000008006fde       0x3e ./tinyusb-master/src/common/tusb_fifo.o
 .text._ff_pull_n
                0x000000000800701c      0x1c0 ./tinyusb-master/src/common/tusb_fifo.o
 .text.advance_index
                0x00000000080071dc       0x4c ./tinyusb-master/src/common/tusb_fifo.o
 .text._tu_fifo_peek
                0x0000000008007228       0xcc ./tinyusb-master/src/common/tusb_fifo.o
 .text._tu_fifo_peek_n
                0x00000000080072f4       0xe0 ./tinyusb-master/src/common/tusb_fifo.o
 .text._tu_fifo_write_n
                0x00000000080073d4      0x1a2 ./tinyusb-master/src/common/tusb_fifo.o
 .text._tu_fifo_read_n
                0x0000000008007576       0x5e ./tinyusb-master/src/common/tusb_fifo.o
 .text.tu_fifo_count
                0x00000000080075d4       0x64 ./tinyusb-master/src/common/tusb_fifo.o
                0x00000000080075d4                tu_fifo_count
 .text.tu_fifo_empty
                0x0000000008007638       0x2a ./tinyusb-master/src/common/tusb_fifo.o
                0x0000000008007638                tu_fifo_empty
 .text.tu_fifo_full
                0x0000000008007662       0x5c ./tinyusb-master/src/common/tusb_fifo.o
                0x0000000008007662                tu_fifo_full
 .text.tu_fifo_remaining
                0x00000000080076be       0x70 ./tinyusb-master/src/common/tusb_fifo.o
                0x00000000080076be                tu_fifo_remaining
 .text.tu_fifo_read
                0x000000000800772e       0x48 ./tinyusb-master/src/common/tusb_fifo.o
                0x000000000800772e                tu_fifo_read
 .text.tu_fifo_read_n
                0x0000000008007776       0x24 ./tinyusb-master/src/common/tusb_fifo.o
                0x0000000008007776                tu_fifo_read_n
 .text.tu_fifo_read_n_const_addr_full_words
                0x000000000800779a       0x24 ./tinyusb-master/src/common/tusb_fifo.o
                0x000000000800779a                tu_fifo_read_n_const_addr_full_words
 .text.tu_fifo_write
                0x00000000080077be       0x86 ./tinyusb-master/src/common/tusb_fifo.o
                0x00000000080077be                tu_fifo_write
 .text.tu_fifo_write_n
                0x0000000008007844       0x24 ./tinyusb-master/src/common/tusb_fifo.o
                0x0000000008007844                tu_fifo_write_n
 .text.tu_fifo_write_n_const_addr_full_words
                0x0000000008007868       0x24 ./tinyusb-master/src/common/tusb_fifo.o
                0x0000000008007868                tu_fifo_write_n_const_addr_full_words
 .text.tu_fifo_clear
                0x000000000800788c       0x22 ./tinyusb-master/src/common/tusb_fifo.o
                0x000000000800788c                tu_fifo_clear
 .text.tu_fifo_set_overwritable
                0x00000000080078ae       0x26 ./tinyusb-master/src/common/tusb_fifo.o
                0x00000000080078ae                tu_fifo_set_overwritable
 .text.get_driver
                0x00000000080078d4       0x6c ./tinyusb-master/src/device/usbd.o
 .text.tud_mounted
                0x0000000008007940       0x24 ./tinyusb-master/src/device/usbd.o
                0x0000000008007940                tud_mounted
 .text.tud_suspended
                0x0000000008007964       0x28 ./tinyusb-master/src/device/usbd.o
                0x0000000008007964                tud_suspended
 .text.tud_inited
                0x000000000800798c       0x20 ./tinyusb-master/src/device/usbd.o
                0x000000000800798c                tud_inited
 .text.tud_init
                0x00000000080079ac       0xec ./tinyusb-master/src/device/usbd.o
                0x00000000080079ac                tud_init
 .text.configuration_reset
                0x0000000008007a98       0x8c ./tinyusb-master/src/device/usbd.o
 .text.usbd_reset
                0x0000000008007b24       0x1e ./tinyusb-master/src/device/usbd.o
 *fill*         0x0000000008007b42        0x2 
 .text.tud_task_ext
                0x0000000008007b44      0x2a4 ./tinyusb-master/src/device/usbd.o
                0x0000000008007b44                tud_task_ext
 .text.invoke_class_control
                0x0000000008007de8       0x2e ./tinyusb-master/src/device/usbd.o
 *fill*         0x0000000008007e16        0x2 
 .text.process_control_request
                0x0000000008007e18      0x4d8 ./tinyusb-master/src/device/usbd.o
 .text.process_set_config
                0x00000000080082f0      0x238 ./tinyusb-master/src/device/usbd.o
 .text.process_get_descriptor
                0x0000000008008528      0x1d0 ./tinyusb-master/src/device/usbd.o
 .text.dcd_event_handler
                0x00000000080086f8      0x3ec ./tinyusb-master/src/device/usbd.o
                0x00000000080086f8                dcd_event_handler
 .text.usbd_int_set
                0x0000000008008ae4       0x34 ./tinyusb-master/src/device/usbd.o
                0x0000000008008ae4                usbd_int_set
 .text.usbd_open_edpt_pair
                0x0000000008008b18       0xd0 ./tinyusb-master/src/device/usbd.o
                0x0000000008008b18                usbd_open_edpt_pair
 .text.usbd_edpt_open
                0x0000000008008be8       0x88 ./tinyusb-master/src/device/usbd.o
                0x0000000008008be8                usbd_edpt_open
 .text.usbd_edpt_claim
                0x0000000008008c70       0x54 ./tinyusb-master/src/device/usbd.o
                0x0000000008008c70                usbd_edpt_claim
 .text.usbd_edpt_release
                0x0000000008008cc4       0x54 ./tinyusb-master/src/device/usbd.o
                0x0000000008008cc4                usbd_edpt_release
 .text.usbd_edpt_xfer
                0x0000000008008d18       0xec ./tinyusb-master/src/device/usbd.o
                0x0000000008008d18                usbd_edpt_xfer
 .text.usbd_edpt_xfer_fifo
                0x0000000008008e04       0xec ./tinyusb-master/src/device/usbd.o
                0x0000000008008e04                usbd_edpt_xfer_fifo
 .text.usbd_edpt_stall
                0x0000000008008ef0       0x98 ./tinyusb-master/src/device/usbd.o
                0x0000000008008ef0                usbd_edpt_stall
 .text.usbd_edpt_clear_stall
                0x0000000008008f88       0x98 ./tinyusb-master/src/device/usbd.o
                0x0000000008008f88                usbd_edpt_clear_stall
 .text.usbd_edpt_stalled
                0x0000000008009020       0x5c ./tinyusb-master/src/device/usbd.o
                0x0000000008009020                usbd_edpt_stalled
 .text.usbd_edpt_close
                0x000000000800907c       0xb8 ./tinyusb-master/src/device/usbd.o
                0x000000000800907c                usbd_edpt_close
 .text._status_stage_xact
                0x0000000008009134       0x38 ./tinyusb-master/src/device/usbd_control.o
 .text.tud_control_status
                0x000000000800916c       0x40 ./tinyusb-master/src/device/usbd_control.o
                0x000000000800916c                tud_control_status
 .text._data_stage_xact
                0x00000000080091ac       0xa4 ./tinyusb-master/src/device/usbd_control.o
 .text.tud_control_xfer
                0x0000000008009250       0xe0 ./tinyusb-master/src/device/usbd_control.o
                0x0000000008009250                tud_control_xfer
 .text.usbd_control_reset
                0x0000000008009330       0x18 ./tinyusb-master/src/device/usbd_control.o
                0x0000000008009330                usbd_control_reset
 .text.usbd_control_set_complete_callback
                0x0000000008009348       0x20 ./tinyusb-master/src/device/usbd_control.o
                0x0000000008009348                usbd_control_set_complete_callback
 .text.usbd_control_set_request
                0x0000000008009368       0x34 ./tinyusb-master/src/device/usbd_control.o
                0x0000000008009368                usbd_control_set_request
 .text.usbd_control_xfer_cb
                0x000000000800939c      0x170 ./tinyusb-master/src/device/usbd_control.o
                0x000000000800939c                usbd_control_xfer_cb
 .text.__NVIC_EnableIRQ
                0x000000000800950c       0x3c ./tinyusb-master/src/portable/st/synopsys/dcd_synopsys.o
 .text.__NVIC_DisableIRQ
                0x0000000008009548       0x48 ./tinyusb-master/src/portable/st/synopsys/dcd_synopsys.o
 .text.calc_rx_ff_size
                0x0000000008009590       0x24 ./tinyusb-master/src/portable/st/synopsys/dcd_synopsys.o
 .text.update_grxfsiz
                0x00000000080095b4       0x68 ./tinyusb-master/src/portable/st/synopsys/dcd_synopsys.o
 .text.bus_reset
                0x000000000800961c       0xf4 ./tinyusb-master/src/portable/st/synopsys/dcd_synopsys.o
 .text.set_turnaround
                0x0000000008009710      0x104 ./tinyusb-master/src/portable/st/synopsys/dcd_synopsys.o
 .text.get_speed
                0x0000000008009814       0x38 ./tinyusb-master/src/portable/st/synopsys/dcd_synopsys.o
 .text.set_speed
                0x000000000800984c       0x58 ./tinyusb-master/src/portable/st/synopsys/dcd_synopsys.o
 .text.edpt_schedule_packets
                0x00000000080098a4      0x1e4 ./tinyusb-master/src/portable/st/synopsys/dcd_synopsys.o
 .text.dcd_init
                0x0000000008009a88       0xd0 ./tinyusb-master/src/portable/st/synopsys/dcd_synopsys.o
                0x0000000008009a88                dcd_init
 .text.dcd_int_enable
                0x0000000008009b58       0x18 ./tinyusb-master/src/portable/st/synopsys/dcd_synopsys.o
                0x0000000008009b58                dcd_int_enable
 .text.dcd_int_disable
                0x0000000008009b70       0x18 ./tinyusb-master/src/portable/st/synopsys/dcd_synopsys.o
                0x0000000008009b70                dcd_int_disable
 .text.dcd_set_address
                0x0000000008009b88       0x5c ./tinyusb-master/src/portable/st/synopsys/dcd_synopsys.o
                0x0000000008009b88                dcd_set_address
 .text.dcd_connect
                0x0000000008009be4       0x2c ./tinyusb-master/src/portable/st/synopsys/dcd_synopsys.o
                0x0000000008009be4                dcd_connect
 .text.dcd_edpt_open
                0x0000000008009c10      0x234 ./tinyusb-master/src/portable/st/synopsys/dcd_synopsys.o
                0x0000000008009c10                dcd_edpt_open
 .text.dcd_edpt_close_all
                0x0000000008009e44       0x8c ./tinyusb-master/src/portable/st/synopsys/dcd_synopsys.o
                0x0000000008009e44                dcd_edpt_close_all
 .text.dcd_edpt_xfer
                0x0000000008009ed0       0xd0 ./tinyusb-master/src/portable/st/synopsys/dcd_synopsys.o
                0x0000000008009ed0                dcd_edpt_xfer
 .text.dcd_edpt_xfer_fifo
                0x0000000008009fa0       0xcc ./tinyusb-master/src/portable/st/synopsys/dcd_synopsys.o
                0x0000000008009fa0                dcd_edpt_xfer_fifo
 .text.dcd_edpt_disable
                0x000000000800a06c      0x1dc ./tinyusb-master/src/portable/st/synopsys/dcd_synopsys.o
 .text.dcd_edpt_close
                0x000000000800a248       0xcc ./tinyusb-master/src/portable/st/synopsys/dcd_synopsys.o
                0x000000000800a248                dcd_edpt_close
 .text.dcd_edpt_stall
                0x000000000800a314       0x24 ./tinyusb-master/src/portable/st/synopsys/dcd_synopsys.o
                0x000000000800a314                dcd_edpt_stall
 .text.dcd_edpt_clear_stall
                0x000000000800a338       0xb0 ./tinyusb-master/src/portable/st/synopsys/dcd_synopsys.o
                0x000000000800a338                dcd_edpt_clear_stall
 .text.read_fifo_packet
                0x000000000800a3e8       0xb8 ./tinyusb-master/src/portable/st/synopsys/dcd_synopsys.o
 .text.write_fifo_packet
                0x000000000800a4a0       0xcc ./tinyusb-master/src/portable/st/synopsys/dcd_synopsys.o
 .text.handle_rxflvl_ints
                0x000000000800a56c      0x150 ./tinyusb-master/src/portable/st/synopsys/dcd_synopsys.o
 .text.handle_epout_ints
                0x000000000800a6bc      0x174 ./tinyusb-master/src/portable/st/synopsys/dcd_synopsys.o
 .text.handle_epin_ints
                0x000000000800a830      0x214 ./tinyusb-master/src/portable/st/synopsys/dcd_synopsys.o
 .text.dcd_int_handler
                0x000000000800aa44      0x29c ./tinyusb-master/src/portable/st/synopsys/dcd_synopsys.o
                0x000000000800aa44                dcd_int_handler
 .text.tusb_init
                0x000000000800ace0       0x3c ./tinyusb-master/src/tusb.o
                0x000000000800ace0                tusb_init
 .text.tu_edpt_claim
                0x000000000800ad1c       0x74 ./tinyusb-master/src/tusb.o
                0x000000000800ad1c                tu_edpt_claim
 .text.tu_edpt_release
                0x000000000800ad90       0x54 ./tinyusb-master/src/tusb.o
                0x000000000800ad90                tu_edpt_release
 .text.tu_edpt_validate
                0x000000000800ade4       0xf8 ./tinyusb-master/src/tusb.o
                0x000000000800ade4                tu_edpt_validate
 .text.tu_edpt_bind_driver
                0x000000000800aedc       0x8a ./tinyusb-master/src/tusb.o
                0x000000000800aedc                tu_edpt_bind_driver
 *fill*         0x000000000800af66        0x2 
 .text.__errno  0x000000000800af68        0xc c:/st/stm32cubeide_1.3.0/stm32cubeide/plugins/com.st.stm32cube.ide.mcu.externaltools.gnu-tools-for-stm32.10.3-2021.10.win32_1.0.200.202301161003/tools/bin/../lib/gcc/arm-none-eabi/10.3.1/../../../../arm-none-eabi/lib/thumb/v7e-m+dp/hard\libc_nano.a(lib_a-errno.o)
                0x000000000800af68                __errno
 .text.__libc_init_array
                0x000000000800af74       0x48 c:/st/stm32cubeide_1.3.0/stm32cubeide/plugins/com.st.stm32cube.ide.mcu.externaltools.gnu-tools-for-stm32.10.3-2021.10.win32_1.0.200.202301161003/tools/bin/../lib/gcc/arm-none-eabi/10.3.1/../../../../arm-none-eabi/lib/thumb/v7e-m+dp/hard\libc_nano.a(lib_a-init.o)
                0x000000000800af74                __libc_init_array
 .text.memcpy   0x000000000800afbc       0x1c c:/st/stm32cubeide_1.3.0/stm32cubeide/plugins/com.st.stm32cube.ide.mcu.externaltools.gnu-tools-for-stm32.10.3-2021.10.win32_1.0.200.202301161003/tools/bin/../lib/gcc/arm-none-eabi/10.3.1/../../../../arm-none-eabi/lib/thumb/v7e-m+dp/hard\libc_nano.a(lib_a-memcpy-stub.o)
                0x000000000800afbc                memcpy
 .text.memset   0x000000000800afd8       0x10 c:/st/stm32cubeide_1.3.0/stm32cubeide/plugins/com.st.stm32cube.ide.mcu.externaltools.gnu-tools-for-stm32.10.3-2021.10.win32_1.0.200.202301161003/tools/bin/../lib/gcc/arm-none-eabi/10.3.1/../../../../arm-none-eabi/lib/thumb/v7e-m+dp/hard\libc_nano.a(lib_a-memset.o)
                0x000000000800afd8                memset
 .text.sinf_poly
                0x000000000800afe8       0x54 c:/st/stm32cubeide_1.3.0/stm32cubeide/plugins/com.st.stm32cube.ide.mcu.externaltools.gnu-tools-for-stm32.10.3-2021.10.win32_1.0.200.202301161003/tools/bin/../lib/gcc/arm-none-eabi/10.3.1/../../../../arm-none-eabi/lib/thumb/v7e-m+dp/hard\libm.a(lib_a-sinf.o)
 *fill*         0x000000000800b03c        0x4 
 .text.sinf     0x000000000800b040      0x130 c:/st/stm32cubeide_1.3.0/stm32cubeide/plugins/com.st.stm32cube.ide.mcu.externaltools.gnu-tools-for-stm32.10.3-2021.10.win32_1.0.200.202301161003/tools/bin/../lib/gcc/arm-none-eabi/10.3.1/../../../../arm-none-eabi/lib/thumb/v7e-m+dp/hard\libm.a(lib_a-sinf.o)
                0x000000000800b040                sinf
 .text.with_errnof
                0x000000000800b170       0x16 c:/st/stm32cubeide_1.3.0/stm32cubeide/plugins/com.st.stm32cube.ide.mcu.externaltools.gnu-tools-for-stm32.10.3-2021.10.win32_1.0.200.202301161003/tools/bin/../lib/gcc/arm-none-eabi/10.3.1/../../../../arm-none-eabi/lib/thumb/v7e-m+dp/hard\libm.a(lib_a-math_errf.o)
 .text.__math_invalidf
                0x000000000800b186       0x1e c:/st/stm32cubeide_1.3.0/stm32cubeide/plugins/com.st.stm32cube.ide.mcu.externaltools.gnu-tools-for-stm32.10.3-2021.10.win32_1.0.200.202301161003/tools/bin/../lib/gcc/arm-none-eabi/10.3.1/../../../../arm-none-eabi/lib/thumb/v7e-m+dp/hard\libm.a(lib_a-math_errf.o)
                0x000000000800b186                __math_invalidf
 *(.glue_7)
 .glue_7        0x000000000800b1a4        0x0 linker stubs
 *(.glue_7t)
 .glue_7t       0x000000000800b1a4        0x0 linker stubs
 *(.eh_frame)
 .eh_frame      0x000000000800b1a4        0x0 c:/st/stm32cubeide_1.3.0/stm32cubeide/plugins/com.st.stm32cube.ide.mcu.externaltools.gnu-tools-for-stm32.10.3-2021.10.win32_1.0.200.202301161003/tools/bin/../lib/gcc/arm-none-eabi/10.3.1/thumb/v7e-m+dp/hard/crtbegin.o
 *(.init)
 .init          0x000000000800b1a4        0x4 c:/st/stm32cubeide_1.3.0/stm32cubeide/plugins/com.st.stm32cube.ide.mcu.externaltools.gnu-tools-for-stm32.10.3-2021.10.win32_1.0.200.202301161003/tools/bin/../lib/gcc/arm-none-eabi/10.3.1/thumb/v7e-m+dp/hard/crti.o
                0x000000000800b1a4                _init
 .init          0x000000000800b1a8        0x8 c:/st/stm32cubeide_1.3.0/stm32cubeide/plugins/com.st.stm32cube.ide.mcu.externaltools.gnu-tools-for-stm32.10.3-2021.10.win32_1.0.200.202301161003/tools/bin/../lib/gcc/arm-none-eabi/10.3.1/thumb/v7e-m+dp/hard/crtn.o
 *(.fini)
 .fini          0x000000000800b1b0        0x4 c:/st/stm32cubeide_1.3.0/stm32cubeide/plugins/com.st.stm32cube.ide.mcu.externaltools.gnu-tools-for-stm32.10.3-2021.10.win32_1.0.200.202301161003/tools/bin/../lib/gcc/arm-none-eabi/10.3.1/thumb/v7e-m+dp/hard/crti.o
                0x000000000800b1b0                _fini
 .fini          0x000000000800b1b4        0x8 c:/st/stm32cubeide_1.3.0/stm32cubeide/plugins/com.st.stm32cube.ide.mcu.externaltools.gnu-tools-for-stm32.10.3-2021.10.win32_1.0.200.202301161003/tools/bin/../lib/gcc/arm-none-eabi/10.3.1/thumb/v7e-m+dp/hard/crtn.o
                0x000000000800b1bc                . = ALIGN (0x4)
                0x000000000800b1bc                _etext = .

.vfp11_veneer   0x000000000800b1bc        0x0
 .vfp11_veneer  0x000000000800b1bc        0x0 linker stubs

.v4_bx          0x000000000800b1bc        0x0
 .v4_bx         0x000000000800b1bc        0x0 linker stubs

.iplt           0x000000000800b1bc        0x0
 .iplt          0x000000000800b1bc        0x0 c:/st/stm32cubeide_1.3.0/stm32cubeide/plugins/com.st.stm32cube.ide.mcu.externaltools.gnu-tools-for-stm32.10.3-2021.10.win32_1.0.200.202301161003/tools/bin/../lib/gcc/arm-none-eabi/10.3.1/thumb/v7e-m+dp/hard/crtbegin.o

.rodata         0x000000000800b1c0      0x398
                0x000000000800b1c0                . = ALIGN (0x4)
 *(.rodata)
 .rodata        0x000000000800b1c0       0x13 ./Core/Src/main.o
 *fill*         0x000000000800b1d3        0x1 
 .rodata        0x000000000800b1d4       0x54 ./Core/Src/usb_descriptors.o
 *(.rodata*)
 .rodata.sample_rates
                0x000000000800b228       0x10 ./Core/Src/main.o
                0x000000000800b228                sample_rates
 .rodata.resolutions_per_format
                0x000000000800b238        0x2 ./Core/Src/main.o
                0x000000000800b238                resolutions_per_format
 *fill*         0x000000000800b23a        0x2 
 .rodata.D1CorePrescTable
                0x000000000800b23c       0x10 ./Core/Src/system_stm32h7xx.o
                0x000000000800b23c                D1CorePrescTable
 .rodata.desc_device
                0x000000000800b24c       0x12 ./Core/Src/usb_descriptors.o
                0x000000000800b24c                desc_device
 *fill*         0x000000000800b25e        0x2 
 .rodata.desc_configuration
                0x000000000800b260      0x183 ./Core/Src/usb_descriptors.o
                0x000000000800b260                desc_configuration
 *fill*         0x000000000800b3e3        0x1 
 .rodata.__compound_literal.0
                0x000000000800b3e4        0x2 ./Core/Src/usb_descriptors.o
 *fill*         0x000000000800b3e6        0x2 
 .rodata._usbd_driver
                0x000000000800b3e8       0x30 ./tinyusb-master/src/device/usbd.o
 .rodata.__inv_pio4
                0x000000000800b418       0x60 c:/st/stm32cubeide_1.3.0/stm32cubeide/plugins/com.st.stm32cube.ide.mcu.externaltools.gnu-tools-for-stm32.10.3-2021.10.win32_1.0.200.202301161003/tools/bin/../lib/gcc/arm-none-eabi/10.3.1/../../../../arm-none-eabi/lib/thumb/v7e-m+dp/hard\libm.a(lib_a-sincosf_data.o)
                0x000000000800b418                __inv_pio4
 .rodata.__sincosf_table
                0x000000000800b478       0xe0 c:/st/stm32cubeide_1.3.0/stm32cubeide/plugins/com.st.stm32cube.ide.mcu.externaltools.gnu-tools-for-stm32.10.3-2021.10.win32_1.0.200.202301161003/tools/bin/../lib/gcc/arm-none-eabi/10.3.1/../../../../arm-none-eabi/lib/thumb/v7e-m+dp/hard\libm.a(lib_a-sincosf_data.o)
                0x000000000800b478                __sincosf_table
                0x000000000800b558                . = ALIGN (0x4)

.rel.dyn        0x000000000800b558        0x0
 .rel.iplt      0x000000000800b558        0x0 c:/st/stm32cubeide_1.3.0/stm32cubeide/plugins/com.st.stm32cube.ide.mcu.externaltools.gnu-tools-for-stm32.10.3-2021.10.win32_1.0.200.202301161003/tools/bin/../lib/gcc/arm-none-eabi/10.3.1/thumb/v7e-m+dp/hard/crtbegin.o

.ARM.extab
 *(.ARM.extab* .gnu.linkonce.armextab.*)

.ARM            0x000000000800b558        0x0
                0x000000000800b558                __exidx_start = .
 *(.ARM.exidx*)
                0x000000000800b558                __exidx_end = .

.preinit_array  0x000000000800b558        0x0
                0x000000000800b558                PROVIDE (__preinit_array_start = .)
 *(.preinit_array*)
                0x000000000800b558                PROVIDE (__preinit_array_end = .)

.init_array     0x000000000800b558        0x4
                0x000000000800b558                PROVIDE (__init_array_start = .)
 *(SORT_BY_NAME(.init_array.*))
 *(.init_array*)
 .init_array    0x000000000800b558        0x4 c:/st/stm32cubeide_1.3.0/stm32cubeide/plugins/com.st.stm32cube.ide.mcu.externaltools.gnu-tools-for-stm32.10.3-2021.10.win32_1.0.200.202301161003/tools/bin/../lib/gcc/arm-none-eabi/10.3.1/thumb/v7e-m+dp/hard/crtbegin.o
                0x000000000800b55c                PROVIDE (__init_array_end = .)

.fini_array     0x000000000800b55c        0x4
                [!provide]                        PROVIDE (__fini_array_start = .)
 *(SORT_BY_NAME(.fini_array.*))
 *(.fini_array*)
 .fini_array    0x000000000800b55c        0x4 c:/st/stm32cubeide_1.3.0/stm32cubeide/plugins/com.st.stm32cube.ide.mcu.externaltools.gnu-tools-for-stm32.10.3-2021.10.win32_1.0.200.202301161003/tools/bin/../lib/gcc/arm-none-eabi/10.3.1/thumb/v7e-m+dp/hard/crtbegin.o
                [!provide]                        PROVIDE (__fini_array_end = .)
                0x000000000800b560                _sidata = LOADADDR (.data)

.data           0x0000000024000000       0xac load address 0x000000000800b560
                0x0000000024000000                . = ALIGN (0x4)
                0x0000000024000000                _sdata = .
 *(.data)
 *(.data*)
 .data.current_sample_rate
                0x0000000024000000        0x4 ./Core/Src/main.o
                0x0000000024000000                current_sample_rate
 .data.blink_interval_ms
                0x0000000024000004        0x4 ./Core/Src/main.o
 .data.SendGreetings
                0x0000000024000008        0x1 ./Core/Src/main.o
                0x0000000024000008                SendGreetings
 *fill*         0x0000000024000009        0x3 
 .data.SystemCoreClock
                0x000000002400000c        0x4 ./Core/Src/system_stm32h7xx.o
                0x000000002400000c                SystemCoreClock
 .data.SystemD2Clock
                0x0000000024000010        0x4 ./Core/Src/system_stm32h7xx.o
                0x0000000024000010                SystemD2Clock
 .data.string_desc_arr
                0x0000000024000014       0x1c ./Core/Src/usb_descriptors.o
                0x0000000024000014                string_desc_arr
 .data.uwTickPrio
                0x0000000024000030        0x4 ./Drivers/STM32H7xx_HAL_Driver/Src/stm32h7xx_hal.o
                0x0000000024000030                uwTickPrio
 .data.uwTickFreq
                0x0000000024000034        0x1 ./Drivers/STM32H7xx_HAL_Driver/Src/stm32h7xx_hal.o
                0x0000000024000034                uwTickFreq
 .data._usbd_rhport
                0x0000000024000035        0x1 ./tinyusb-master/src/device/usbd.o
 *fill*         0x0000000024000036        0x2 
 .data._usbd_qdef
                0x0000000024000038       0x10 ./tinyusb-master/src/device/usbd.o
                0x0000000024000038                _usbd_qdef
 .data._impure_ptr
                0x0000000024000048        0x4 c:/st/stm32cubeide_1.3.0/stm32cubeide/plugins/com.st.stm32cube.ide.mcu.externaltools.gnu-tools-for-stm32.10.3-2021.10.win32_1.0.200.202301161003/tools/bin/../lib/gcc/arm-none-eabi/10.3.1/../../../../arm-none-eabi/lib/thumb/v7e-m+dp/hard\libc_nano.a(lib_a-impure.o)
                0x0000000024000048                _impure_ptr
 .data.impure_data
                0x000000002400004c       0x60 c:/st/stm32cubeide_1.3.0/stm32cubeide/plugins/com.st.stm32cube.ide.mcu.externaltools.gnu-tools-for-stm32.10.3-2021.10.win32_1.0.200.202301161003/tools/bin/../lib/gcc/arm-none-eabi/10.3.1/../../../../arm-none-eabi/lib/thumb/v7e-m+dp/hard\libc_nano.a(lib_a-impure.o)
 *(.RamFunc)
 *(.RamFunc*)
                0x00000000240000ac                . = ALIGN (0x4)
                0x00000000240000ac                _edata = .

.igot.plt       0x00000000240000ac        0x0 load address 0x000000000800b60c
 .igot.plt      0x00000000240000ac        0x0 c:/st/stm32cubeide_1.3.0/stm32cubeide/plugins/com.st.stm32cube.ide.mcu.externaltools.gnu-tools-for-stm32.10.3-2021.10.win32_1.0.200.202301161003/tools/bin/../lib/gcc/arm-none-eabi/10.3.1/thumb/v7e-m+dp/hard/crtbegin.o
                0x00000000240000ac                . = ALIGN (0x4)

.bss            0x00000000240000ac     0x1c38 load address 0x000000000800b60c
                0x00000000240000ac                _sbss = .
                0x00000000240000ac                __bss_start__ = _sbss
 *(.bss)
 .bss           0x00000000240000ac       0x1c c:/st/stm32cubeide_1.3.0/stm32cubeide/plugins/com.st.stm32cube.ide.mcu.externaltools.gnu-tools-for-stm32.10.3-2021.10.win32_1.0.200.202301161003/tools/bin/../lib/gcc/arm-none-eabi/10.3.1/thumb/v7e-m+dp/hard/crtbegin.o
 *(.bss*)
 .bss.htim6     0x00000000240000c8       0x4c ./Core/Src/main.o
                0x00000000240000c8                htim6
 .bss.hpcd_USB_OTG_HS
                0x0000000024000114      0x50c ./Core/Src/main.o
                0x0000000024000114                hpcd_USB_OTG_HS
 .bss.MainLoopCounter
                0x0000000024000620        0x4 ./Core/Src/main.o
                0x0000000024000620                MainLoopCounter
 .bss.mute      0x0000000024000624        0x3 ./Core/Src/main.o
                0x0000000024000624                mute
 *fill*         0x0000000024000627        0x1 
 .bss.volume    0x0000000024000628        0x6 ./Core/Src/main.o
                0x0000000024000628                volume
 *fill*         0x000000002400062e        0x2 
 .bss.mic_buf   0x0000000024000630      0x308 ./Core/Src/main.o
                0x0000000024000630                mic_buf
 .bss.spk_buf   0x0000000024000938      0x610 ./Core/Src/main.o
                0x0000000024000938                spk_buf
 .bss.spk_data_size
                0x0000000024000f48        0x4 ./Core/Src/main.o
                0x0000000024000f48                spk_data_size
 .bss.current_resolution
                0x0000000024000f4c        0x1 ./Core/Src/main.o
                0x0000000024000f4c                current_resolution
 *fill*         0x0000000024000f4d        0x3 
 .bss.AudioCounter
                0x0000000024000f50        0x4 ./Core/Src/main.o
                0x0000000024000f50                AudioCounter
 .bss.start_ms.1
                0x0000000024000f54        0x4 ./Core/Src/main.o
 .bss.led_state.0
                0x0000000024000f58        0x1 ./Core/Src/main.o
 *fill*         0x0000000024000f59        0x3 
 .bss._desc_str
                0x0000000024000f5c       0x40 ./Core/Src/usb_descriptors.o
 .bss.uwTick    0x0000000024000f9c        0x4 ./Drivers/STM32H7xx_HAL_Driver/Src/stm32h7xx_hal.o
                0x0000000024000f9c                uwTick
 .bss.audio_ep_in_sw_buf_1
                0x0000000024000fa0      0x308 ./tinyusb-master/src/class/audio/audio_device.o
                0x0000000024000fa0                audio_ep_in_sw_buf_1
 .bss.audio_ep_out_sw_buf_1
                0x00000000240012a8      0x610 ./tinyusb-master/src/class/audio/audio_device.o
                0x00000000240012a8                audio_ep_out_sw_buf_1
 .bss.ctrl_buf_1
                0x00000000240018b8       0x40 ./tinyusb-master/src/class/audio/audio_device.o
                0x00000000240018b8                ctrl_buf_1
 .bss.alt_setting_1
                0x00000000240018f8        0x2 ./tinyusb-master/src/class/audio/audio_device.o
                0x00000000240018f8                alt_setting_1
 *fill*         0x00000000240018fa        0x2 
 .bss._audiod_fct
                0x00000000240018fc       0x38 ./tinyusb-master/src/class/audio/audio_device.o
                0x00000000240018fc                _audiod_fct
 .bss._cdcd_itf
                0x0000000024001934      0x128 ./tinyusb-master/src/class/cdc/cdc_device.o
 .bss._usbd_dev
                0x0000000024001a5c       0x37 ./tinyusb-master/src/device/usbd.o
 *fill*         0x0000000024001a93        0x1 
 .bss._app_driver
                0x0000000024001a94        0x4 ./tinyusb-master/src/device/usbd.o
 .bss._app_driver_count
                0x0000000024001a98        0x1 ./tinyusb-master/src/device/usbd.o
 *fill*         0x0000000024001a99        0x3 
 .bss._usbd_qdef_buf
                0x0000000024001a9c       0xc0 ./tinyusb-master/src/device/usbd.o
                0x0000000024001a9c                _usbd_qdef_buf
 .bss._usbd_q   0x0000000024001b5c        0x4 ./tinyusb-master/src/device/usbd.o
 .bss._ctrl_xfer
                0x0000000024001b60       0x14 ./tinyusb-master/src/device/usbd_control.o
 .bss._usbd_ctrl_buf
                0x0000000024001b74       0x40 ./tinyusb-master/src/device/usbd_control.o
 .bss._setup_packet
                0x0000000024001bb4        0x8 ./tinyusb-master/src/portable/st/synopsys/dcd_synopsys.o
 .bss.xfer_status
                0x0000000024001bbc      0x120 ./tinyusb-master/src/portable/st/synopsys/dcd_synopsys.o
                0x0000000024001bbc                xfer_status
 .bss.ep0_pending
                0x0000000024001cdc        0x4 ./tinyusb-master/src/portable/st/synopsys/dcd_synopsys.o
 .bss._allocated_fifo_words_tx
                0x0000000024001ce0        0x2 ./tinyusb-master/src/portable/st/synopsys/dcd_synopsys.o
 .bss._out_ep_closed
                0x0000000024001ce2        0x1 ./tinyusb-master/src/portable/st/synopsys/dcd_synopsys.o
 *(COMMON)
                0x0000000024001ce4                . = ALIGN (0x4)
 *fill*         0x0000000024001ce3        0x1 
                0x0000000024001ce4                _ebss = .
                0x0000000024001ce4                __bss_end__ = _ebss

._user_heap_stack
                0x0000000024001ce4      0x604 load address 0x000000000800b60c
                0x0000000024001ce8                . = ALIGN (0x8)
 *fill*         0x0000000024001ce4        0x4 
                [!provide]                        PROVIDE (end = .)
                0x0000000024001ce8                PROVIDE (_end = .)
                0x0000000024001ee8                . = (. + _Min_Heap_Size)
 *fill*         0x0000000024001ce8      0x200 
                0x00000000240022e8                . = (. + _Min_Stack_Size)
 *fill*         0x0000000024001ee8      0x400 
                0x00000000240022e8                . = ALIGN (0x8)

/DISCARD/
 libc.a(*)
 libm.a(*)
 libgcc.a(*)

.ARM.attributes
                0x0000000000000000       0x2e
 *(.ARM.attributes)
 .ARM.attributes
                0x0000000000000000       0x1e c:/st/stm32cubeide_1.3.0/stm32cubeide/plugins/com.st.stm32cube.ide.mcu.externaltools.gnu-tools-for-stm32.10.3-2021.10.win32_1.0.200.202301161003/tools/bin/../lib/gcc/arm-none-eabi/10.3.1/thumb/v7e-m+dp/hard/crti.o
 .ARM.attributes
                0x000000000000001e       0x32 c:/st/stm32cubeide_1.3.0/stm32cubeide/plugins/com.st.stm32cube.ide.mcu.externaltools.gnu-tools-for-stm32.10.3-2021.10.win32_1.0.200.202301161003/tools/bin/../lib/gcc/arm-none-eabi/10.3.1/thumb/v7e-m+dp/hard/crtbegin.o
 .ARM.attributes
                0x0000000000000050       0x32 ./Core/Src/main.o
 .ARM.attributes
                0x0000000000000082       0x32 ./Core/Src/stm32h7xx_hal_msp.o
 .ARM.attributes
                0x00000000000000b4       0x32 ./Core/Src/stm32h7xx_it.o
 .ARM.attributes
                0x00000000000000e6       0x32 ./Core/Src/system_stm32h7xx.o
 .ARM.attributes
                0x0000000000000118       0x32 ./Core/Src/usb_descriptors.o
 .ARM.attributes
                0x000000000000014a       0x21 ./Core/Startup/startup_stm32h723vgtx.o
 .ARM.attributes
                0x000000000000016b       0x32 ./Drivers/STM32H7xx_HAL_Driver/Src/stm32h7xx_hal.o
 .ARM.attributes
                0x000000000000019d       0x32 ./Drivers/STM32H7xx_HAL_Driver/Src/stm32h7xx_hal_cortex.o
 .ARM.attributes
                0x00000000000001cf       0x32 ./Drivers/STM32H7xx_HAL_Driver/Src/stm32h7xx_hal_gpio.o
 .ARM.attributes
                0x0000000000000201       0x32 ./Drivers/STM32H7xx_HAL_Driver/Src/stm32h7xx_hal_pcd.o
 .ARM.attributes
                0x0000000000000233       0x32 ./Drivers/STM32H7xx_HAL_Driver/Src/stm32h7xx_hal_pcd_ex.o
 .ARM.attributes
                0x0000000000000265       0x32 ./Drivers/STM32H7xx_HAL_Driver/Src/stm32h7xx_hal_pwr_ex.o
 .ARM.attributes
                0x0000000000000297       0x32 ./Drivers/STM32H7xx_HAL_Driver/Src/stm32h7xx_hal_rcc.o
 .ARM.attributes
                0x00000000000002c9       0x32 ./Drivers/STM32H7xx_HAL_Driver/Src/stm32h7xx_hal_rcc_ex.o
 .ARM.attributes
                0x00000000000002fb       0x32 ./Drivers/STM32H7xx_HAL_Driver/Src/stm32h7xx_hal_tim.o
 .ARM.attributes
                0x000000000000032d       0x32 ./Drivers/STM32H7xx_HAL_Driver/Src/stm32h7xx_hal_tim_ex.o
 .ARM.attributes
                0x000000000000035f       0x32 ./Drivers/STM32H7xx_HAL_Driver/Src/stm32h7xx_ll_usb.o
 .ARM.attributes
                0x0000000000000391       0x32 ./tinyusb-master/src/class/audio/audio_device.o
 .ARM.attributes
                0x00000000000003c3       0x32 ./tinyusb-master/src/class/cdc/cdc_device.o
 .ARM.attributes
                0x00000000000003f5       0x32 ./tinyusb-master/src/common/tusb_fifo.o
 .ARM.attributes
                0x0000000000000427       0x32 ./tinyusb-master/src/device/usbd.o
 .ARM.attributes
                0x0000000000000459       0x32 ./tinyusb-master/src/device/usbd_control.o
 .ARM.attributes
                0x000000000000048b       0x32 ./tinyusb-master/src/portable/st/synopsys/dcd_synopsys.o
 .ARM.attributes
                0x00000000000004bd       0x32 ./tinyusb-master/src/tusb.o
 .ARM.attributes
                0x00000000000004ef       0x32 c:/st/stm32cubeide_1.3.0/stm32cubeide/plugins/com.st.stm32cube.ide.mcu.externaltools.gnu-tools-for-stm32.10.3-2021.10.win32_1.0.200.202301161003/tools/bin/../lib/gcc/arm-none-eabi/10.3.1/../../../../arm-none-eabi/lib/thumb/v7e-m+dp/hard\libc_nano.a(lib_a-errno.o)
 .ARM.attributes
                0x0000000000000521       0x32 c:/st/stm32cubeide_1.3.0/stm32cubeide/plugins/com.st.stm32cube.ide.mcu.externaltools.gnu-tools-for-stm32.10.3-2021.10.win32_1.0.200.202301161003/tools/bin/../lib/gcc/arm-none-eabi/10.3.1/../../../../arm-none-eabi/lib/thumb/v7e-m+dp/hard\libc_nano.a(lib_a-impure.o)
 .ARM.attributes
                0x0000000000000553       0x32 c:/st/stm32cubeide_1.3.0/stm32cubeide/plugins/com.st.stm32cube.ide.mcu.externaltools.gnu-tools-for-stm32.10.3-2021.10.win32_1.0.200.202301161003/tools/bin/../lib/gcc/arm-none-eabi/10.3.1/../../../../arm-none-eabi/lib/thumb/v7e-m+dp/hard\libc_nano.a(lib_a-init.o)
 .ARM.attributes
                0x0000000000000585       0x32 c:/st/stm32cubeide_1.3.0/stm32cubeide/plugins/com.st.stm32cube.ide.mcu.externaltools.gnu-tools-for-stm32.10.3-2021.10.win32_1.0.200.202301161003/tools/bin/../lib/gcc/arm-none-eabi/10.3.1/../../../../arm-none-eabi/lib/thumb/v7e-m+dp/hard\libc_nano.a(lib_a-memcpy-stub.o)
 .ARM.attributes
                0x00000000000005b7       0x32 c:/st/stm32cubeide_1.3.0/stm32cubeide/plugins/com.st.stm32cube.ide.mcu.externaltools.gnu-tools-for-stm32.10.3-2021.10.win32_1.0.200.202301161003/tools/bin/../lib/gcc/arm-none-eabi/10.3.1/../../../../arm-none-eabi/lib/thumb/v7e-m+dp/hard\libc_nano.a(lib_a-memset.o)
 .ARM.attributes
                0x00000000000005e9       0x17 c:/st/stm32cubeide_1.3.0/stm32cubeide/plugins/com.st.stm32cube.ide.mcu.externaltools.gnu-tools-for-stm32.10.3-2021.10.win32_1.0.200.202301161003/tools/bin/../lib/gcc/arm-none-eabi/10.3.1/../../../../arm-none-eabi/lib/thumb/v7e-m+dp/hard\libc_nano.a(lib_a-strlen.o)
 .ARM.attributes
                0x0000000000000600       0x32 c:/st/stm32cubeide_1.3.0/stm32cubeide/plugins/com.st.stm32cube.ide.mcu.externaltools.gnu-tools-for-stm32.10.3-2021.10.win32_1.0.200.202301161003/tools/bin/../lib/gcc/arm-none-eabi/10.3.1/../../../../arm-none-eabi/lib/thumb/v7e-m+dp/hard\libm.a(lib_a-sinf.o)
 .ARM.attributes
                0x0000000000000632       0x32 c:/st/stm32cubeide_1.3.0/stm32cubeide/plugins/com.st.stm32cube.ide.mcu.externaltools.gnu-tools-for-stm32.10.3-2021.10.win32_1.0.200.202301161003/tools/bin/../lib/gcc/arm-none-eabi/10.3.1/../../../../arm-none-eabi/lib/thumb/v7e-m+dp/hard\libm.a(lib_a-math_errf.o)
 .ARM.attributes
                0x0000000000000664       0x32 c:/st/stm32cubeide_1.3.0/stm32cubeide/plugins/com.st.stm32cube.ide.mcu.externaltools.gnu-tools-for-stm32.10.3-2021.10.win32_1.0.200.202301161003/tools/bin/../lib/gcc/arm-none-eabi/10.3.1/../../../../arm-none-eabi/lib/thumb/v7e-m+dp/hard\libm.a(lib_a-sincosf_data.o)
 .ARM.attributes
                0x0000000000000696       0x1e c:/st/stm32cubeide_1.3.0/stm32cubeide/plugins/com.st.stm32cube.ide.mcu.externaltools.gnu-tools-for-stm32.10.3-2021.10.win32_1.0.200.202301161003/tools/bin/../lib/gcc/arm-none-eabi/10.3.1/thumb/v7e-m+dp/hard\libgcc.a(_arm_addsubdf3.o)
 .ARM.attributes
                0x00000000000006b4       0x1e c:/st/stm32cubeide_1.3.0/stm32cubeide/plugins/com.st.stm32cube.ide.mcu.externaltools.gnu-tools-for-stm32.10.3-2021.10.win32_1.0.200.202301161003/tools/bin/../lib/gcc/arm-none-eabi/10.3.1/thumb/v7e-m+dp/hard/crtn.o
OUTPUT(TinyUSB_UAC_CDC_723.elf elf32-littlearm)
LOAD linker stubs
LOAD c:/st/stm32cubeide_1.3.0/stm32cubeide/plugins/com.st.stm32cube.ide.mcu.externaltools.gnu-tools-for-stm32.10.3-2021.10.win32_1.0.200.202301161003/tools/bin/../lib/gcc/arm-none-eabi/10.3.1/../../../../arm-none-eabi/lib/thumb/v7e-m+dp/hard\libc.a
LOAD c:/st/stm32cubeide_1.3.0/stm32cubeide/plugins/com.st.stm32cube.ide.mcu.externaltools.gnu-tools-for-stm32.10.3-2021.10.win32_1.0.200.202301161003/tools/bin/../lib/gcc/arm-none-eabi/10.3.1/../../../../arm-none-eabi/lib/thumb/v7e-m+dp/hard\libm.a
LOAD c:/st/stm32cubeide_1.3.0/stm32cubeide/plugins/com.st.stm32cube.ide.mcu.externaltools.gnu-tools-for-stm32.10.3-2021.10.win32_1.0.200.202301161003/tools/bin/../lib/gcc/arm-none-eabi/10.3.1/thumb/v7e-m+dp/hard\libgcc.a

.debug_info     0x0000000000000000    0x1f635
 .debug_info    0x0000000000000000     0x29bd ./Core/Src/main.o
 .debug_info    0x00000000000029bd     0x189d ./Core/Src/stm32h7xx_hal_msp.o
 .debug_info    0x000000000000425a      0x8a1 ./Core/Src/stm32h7xx_it.o
 .debug_info    0x0000000000004afb      0xb45 ./Core/Src/system_stm32h7xx.o
 .debug_info    0x0000000000005640      0xaf6 ./Core/Src/usb_descriptors.o
 .debug_info    0x0000000000006136       0x22 ./Core/Startup/startup_stm32h723vgtx.o
 .debug_info    0x0000000000006158     0x1746 ./Drivers/STM32H7xx_HAL_Driver/Src/stm32h7xx_hal.o
 .debug_info    0x000000000000789e     0x1161 ./Drivers/STM32H7xx_HAL_Driver/Src/stm32h7xx_hal_cortex.o
 .debug_info    0x00000000000089ff      0xd37 ./Drivers/STM32H7xx_HAL_Driver/Src/stm32h7xx_hal_gpio.o
 .debug_info    0x0000000000009736     0x169e ./Drivers/STM32H7xx_HAL_Driver/Src/stm32h7xx_hal_pcd.o
 .debug_info    0x000000000000add4      0x913 ./Drivers/STM32H7xx_HAL_Driver/Src/stm32h7xx_hal_pcd_ex.o
 .debug_info    0x000000000000b6e7      0xe71 ./Drivers/STM32H7xx_HAL_Driver/Src/stm32h7xx_hal_pwr_ex.o
 .debug_info    0x000000000000c558      0xe4a ./Drivers/STM32H7xx_HAL_Driver/Src/stm32h7xx_hal_rcc.o
 .debug_info    0x000000000000d3a2     0x12be ./Drivers/STM32H7xx_HAL_Driver/Src/stm32h7xx_hal_rcc_ex.o
 .debug_info    0x000000000000e660     0x2e05 ./Drivers/STM32H7xx_HAL_Driver/Src/stm32h7xx_hal_tim.o
 .debug_info    0x0000000000011465     0x1a09 ./Drivers/STM32H7xx_HAL_Driver/Src/stm32h7xx_hal_tim_ex.o
 .debug_info    0x0000000000012e6e     0x1b52 ./Drivers/STM32H7xx_HAL_Driver/Src/stm32h7xx_ll_usb.o
 .debug_info    0x00000000000149c0     0x1b69 ./tinyusb-master/src/class/audio/audio_device.o
 .debug_info    0x0000000000016529     0x1385 ./tinyusb-master/src/class/cdc/cdc_device.o
 .debug_info    0x00000000000178ae     0x14a2 ./tinyusb-master/src/common/tusb_fifo.o
 .debug_info    0x0000000000018d50     0x2c67 ./tinyusb-master/src/device/usbd.o
 .debug_info    0x000000000001b9b7      0x763 ./tinyusb-master/src/device/usbd_control.o
 .debug_info    0x000000000001c11a     0x2470 ./tinyusb-master/src/portable/st/synopsys/dcd_synopsys.o
 .debug_info    0x000000000001e58a     0x10ab ./tinyusb-master/src/tusb.o

.debug_abbrev   0x0000000000000000     0x41d6
 .debug_abbrev  0x0000000000000000      0x52f ./Core/Src/main.o
 .debug_abbrev  0x000000000000052f      0x222 ./Core/Src/stm32h7xx_hal_msp.o
 .debug_abbrev  0x0000000000000751      0x199 ./Core/Src/stm32h7xx_it.o
 .debug_abbrev  0x00000000000008ea      0x136 ./Core/Src/system_stm32h7xx.o
 .debug_abbrev  0x0000000000000a20      0x19c ./Core/Src/usb_descriptors.o
 .debug_abbrev  0x0000000000000bbc       0x12 ./Core/Startup/startup_stm32h723vgtx.o
 .debug_abbrev  0x0000000000000bce      0x292 ./Drivers/STM32H7xx_HAL_Driver/Src/stm32h7xx_hal.o
 .debug_abbrev  0x0000000000000e60      0x329 ./Drivers/STM32H7xx_HAL_Driver/Src/stm32h7xx_hal_cortex.o
 .debug_abbrev  0x0000000000001189      0x1ec ./Drivers/STM32H7xx_HAL_Driver/Src/stm32h7xx_hal_gpio.o
 .debug_abbrev  0x0000000000001375      0x2d2 ./Drivers/STM32H7xx_HAL_Driver/Src/stm32h7xx_hal_pcd.o
 .debug_abbrev  0x0000000000001647      0x24a ./Drivers/STM32H7xx_HAL_Driver/Src/stm32h7xx_hal_pcd_ex.o
 .debug_abbrev  0x0000000000001891      0x27e ./Drivers/STM32H7xx_HAL_Driver/Src/stm32h7xx_hal_pwr_ex.o
 .debug_abbrev  0x0000000000001b0f      0x2a7 ./Drivers/STM32H7xx_HAL_Driver/Src/stm32h7xx_hal_rcc.o
 .debug_abbrev  0x0000000000001db6      0x25c ./Drivers/STM32H7xx_HAL_Driver/Src/stm32h7xx_hal_rcc_ex.o
 .debug_abbrev  0x0000000000002012      0x264 ./Drivers/STM32H7xx_HAL_Driver/Src/stm32h7xx_hal_tim.o
 .debug_abbrev  0x0000000000002276      0x281 ./Drivers/STM32H7xx_HAL_Driver/Src/stm32h7xx_hal_tim_ex.o
 .debug_abbrev  0x00000000000024f7      0x296 ./Drivers/STM32H7xx_HAL_Driver/Src/stm32h7xx_ll_usb.o
 .debug_abbrev  0x000000000000278d      0x38f ./tinyusb-master/src/class/audio/audio_device.o
 .debug_abbrev  0x0000000000002b1c      0x3ed ./tinyusb-master/src/class/cdc/cdc_device.o
 .debug_abbrev  0x0000000000002f09      0x317 ./tinyusb-master/src/common/tusb_fifo.o
 .debug_abbrev  0x0000000000003220      0x4df ./tinyusb-master/src/device/usbd.o
 .debug_abbrev  0x00000000000036ff      0x2b8 ./tinyusb-master/src/device/usbd_control.o
 .debug_abbrev  0x00000000000039b7      0x4c5 ./tinyusb-master/src/portable/st/synopsys/dcd_synopsys.o
 .debug_abbrev  0x0000000000003e7c      0x35a ./tinyusb-master/src/tusb.o

.debug_aranges  0x0000000000000000     0x1718
 .debug_aranges
                0x0000000000000000      0x140 ./Core/Src/main.o
 .debug_aranges
                0x0000000000000140       0x40 ./Core/Src/stm32h7xx_hal_msp.o
 .debug_aranges
                0x0000000000000180       0x70 ./Core/Src/stm32h7xx_it.o
 .debug_aranges
                0x00000000000001f0       0x28 ./Core/Src/system_stm32h7xx.o
 .debug_aranges
                0x0000000000000218       0x30 ./Core/Src/usb_descriptors.o
 .debug_aranges
                0x0000000000000248       0x28 ./Core/Startup/startup_stm32h723vgtx.o
 .debug_aranges
                0x0000000000000270      0x1c8 ./Drivers/STM32H7xx_HAL_Driver/Src/stm32h7xx_hal.o
 .debug_aranges
                0x0000000000000438      0x120 ./Drivers/STM32H7xx_HAL_Driver/Src/stm32h7xx_hal_cortex.o
 .debug_aranges
                0x0000000000000558       0x58 ./Drivers/STM32H7xx_HAL_Driver/Src/stm32h7xx_hal_gpio.o
 .debug_aranges
                0x00000000000005b0      0x140 ./Drivers/STM32H7xx_HAL_Driver/Src/stm32h7xx_hal_pcd.o
 .debug_aranges
                0x00000000000006f0       0x60 ./Drivers/STM32H7xx_HAL_Driver/Src/stm32h7xx_hal_pcd_ex.o
 .debug_aranges
                0x0000000000000750      0x148 ./Drivers/STM32H7xx_HAL_Driver/Src/stm32h7xx_hal_pwr_ex.o
 .debug_aranges
                0x0000000000000898       0x88 ./Drivers/STM32H7xx_HAL_Driver/Src/stm32h7xx_hal_rcc.o
 .debug_aranges
                0x0000000000000920       0xf8 ./Drivers/STM32H7xx_HAL_Driver/Src/stm32h7xx_hal_rcc_ex.o
 .debug_aranges
                0x0000000000000a18      0x3e0 ./Drivers/STM32H7xx_HAL_Driver/Src/stm32h7xx_hal_tim.o
 .debug_aranges
                0x0000000000000df8      0x198 ./Drivers/STM32H7xx_HAL_Driver/Src/stm32h7xx_hal_tim_ex.o
 .debug_aranges
                0x0000000000000f90      0x1a0 ./Drivers/STM32H7xx_HAL_Driver/Src/stm32h7xx_ll_usb.o
 .debug_aranges
                0x0000000000001130       0xf0 ./tinyusb-master/src/class/audio/audio_device.o
 .debug_aranges
                0x0000000000001220       0xa8 ./tinyusb-master/src/class/cdc/cdc_device.o
 .debug_aranges
                0x00000000000012c8      0x118 ./tinyusb-master/src/common/tusb_fifo.o
 .debug_aranges
                0x00000000000013e0      0x130 ./tinyusb-master/src/device/usbd.o
 .debug_aranges
                0x0000000000001510       0x58 ./tinyusb-master/src/device/usbd_control.o
 .debug_aranges
                0x0000000000001568      0x118 ./tinyusb-master/src/portable/st/synopsys/dcd_synopsys.o
 .debug_aranges
                0x0000000000001680       0x98 ./tinyusb-master/src/tusb.o

.debug_ranges   0x0000000000000000     0x1650
 .debug_ranges  0x0000000000000000      0x130 ./Core/Src/main.o
 .debug_ranges  0x0000000000000130       0x30 ./Core/Src/stm32h7xx_hal_msp.o
 .debug_ranges  0x0000000000000160       0x60 ./Core/Src/stm32h7xx_it.o
 .debug_ranges  0x00000000000001c0       0x18 ./Core/Src/system_stm32h7xx.o
 .debug_ranges  0x00000000000001d8       0x20 ./Core/Src/usb_descriptors.o
 .debug_ranges  0x00000000000001f8       0x20 ./Core/Startup/startup_stm32h723vgtx.o
 .debug_ranges  0x0000000000000218      0x1b8 ./Drivers/STM32H7xx_HAL_Driver/Src/stm32h7xx_hal.o
 .debug_ranges  0x00000000000003d0      0x110 ./Drivers/STM32H7xx_HAL_Driver/Src/stm32h7xx_hal_cortex.o
 .debug_ranges  0x00000000000004e0       0x48 ./Drivers/STM32H7xx_HAL_Driver/Src/stm32h7xx_hal_gpio.o
 .debug_ranges  0x0000000000000528      0x130 ./Drivers/STM32H7xx_HAL_Driver/Src/stm32h7xx_hal_pcd.o
 .debug_ranges  0x0000000000000658       0x50 ./Drivers/STM32H7xx_HAL_Driver/Src/stm32h7xx_hal_pcd_ex.o
 .debug_ranges  0x00000000000006a8      0x138 ./Drivers/STM32H7xx_HAL_Driver/Src/stm32h7xx_hal_pwr_ex.o
 .debug_ranges  0x00000000000007e0       0x78 ./Drivers/STM32H7xx_HAL_Driver/Src/stm32h7xx_hal_rcc.o
 .debug_ranges  0x0000000000000858       0xe8 ./Drivers/STM32H7xx_HAL_Driver/Src/stm32h7xx_hal_rcc_ex.o
 .debug_ranges  0x0000000000000940      0x3d0 ./Drivers/STM32H7xx_HAL_Driver/Src/stm32h7xx_hal_tim.o
 .debug_ranges  0x0000000000000d10      0x188 ./Drivers/STM32H7xx_HAL_Driver/Src/stm32h7xx_hal_tim_ex.o
 .debug_ranges  0x0000000000000e98      0x190 ./Drivers/STM32H7xx_HAL_Driver/Src/stm32h7xx_ll_usb.o
 .debug_ranges  0x0000000000001028       0xf8 ./tinyusb-master/src/class/audio/audio_device.o
 .debug_ranges  0x0000000000001120       0x98 ./tinyusb-master/src/class/cdc/cdc_device.o
 .debug_ranges  0x00000000000011b8      0x108 ./tinyusb-master/src/common/tusb_fifo.o
 .debug_ranges  0x00000000000012c0      0x188 ./tinyusb-master/src/device/usbd.o
 .debug_ranges  0x0000000000001448       0x48 ./tinyusb-master/src/device/usbd_control.o
 .debug_ranges  0x0000000000001490      0x138 ./tinyusb-master/src/portable/st/synopsys/dcd_synopsys.o
 .debug_ranges  0x00000000000015c8       0x88 ./tinyusb-master/src/tusb.o

.debug_macro    0x0000000000000000    0x35aad
 .debug_macro   0x0000000000000000      0x4c7 ./Core/Src/main.o
 .debug_macro   0x00000000000004c7      0xa90 ./Core/Src/main.o
 .debug_macro   0x0000000000000f57      0x238 ./Core/Src/main.o
 .debug_macro   0x000000000000118f       0x2e ./Core/Src/main.o
 .debug_macro   0x00000000000011bd       0x3b ./Core/Src/main.o
 .debug_macro   0x00000000000011f8       0x22 ./Core/Src/main.o
 .debug_macro   0x000000000000121a       0x8e ./Core/Src/main.o
 .debug_macro   0x00000000000012a8       0x51 ./Core/Src/main.o
 .debug_macro   0x00000000000012f9      0x103 ./Core/Src/main.o
 .debug_macro   0x00000000000013fc       0x6a ./Core/Src/main.o
 .debug_macro   0x0000000000001466      0x1df ./Core/Src/main.o
 .debug_macro   0x0000000000001645       0x1c ./Core/Src/main.o
 .debug_macro   0x0000000000001661       0x22 ./Core/Src/main.o
 .debug_macro   0x0000000000001683       0xfb ./Core/Src/main.o
 .debug_macro   0x000000000000177e     0x1305 ./Core/Src/main.o
 .debug_macro   0x0000000000002a83      0x11f ./Core/Src/main.o