Archive member included to satisfy reference by file (symbol)

c:/st/stm32cubeide_1.3.0/stm32cubeide/plugins/com.st.stm32cube.ide.mcu.externaltools.gnu-tools-for-stm32.10.3-2021.10.win32_1.0.200.202301161003/tools/bin/../lib/gcc/arm-none-eabi/10.3.1/../../../../arm-none-eabi/lib/thumb/v7e-m+dp/hard\libc_nano.a(lib_a-errno.o)
                              ./Core/Src/syscalls.o (__errno)
c:/st/stm32cubeide_1.3.0/stm32cubeide/plugins/com.st.stm32cube.ide.mcu.externaltools.gnu-tools-for-stm32.10.3-2021.10.win32_1.0.200.202301161003/tools/bin/../lib/gcc/arm-none-eabi/10.3.1/../../../../arm-none-eabi/lib/thumb/v7e-m+dp/hard\libc_nano.a(lib_a-exit.o)
                              c:/st/stm32cubeide_1.3.0/stm32cubeide/plugins/com.st.stm32cube.ide.mcu.externaltools.gnu-tools-for-stm32.10.3-2021.10.win32_1.0.200.202301161003/tools/bin/../lib/gcc/arm-none-eabi/10.3.1/../../../../arm-none-eabi/lib/thumb/v7e-m+dp/hard/crt0.o (exit)
c:/st/stm32cubeide_1.3.0/stm32cubeide/plugins/com.st.stm32cube.ide.mcu.externaltools.gnu-tools-for-stm32.10.3-2021.10.win32_1.0.200.202301161003/tools/bin/../lib/gcc/arm-none-eabi/10.3.1/../../../../arm-none-eabi/lib/thumb/v7e-m+dp/hard\libc_nano.a(lib_a-impure.o)
                              c:/st/stm32cubeide_1.3.0/stm32cubeide/plugins/com.st.stm32cube.ide.mcu.externaltools.gnu-tools-for-stm32.10.3-2021.10.win32_1.0.200.202301161003/tools/bin/../lib/gcc/arm-none-eabi/10.3.1/../../../../arm-none-eabi/lib/thumb/v7e-m+dp/hard\libc_nano.a(lib_a-exit.o) (_global_impure_ptr)
c:/st/stm32cubeide_1.3.0/stm32cubeide/plugins/com.st.stm32cube.ide.mcu.externaltools.gnu-tools-for-stm32.10.3-2021.10.win32_1.0.200.202301161003/tools/bin/../lib/gcc/arm-none-eabi/10.3.1/../../../../arm-none-eabi/lib/thumb/v7e-m+dp/hard\libc_nano.a(lib_a-init.o)
                              c:/st/stm32cubeide_1.3.0/stm32cubeide/plugins/com.st.stm32cube.ide.mcu.externaltools.gnu-tools-for-stm32.10.3-2021.10.win32_1.0.200.202301161003/tools/bin/../lib/gcc/arm-none-eabi/10.3.1/../../../../arm-none-eabi/lib/thumb/v7e-m+dp/hard/crt0.o (__libc_init_array)
c:/st/stm32cubeide_1.3.0/stm32cubeide/plugins/com.st.stm32cube.ide.mcu.externaltools.gnu-tools-for-stm32.10.3-2021.10.win32_1.0.200.202301161003/tools/bin/../lib/gcc/arm-none-eabi/10.3.1/../../../../arm-none-eabi/lib/thumb/v7e-m+dp/hard\libc_nano.a(lib_a-memcpy-stub.o)
                              ./tinyusb-master/src/class/audio/audio_device.o (memcpy)
c:/st/stm32cubeide_1.3.0/stm32cubeide/plugins/com.st.stm32cube.ide.mcu.externaltools.gnu-tools-for-stm32.10.3-2021.10.win32_1.0.200.202301161003/tools/bin/../lib/gcc/arm-none-eabi/10.3.1/../../../../arm-none-eabi/lib/thumb/v7e-m+dp/hard\libc_nano.a(lib_a-memset.o)
                              c:/st/stm32cubeide_1.3.0/stm32cubeide/plugins/com.st.stm32cube.ide.mcu.externaltools.gnu-tools-for-stm32.10.3-2021.10.win32_1.0.200.202301161003/tools/bin/../lib/gcc/arm-none-eabi/10.3.1/../../../../arm-none-eabi/lib/thumb/v7e-m+dp/hard/crt0.o (memset)
c:/st/stm32cubeide_1.3.0/stm32cubeide/plugins/com.st.stm32cube.ide.mcu.externaltools.gnu-tools-for-stm32.10.3-2021.10.win32_1.0.200.202301161003/tools/bin/../lib/gcc/arm-none-eabi/10.3.1/../../../../arm-none-eabi/lib/thumb/v7e-m+dp/hard\libc_nano.a(lib_a-strlen.o)
                              ./Core/Src/usb_descriptors.o (strlen)

Discarded input sections

 .text          0x0000000000000000        0x0 c:/st/stm32cubeide_1.3.0/stm32cubeide/plugins/com.st.stm32cube.ide.mcu.externaltools.gnu-tools-for-stm32.10.3-2021.10.win32_1.0.200.202301161003/tools/bin/../lib/gcc/arm-none-eabi/10.3.1/thumb/v7e-m+dp/hard/crti.o
 .data          0x0000000000000000        0x0 c:/st/stm32cubeide_1.3.0/stm32cubeide/plugins/com.st.stm32cube.ide.mcu.externaltools.gnu-tools-for-stm32.10.3-2021.10.win32_1.0.200.202301161003/tools/bin/../lib/gcc/arm-none-eabi/10.3.1/thumb/v7e-m+dp/hard/crti.o
 .bss           0x0000000000000000        0x0 c:/st/stm32cubeide_1.3.0/stm32cubeide/plugins/com.st.stm32cube.ide.mcu.externaltools.gnu-tools-for-stm32.10.3-2021.10.win32_1.0.200.202301161003/tools/bin/../lib/gcc/arm-none-eabi/10.3.1/thumb/v7e-m+dp/hard/crti.o
 .data          0x0000000000000000        0x4 c:/st/stm32cubeide_1.3.0/stm32cubeide/plugins/com.st.stm32cube.ide.mcu.externaltools.gnu-tools-for-stm32.10.3-2021.10.win32_1.0.200.202301161003/tools/bin/../lib/gcc/arm-none-eabi/10.3.1/thumb/v7e-m+dp/hard/crtbegin.o
 .rodata        0x0000000000000000       0x24 c:/st/stm32cubeide_1.3.0/stm32cubeide/plugins/com.st.stm32cube.ide.mcu.externaltools.gnu-tools-for-stm32.10.3-2021.10.win32_1.0.200.202301161003/tools/bin/../lib/gcc/arm-none-eabi/10.3.1/thumb/v7e-m+dp/hard/crtbegin.o
 .text          0x0000000000000000       0x7c c:/st/stm32cubeide_1.3.0/stm32cubeide/plugins/com.st.stm32cube.ide.mcu.externaltools.gnu-tools-for-stm32.10.3-2021.10.win32_1.0.200.202301161003/tools/bin/../lib/gcc/arm-none-eabi/10.3.1/../../../../arm-none-eabi/lib/thumb/v7e-m+dp/hard/crt0.o
[...]
Memory Configuration

Name             Origin             Length             Attributes
ITCMRAM          0x0000000000000000 0x0000000000010000 xrw
DTCMRAM          0x0000000020000000 0x0000000000020000 xrw
FLASH            0x0000000008000000 0x0000000000100000 xr
RAM_D1           0x0000000024000000 0x0000000000050000 xrw
RAM_D2           0x0000000030000000 0x0000000000008000 xrw
RAM_D3           0x0000000038000000 0x0000000000004000 xrw
*default*        0x0000000000000000 0xffffffffffffffff

Linker script and memory map

LOAD c:/st/stm32cubeide_1.3.0/stm32cubeide/plugins/com.st.stm32cube.ide.mcu.externaltools.gnu-tools-for-stm32.10.3-2021.10.win32_1.0.200.202301161003/tools/bin/../lib/gcc/arm-none-eabi/10.3.1/thumb/v7e-m+dp/hard/crti.o
LOAD c:/st/stm32cubeide_1.3.0/stm32cubeide/plugins/com.st.stm32cube.ide.mcu.externaltools.gnu-tools-for-stm32.10.3-2021.10.win32_1.0.200.202301161003/tools/bin/../lib/gcc/arm-none-eabi/10.3.1/thumb/v7e-m+dp/hard/crtbegin.o
LOAD c:/st/stm32cubeide_1.3.0/stm32cubeide/plugins/com.st.stm32cube.ide.mcu.externaltools.gnu-tools-for-stm32.10.3-2021.10.win32_1.0.200.202301161003/tools/bin/../lib/gcc/arm-none-eabi/10.3.1/../../../../arm-none-eabi/lib/thumb/v7e-m+dp/hard/crt0.o
LOAD ./Core/Src/main.o
LOAD ./Core/Src/stm32h7xx_hal_msp.o
LOAD ./Core/Src/stm32h7xx_it.o
LOAD ./Core/Src/syscalls.o
LOAD ./Core/Src/sysmem.o
LOAD ./Core/Src/system_stm32h7xx.o
LOAD ./Core/Src/usb_descriptors.o
LOAD ./Core/Startup/startup_stm32h723vgtx.o
LOAD ./Drivers/STM32H7xx_HAL_Driver/Src/stm32h7xx_hal.o
LOAD ./Drivers/STM32H7xx_HAL_Driver/Src/stm32h7xx_hal_cortex.o
LOAD ./Drivers/STM32H7xx_HAL_Driver/Src/stm32h7xx_hal_dma.o
LOAD ./Drivers/STM32H7xx_HAL_Driver/Src/stm32h7xx_hal_dma_ex.o
LOAD ./Drivers/STM32H7xx_HAL_Driver/Src/stm32h7xx_hal_exti.o
LOAD ./Drivers/STM32H7xx_HAL_Driver/Src/stm32h7xx_hal_flash.o
LOAD ./Drivers/STM32H7xx_HAL_Driver/Src/stm32h7xx_hal_flash_ex.o
LOAD ./Drivers/STM32H7xx_HAL_Driver/Src/stm32h7xx_hal_gpio.o
LOAD ./Drivers/STM32H7xx_HAL_Driver/Src/stm32h7xx_hal_hsem.o
LOAD ./Drivers/STM32H7xx_HAL_Driver/Src/stm32h7xx_hal_i2c.o
LOAD ./Drivers/STM32H7xx_HAL_Driver/Src/stm32h7xx_hal_i2c_ex.o
LOAD ./Drivers/STM32H7xx_HAL_Driver/Src/stm32h7xx_hal_mdma.o
LOAD ./Drivers/STM32H7xx_HAL_Driver/Src/stm32h7xx_hal_pcd.o
LOAD ./Drivers/STM32H7xx_HAL_Driver/Src/stm32h7xx_hal_pcd_ex.o
LOAD ./Drivers/STM32H7xx_HAL_Driver/Src/stm32h7xx_hal_pwr.o
LOAD ./Drivers/STM32H7xx_HAL_Driver/Src/stm32h7xx_hal_pwr_ex.o
LOAD ./Drivers/STM32H7xx_HAL_Driver/Src/stm32h7xx_hal_rcc.o
LOAD ./Drivers/STM32H7xx_HAL_Driver/Src/stm32h7xx_hal_rcc_ex.o
LOAD ./Drivers/STM32H7xx_HAL_Driver/Src/stm32h7xx_hal_tim.o
LOAD ./Drivers/STM32H7xx_HAL_Driver/Src/stm32h7xx_hal_tim_ex.o
LOAD ./Drivers/STM32H7xx_HAL_Driver/Src/stm32h7xx_ll_usb.o
LOAD ./tinyusb-master/src/class/audio/audio_device.o
LOAD ./tinyusb-master/src/class/bth/bth_device.o
LOAD ./tinyusb-master/src/class/cdc/cdc_device.o
LOAD ./tinyusb-master/src/class/cdc/cdc_host.o
LOAD ./tinyusb-master/src/class/cdc/cdc_rndis_host.o
LOAD ./tinyusb-master/src/class/dfu/dfu_device.o
LOAD ./tinyusb-master/src/class/dfu/dfu_rt_device.o
LOAD ./tinyusb-master/src/class/hid/hid_device.o
LOAD ./tinyusb-master/src/class/hid/hid_host.o
LOAD ./tinyusb-master/src/class/midi/midi_device.o
LOAD ./tinyusb-master/src/class/msc/msc_device.o
LOAD ./tinyusb-master/src/class/msc/msc_host.o
LOAD ./tinyusb-master/src/class/net/ecm_rndis_device.o
LOAD ./tinyusb-master/src/class/net/ncm_device.o
LOAD ./tinyusb-master/src/class/usbtmc/usbtmc_device.o
LOAD ./tinyusb-master/src/class/vendor/vendor_device.o
LOAD ./tinyusb-master/src/class/vendor/vendor_host.o
LOAD ./tinyusb-master/src/class/video/video_device.o
LOAD ./tinyusb-master/src/common/tusb_fifo.o
LOAD ./tinyusb-master/src/device/usbd.o
LOAD ./tinyusb-master/src/device/usbd_control.o
LOAD ./tinyusb-master/src/host/hub.o
LOAD ./tinyusb-master/src/host/usbh.o
LOAD ./tinyusb-master/src/portable/bridgetek/ft9xx/dcd_ft9xx.o
LOAD ./tinyusb-master/src/portable/chipidea/ci_hs/dcd_ci_hs.o
LOAD ./tinyusb-master/src/portable/chipidea/ci_hs/hcd_ci_hs.o
LOAD ./tinyusb-master/src/portable/dialog/da146xx/dcd_da146xx.o
LOAD ./tinyusb-master/src/portable/ehci/ehci.o
LOAD ./tinyusb-master/src/portable/espressif/esp32sx/dcd_esp32sx.o
LOAD ./tinyusb-master/src/portable/mentor/musb/dcd_musb.o
LOAD ./tinyusb-master/src/portable/mentor/musb/hcd_musb.o
LOAD ./tinyusb-master/src/portable/microchip/pic/dcd_pic.o
LOAD ./tinyusb-master/src/portable/microchip/pic32mz/dcd_pic32mz.o
LOAD ./tinyusb-master/src/portable/microchip/samd/dcd_samd.o
LOAD ./tinyusb-master/src/portable/microchip/samg/dcd_samg.o
LOAD ./tinyusb-master/src/portable/microchip/samx7x/dcd_samx7x.o
LOAD ./tinyusb-master/src/portable/mindmotion/mm32/dcd_mm32f327x_otg.o
LOAD ./tinyusb-master/src/portable/nordic/nrf5x/dcd_nrf5x.o
LOAD ./tinyusb-master/src/portable/nuvoton/nuc120/dcd_nuc120.o
LOAD ./tinyusb-master/src/portable/nuvoton/nuc121/dcd_nuc121.o
LOAD ./tinyusb-master/src/portable/nuvoton/nuc505/dcd_nuc505.o
LOAD ./tinyusb-master/src/portable/nxp/khci/dcd_khci.o
LOAD ./tinyusb-master/src/portable/nxp/khci/hcd_khci.o
LOAD ./tinyusb-master/src/portable/nxp/lpc17_40/dcd_lpc17_40.o
LOAD ./tinyusb-master/src/portable/nxp/lpc17_40/hcd_lpc17_40.o
LOAD ./tinyusb-master/src/portable/nxp/lpc_ip3511/dcd_lpc_ip3511.o
LOAD ./tinyusb-master/src/portable/nxp/transdimension/dcd_transdimension.o
LOAD ./tinyusb-master/src/portable/nxp/transdimension/hcd_transdimension.o
LOAD ./tinyusb-master/src/portable/ohci/ohci.o
LOAD ./tinyusb-master/src/portable/raspberrypi/pio_usb/dcd_pio_usb.o
LOAD ./tinyusb-master/src/portable/raspberrypi/pio_usb/hcd_pio_usb.o
LOAD ./tinyusb-master/src/portable/raspberrypi/rp2040/dcd_rp2040.o
LOAD ./tinyusb-master/src/portable/raspberrypi/rp2040/hcd_rp2040.o
LOAD ./tinyusb-master/src/portable/raspberrypi/rp2040/rp2040_usb.o
LOAD ./tinyusb-master/src/portable/renesas/rusb2/dcd_rusb2.o
LOAD ./tinyusb-master/src/portable/renesas/rusb2/hcd_rusb2.o
LOAD ./tinyusb-master/src/portable/sony/cxd56/dcd_cxd56.o
LOAD ./tinyusb-master/src/portable/st/stm32_fsdev/dcd_stm32_fsdev.o
LOAD ./tinyusb-master/src/portable/st/synopsys/dcd_synopsys.o
LOAD ./tinyusb-master/src/portable/sunxi/dcd_sunxi_musb.o
LOAD ./tinyusb-master/src/portable/template/dcd_template.o
LOAD ./tinyusb-master/src/portable/ti/msp430x5xx/dcd_msp430x5xx.o
LOAD ./tinyusb-master/src/portable/valentyusb/eptri/dcd_eptri.o
LOAD ./tinyusb-master/src/portable/wch/ch32v307/dcd_usbhs.o
LOAD ./tinyusb-master/src/tusb.o
START GROUP
LOAD c:/st/stm32cubeide_1.3.0/stm32cubeide/plugins/com.st.stm32cube.ide.mcu.externaltools.gnu-tools-for-stm32.10.3-2021.10.win32_1.0.200.202301161003/tools/bin/../lib/gcc/arm-none-eabi/10.3.1/../../../../arm-none-eabi/lib/thumb/v7e-m+dp/hard\libc_nano.a
LOAD c:/st/stm32cubeide_1.3.0/stm32cubeide/plugins/com.st.stm32cube.ide.mcu.externaltools.gnu-tools-for-stm32.10.3-2021.10.win32_1.0.200.202301161003/tools/bin/../lib/gcc/arm-none-eabi/10.3.1/../../../../arm-none-eabi/lib/thumb/v7e-m+dp/hard\libm.a
END GROUP
START GROUP
LOAD c:/st/stm32cubeide_1.3.0/stm32cubeide/plugins/com.st.stm32cube.ide.mcu.externaltools.gnu-tools-for-stm32.10.3-2021.10.win32_1.0.200.202301161003/tools/bin/../lib/gcc/arm-none-eabi/10.3.1/thumb/v7e-m+dp/hard\libgcc.a
LOAD c:/st/stm32cubeide_1.3.0/stm32cubeide/plugins/com.st.stm32cube.ide.mcu.externaltools.gnu-tools-for-stm32.10.3-2021.10.win32_1.0.200.202301161003/tools/bin/../lib/gcc/arm-none-eabi/10.3.1/../../../../arm-none-eabi/lib/thumb/v7e-m+dp/hard\libc_nano.a
END GROUP
START GROUP
LOAD c:/st/stm32cubeide_1.3.0/stm32cubeide/plugins/com.st.stm32cube.ide.mcu.externaltools.gnu-tools-for-stm32.10.3-2021.10.win32_1.0.200.202301161003/tools/bin/../lib/gcc/arm-none-eabi/10.3.1/thumb/v7e-m+dp/hard\libgcc.a
LOAD c:/st/stm32cubeide_1.3.0/stm32cubeide/plugins/com.st.stm32cube.ide.mcu.externaltools.gnu-tools-for-stm32.10.3-2021.10.win32_1.0.200.202301161003/tools/bin/../lib/gcc/arm-none-eabi/10.3.1/../../../../arm-none-eabi/lib/thumb/v7e-m+dp/hard\libc_nano.a
LOAD c:/st/stm32cubeide_1.3.0/stm32cubeide/plugins/com.st.stm32cube.ide.mcu.externaltools.gnu-tools-for-stm32.10.3-2021.10.win32_1.0.200.202301161003/tools/bin/../lib/gcc/arm-none-eabi/10.3.1/../../../../arm-none-eabi/lib/thumb/v7e-m+dp/hard\libnosys.a
END GROUP
START GROUP
LOAD c:/st/stm32cubeide_1.3.0/stm32cubeide/plugins/com.st.stm32cube.ide.mcu.externaltools.gnu-tools-for-stm32.10.3-2021.10.win32_1.0.200.202301161003/tools/bin/../lib/gcc/arm-none-eabi/10.3.1/thumb/v7e-m+dp/hard\libgcc.a
LOAD c:/st/stm32cubeide_1.3.0/stm32cubeide/plugins/com.st.stm32cube.ide.mcu.externaltools.gnu-tools-for-stm32.10.3-2021.10.win32_1.0.200.202301161003/tools/bin/../lib/gcc/arm-none-eabi/10.3.1/../../../../arm-none-eabi/lib/thumb/v7e-m+dp/hard\libc_nano.a
LOAD c:/st/stm32cubeide_1.3.0/stm32cubeide/plugins/com.st.stm32cube.ide.mcu.externaltools.gnu-tools-for-stm32.10.3-2021.10.win32_1.0.200.202301161003/tools/bin/../lib/gcc/arm-none-eabi/10.3.1/../../../../arm-none-eabi/lib/thumb/v7e-m+dp/hard\libnosys.a
END GROUP
LOAD c:/st/stm32cubeide_1.3.0/stm32cubeide/plugins/com.st.stm32cube.ide.mcu.externaltools.gnu-tools-for-stm32.10.3-2021.10.win32_1.0.200.202301161003/tools/bin/../lib/gcc/arm-none-eabi/10.3.1/thumb/v7e-m+dp/hard/crtend.o
LOAD c:/st/stm32cubeide_1.3.0/stm32cubeide/plugins/com.st.stm32cube.ide.mcu.externaltools.gnu-tools-for-stm32.10.3-2021.10.win32_1.0.200.202301161003/tools/bin/../lib/gcc/arm-none-eabi/10.3.1/thumb/v7e-m+dp/hard/crtn.o
                0x0000000024050000                _estack = (ORIGIN (RAM_D1) + LENGTH (RAM_D1))
                0x0000000000000200                _Min_Heap_Size = 0x200
                0x0000000000000400                _Min_Stack_Size = 0x400

.isr_vector     0x0000000008000000      0x2cc
                0x0000000008000000                . = ALIGN (0x4)
 *(.isr_vector)
 .isr_vector    0x0000000008000000      0x2cc ./Core/Startup/startup_stm32h723vgtx.o
                0x0000000008000000                g_pfnVectors
                0x00000000080002cc                . = ALIGN (0x4)

.text           0x00000000080002cc     0xa218
                0x00000000080002cc                . = ALIGN (0x4)
 *(.text)
 .text          0x00000000080002cc       0x40 c:/st/stm32cubeide_1.3.0/stm32cubeide/plugins/com.st.stm32cube.ide.mcu.externaltools.gnu-tools-for-stm32.10.3-2021.10.win32_1.0.200.202301161003/tools/bin/../lib/gcc/arm-none-eabi/10.3.1/thumb/v7e-m+dp/hard/crtbegin.o
 .text          0x000000000800030c       0x10 c:/st/stm32cubeide_1.3.0/stm32cubeide/plugins/com.st.stm32cube.ide.mcu.externaltools.gnu-tools-for-stm32.10.3-2021.10.win32_1.0.200.202301161003/tools/bin/../lib/gcc/arm-none-eabi/10.3.1/../../../../arm-none-eabi/lib/thumb/v7e-m+dp/hard\libc_nano.a(lib_a-strlen.o)
                0x000000000800030c                strlen
 *(.text*)
 .text.tud_cdc_connected
                0x000000000800031c       0x10 ./Core/Src/main.o
 .text.tud_cdc_available
                0x000000000800032c       0x10 ./Core/Src/main.o
 .text.tud_cdc_read
                0x000000000800033c       0x1e ./Core/Src/main.o
 .text.tud_cdc_write
                0x000000000800035a       0x1e ./Core/Src/main.o
 .text.tud_cdc_write_flush
                0x0000000008000378       0x10 ./Core/Src/main.o
 .text.tud_cdc_write_available
                0x0000000008000388       0x10 ./Core/Src/main.o
 .text.tud_audio_read
                0x0000000008000398       0x22 ./Core/Src/main.o
 .text.tud_audio_write
                0x00000000080003ba       0x22 ./Core/Src/main.o
 .text.tud_mount_cb
                0x00000000080003dc       0x1c ./Core/Src/main.o
                0x00000000080003dc                tud_mount_cb
 .text.tud_umount_cb
                0x00000000080003f8       0x18 ./Core/Src/main.o
                0x00000000080003f8                tud_umount_cb
 .text.tud_suspend_cb
                0x0000000008000410       0x24 ./Core/Src/main.o
                0x0000000008000410                tud_suspend_cb
 .text.tud_resume_cb
                0x0000000008000434       0x1c ./Core/Src/main.o
                0x0000000008000434                tud_resume_cb
 .text.tud_audio_clock_get_request
                0x0000000008000450      0x134 ./Core/Src/main.o
 .text.tud_audio_clock_set_request
                0x0000000008000584       0x74 ./Core/Src/main.o
 .text.tud_audio_feature_unit_get_request
                0x00000000080005f8       0xcc ./Core/Src/main.o
 .text.tud_audio_feature_unit_set_request
                0x00000000080006c4       0xac ./Core/Src/main.o
 .text.tud_audio_get_req_entity_cb
                0x0000000008000770       0x46 ./Core/Src/main.o
                0x0000000008000770                tud_audio_get_req_entity_cb
 .text.tud_audio_set_req_entity_cb
                0x00000000080007b6       0x4c ./Core/Src/main.o
                0x00000000080007b6                tud_audio_set_req_entity_cb
 *fill*         0x0000000008000802        0x2 
 .text.tud_audio_set_itf_close_EP_cb
                0x0000000008000804       0x50 ./Core/Src/main.o
                0x0000000008000804                tud_audio_set_itf_close_EP_cb
 .text.tud_audio_set_itf_cb
                0x0000000008000854       0x70 ./Core/Src/main.o
                0x0000000008000854                tud_audio_set_itf_cb
 .text.tud_audio_rx_done_pre_read_cb
                0x00000000080008c4       0x44 ./Core/Src/main.o
                0x00000000080008c4                tud_audio_rx_done_pre_read_cb
 .text.tud_audio_tx_done_pre_load_cb
                0x0000000008000908       0x34 ./Core/Src/main.o
                0x0000000008000908                tud_audio_tx_done_pre_load_cb
 .text.tud_cdc_line_state_cb
                0x000000000800093c       0x1e ./Core/Src/main.o
                0x000000000800093c                tud_cdc_line_state_cb
 .text.tud_cdc_rx_cb
                0x000000000800095a       0x16 ./Core/Src/main.o
                0x000000000800095a                tud_cdc_rx_cb
 .text.cdc_task
                0x0000000008000970       0x68 ./Core/Src/main.o
                0x0000000008000970                cdc_task
 .text.audio_task
                0x00000000080009d8      0x118 ./Core/Src/main.o
                0x00000000080009d8                audio_task
 .text.HAL_GPIO_EXTI_Callback
                0x0000000008000af0       0x58 ./Core/Src/main.o
                0x0000000008000af0                HAL_GPIO_EXTI_Callback
 .text.main     0x0000000008000b48       0x78 ./Core/Src/main.o
                0x0000000008000b48                main
 .text.SystemClock_Config
                0x0000000008000bc0       0xe0 ./Core/Src/main.o
                0x0000000008000bc0                SystemClock_Config
 .text.MX_USB_OTG_HS_PCD_Init
                0x0000000008000ca0       0x64 ./Core/Src/main.o
 .text.MX_GPIO_Init
                0x0000000008000d04       0xdc ./Core/Src/main.o
 .text.Error_Handler
                0x0000000008000de0        0xa ./Core/Src/main.o
                0x0000000008000de0                Error_Handler
 *fill*         0x0000000008000dea        0x2 
 .text.HAL_MspInit
                0x0000000008000dec       0x34 ./Core/Src/stm32h7xx_hal_msp.o
                0x0000000008000dec                HAL_MspInit
 .text.HAL_PCD_MspInit
                0x0000000008000e20       0x8c ./Core/Src/stm32h7xx_hal_msp.o
                0x0000000008000e20                HAL_PCD_MspInit
 .text.NMI_Handler
                0x0000000008000eac        0x6 ./Core/Src/stm32h7xx_it.o
                0x0000000008000eac                NMI_Handler
 .text.HardFault_Handler
                0x0000000008000eb2        0x6 ./Core/Src/stm32h7xx_it.o
                0x0000000008000eb2                HardFault_Handler
 .text.MemManage_Handler
                0x0000000008000eb8        0x6 ./Core/Src/stm32h7xx_it.o
                0x0000000008000eb8                MemManage_Handler
 .text.BusFault_Handler
                0x0000000008000ebe        0x6 ./Core/Src/stm32h7xx_it.o
                0x0000000008000ebe                BusFault_Handler
 .text.UsageFault_Handler
                0x0000000008000ec4        0x6 ./Core/Src/stm32h7xx_it.o
                0x0000000008000ec4                UsageFault_Handler
 .text.SVC_Handler
                0x0000000008000eca        0xe ./Core/Src/stm32h7xx_it.o
                0x0000000008000eca                SVC_Handler
 .text.DebugMon_Handler
                0x0000000008000ed8        0xe ./Core/Src/stm32h7xx_it.o
                0x0000000008000ed8                DebugMon_Handler
 .text.PendSV_Handler
                0x0000000008000ee6        0xe ./Core/Src/stm32h7xx_it.o
                0x0000000008000ee6                PendSV_Handler
 .text.SysTick_Handler
                0x0000000008000ef4        0xc ./Core/Src/stm32h7xx_it.o
                0x0000000008000ef4                SysTick_Handler
 .text.EXTI15_10_IRQHandler
                0x0000000008000f00       0x10 ./Core/Src/stm32h7xx_it.o
                0x0000000008000f00                EXTI15_10_IRQHandler
 .text.OTG_HS_IRQHandler
                0x0000000008000f10       0x1e ./Core/Src/stm32h7xx_it.o
                0x0000000008000f10                OTG_HS_IRQHandler
 *fill*         0x0000000008000f2e        0x2 
 .text.SystemInit
                0x0000000008000f30       0xf0 ./Core/Src/system_stm32h7xx.o
                0x0000000008000f30                SystemInit
 .text.tud_descriptor_device_cb
                0x0000000008001020       0x14 ./Core/Src/usb_descriptors.o
                0x0000000008001020                tud_descriptor_device_cb
 .text.tud_descriptor_configuration_cb
                0x0000000008001034       0x1c ./Core/Src/usb_descriptors.o
                0x0000000008001034                tud_descriptor_configuration_cb
 .text.tud_descriptor_string_cb
                0x0000000008001050       0xa4 ./Core/Src/usb_descriptors.o
                0x0000000008001050                tud_descriptor_string_cb
 .text.Reset_Handler
                0x00000000080010f4       0x50 ./Core/Startup/startup_stm32h723vgtx.o
                0x00000000080010f4                Reset_Handler
 .text.Default_Handler
                0x0000000008001144        0x2 ./Core/Startup/startup_stm32h723vgtx.o
                0x0000000008001144                RTC_Alarm_IRQHandler
                0x0000000008001144                EXTI2_IRQHandler
                0x0000000008001144                TIM8_CC_IRQHandler
                0x0000000008001144                UART8_IRQHandler
                0x0000000008001144                SPI4_IRQHandler
                0x0000000008001144                FDCAN3_IT0_IRQHandler
                0x0000000008001144                TIM1_CC_IRQHandler
                0x0000000008001144                BDMA_Channel6_IRQHandler
                0x0000000008001144                DMA2_Stream5_IRQHandler
                0x0000000008001144                DMA1_Stream5_IRQHandler
                0x0000000008001144                CORDIC_IRQHandler
                0x0000000008001144                BDMA_Channel1_IRQHandler
                0x0000000008001144                TAMP_STAMP_IRQHandler
                0x0000000008001144                EXTI3_IRQHandler
                0x0000000008001144                LPTIM4_IRQHandler
                0x0000000008001144                TIM8_TRG_COM_TIM14_IRQHandler
                0x0000000008001144                LPTIM2_IRQHandler
                0x0000000008001144                DFSDM1_FLT1_IRQHandler
                0x0000000008001144                DMAMUX2_OVR_IRQHandler
                0x0000000008001144                TIM8_UP_TIM13_IRQHandler
                0x0000000008001144                I2C3_ER_IRQHandler
                0x0000000008001144                DFSDM1_FLT2_IRQHandler
                0x0000000008001144                I2C5_EV_IRQHandler
                0x0000000008001144                USART10_IRQHandler
                0x0000000008001144                MDMA_IRQHandler
                0x0000000008001144                LPTIM3_IRQHandler
                0x0000000008001144                HSEM1_IRQHandler
                0x0000000008001144                EXTI0_IRQHandler
                0x0000000008001144                I2C2_EV_IRQHandler
                0x0000000008001144                DMA1_Stream2_IRQHandler
                0x0000000008001144                FPU_IRQHandler
                0x0000000008001144                OTG_HS_WKUP_IRQHandler
                0x0000000008001144                FDCAN1_IT1_IRQHandler
                0x0000000008001144                LTDC_ER_IRQHandler
                0x0000000008001144                DMA2_Stream2_IRQHandler
                0x0000000008001144                SPI1_IRQHandler
                0x0000000008001144                OCTOSPI1_IRQHandler
                0x0000000008001144                TIM6_DAC_IRQHandler
                0x0000000008001144                DMA2_Stream3_IRQHandler
                0x0000000008001144                OCTOSPI2_IRQHandler
                0x0000000008001144                DFSDM1_FLT3_IRQHandler
                0x0000000008001144                TIM23_IRQHandler
                0x0000000008001144                USART6_IRQHandler
                0x0000000008001144                TIM17_IRQHandler
                0x0000000008001144                USART3_IRQHandler
                0x0000000008001144                BDMA_Channel7_IRQHandler
                0x0000000008001144                LPTIM5_IRQHandler
                0x0000000008001144                UART5_IRQHandler
                0x0000000008001144                ADC3_IRQHandler
                0x0000000008001144                DMA2_Stream0_IRQHandler
                0x0000000008001144                TIM4_IRQHandler
                0x0000000008001144                BDMA_Channel2_IRQHandler
                0x0000000008001144                I2C1_EV_IRQHandler
                0x0000000008001144                DMA1_Stream6_IRQHandler
                0x0000000008001144                DMAMUX1_OVR_IRQHandler
                0x0000000008001144                DMA1_Stream1_IRQHandler
                0x0000000008001144                TIM16_IRQHandler
                0x0000000008001144                UART4_IRQHandler
                0x0000000008001144                BDMA_Channel5_IRQHandler
                0x0000000008001144                TIM3_IRQHandler
                0x0000000008001144                RCC_IRQHandler
                0x0000000008001144                UART9_IRQHandler
                0x0000000008001144                TIM8_BRK_TIM12_IRQHandler
                0x0000000008001144                TIM1_TRG_COM_IRQHandler
                0x0000000008001144                Default_Handler
                0x0000000008001144                ECC_IRQHandler
                0x0000000008001144                FMAC_IRQHandler
                0x0000000008001144                CEC_IRQHandler
                0x0000000008001144                BDMA_Channel0_IRQHandler
                0x0000000008001144                ADC_IRQHandler
                0x0000000008001144                I2C5_ER_IRQHandler
                0x0000000008001144                DMA1_Stream7_IRQHandler
                0x0000000008001144                SPI5_IRQHandler
                0x0000000008001144                TIM7_IRQHandler
                0x0000000008001144                FDCAN3_IT1_IRQHandler
                0x0000000008001144                SDMMC1_IRQHandler
                0x0000000008001144                TIM5_IRQHandler
                0x0000000008001144                DMA2_Stream7_IRQHandler
                0x0000000008001144                TIM15_IRQHandler
                0x0000000008001144                PVD_AVD_IRQHandler
                0x0000000008001144                I2C3_EV_IRQHandler
                0x0000000008001144                EXTI9_5_IRQHandler
                0x0000000008001144                RTC_WKUP_IRQHandler
                0x0000000008001144                LTDC_IRQHandler
                0x0000000008001144                ETH_WKUP_IRQHandler
                0x0000000008001144                SPDIF_RX_IRQHandler
                0x0000000008001144                SPI2_IRQHandler
                0x0000000008001144                OTG_HS_EP1_IN_IRQHandler
                0x0000000008001144                DMA1_Stream0_IRQHandler
                0x0000000008001144                TIM24_IRQHandler
                0x0000000008001144                CRS_IRQHandler
                0x0000000008001144                EXTI4_IRQHandler
                0x0000000008001144                RNG_IRQHandler
                0x0000000008001144                FDCAN2_IT1_IRQHandler
                0x0000000008001144                ETH_IRQHandler
                0x0000000008001144                TIM1_UP_IRQHandler
                0x0000000008001144                BDMA_Channel4_IRQHandler
                0x0000000008001144                OTG_HS_EP1_OUT_IRQHandler
                0x0000000008001144                WWDG_IRQHandler
                0x0000000008001144                SPI6_IRQHandler
                0x0000000008001144                MDIOS_IRQHandler
                0x0000000008001144                I2C4_EV_IRQHandler
                0x0000000008001144                FDCAN2_IT0_IRQHandler
                0x0000000008001144                LPUART1_IRQHandler
                0x0000000008001144                FDCAN1_IT0_IRQHandler
                0x0000000008001144                TIM2_IRQHandler
                0x0000000008001144                DMA2D_IRQHandler
                0x0000000008001144                TIM1_BRK_IRQHandler
                0x0000000008001144                EXTI1_IRQHandler
                0x0000000008001144                SDMMC2_IRQHandler
                0x0000000008001144                BDMA_Channel3_IRQHandler
                0x0000000008001144                DTS_IRQHandler
                0x0000000008001144                UART7_IRQHandler
                0x0000000008001144                MDIOS_WKUP_IRQHandler
                0x0000000008001144                USART2_IRQHandler
                0x0000000008001144                DFSDM1_FLT0_IRQHandler
                0x0000000008001144                SAI4_IRQHandler
                0x0000000008001144                I2C2_ER_IRQHandler
                0x0000000008001144                DMA2_Stream1_IRQHandler
                0x0000000008001144                FLASH_IRQHandler
                0x0000000008001144                DMA2_Stream4_IRQHandler
                0x0000000008001144                USART1_IRQHandler
                0x0000000008001144                SPI3_IRQHandler
                0x0000000008001144                WAKEUP_PIN_IRQHandler
                0x0000000008001144                DMA1_Stream4_IRQHandler
                0x0000000008001144                I2C1_ER_IRQHandler
                0x0000000008001144                FMC_IRQHandler
                0x0000000008001144                FDCAN_CAL_IRQHandler
                0x0000000008001144                SWPMI1_IRQHandler
                0x0000000008001144                COMP1_IRQHandler
                0x0000000008001144                LPTIM1_IRQHandler
                0x0000000008001144                DCMI_PSSI_IRQHandler
                0x0000000008001144                I2C4_ER_IRQHandler
                0x0000000008001144                DMA2_Stream6_IRQHandler
                0x0000000008001144                SAI1_IRQHandler
                0x0000000008001144                DMA1_Stream3_IRQHandler
 *fill*         0x0000000008001146        0x2 
 .text.HAL_Init
                0x0000000008001148       0x78 ./Drivers/STM32H7xx_HAL_Driver/Src/stm32h7xx_hal.o
                0x0000000008001148                HAL_Init
 .text.HAL_InitTick
                0x00000000080011c0       0x6c ./Drivers/STM32H7xx_HAL_Driver/Src/stm32h7xx_hal.o
                0x00000000080011c0                HAL_InitTick
 .text.HAL_IncTick
                0x000000000800122c       0x28 ./Drivers/STM32H7xx_HAL_Driver/Src/stm32h7xx_hal.o
                0x000000000800122c                HAL_IncTick
 .text.HAL_GetTick
                0x0000000008001254       0x18 ./Drivers/STM32H7xx_HAL_Driver/Src/stm32h7xx_hal.o
                0x0000000008001254                HAL_GetTick
 .text.HAL_Delay
                0x000000000800126c       0x48 ./Drivers/STM32H7xx_HAL_Driver/Src/stm32h7xx_hal.o
                0x000000000800126c                HAL_Delay
 .text.__NVIC_SetPriorityGrouping
                0x00000000080012b4       0x48 ./Drivers/STM32H7xx_HAL_Driver/Src/stm32h7xx_hal_cortex.o
 .text.__NVIC_GetPriorityGrouping
                0x00000000080012fc       0x1c ./Drivers/STM32H7xx_HAL_Driver/Src/stm32h7xx_hal_cortex.o
 .text.__NVIC_EnableIRQ
                0x0000000008001318       0x3c ./Drivers/STM32H7xx_HAL_Driver/Src/stm32h7xx_hal_cortex.o
 .text.__NVIC_SetPriority
                0x0000000008001354       0x54 ./Drivers/STM32H7xx_HAL_Driver/Src/stm32h7xx_hal_cortex.o
 .text.NVIC_EncodePriority
                0x00000000080013a8       0x66 ./Drivers/STM32H7xx_HAL_Driver/Src/stm32h7xx_hal_cortex.o
 *fill*         0x000000000800140e        0x2 
 .text.SysTick_Config
                0x0000000008001410       0x44 ./Drivers/STM32H7xx_HAL_Driver/Src/stm32h7xx_hal_cortex.o
 .text.HAL_NVIC_SetPriorityGrouping
                0x0000000008001454       0x16 ./Drivers/STM32H7xx_HAL_Driver/Src/stm32h7xx_hal_cortex.o
                0x0000000008001454                HAL_NVIC_SetPriorityGrouping
 .text.HAL_NVIC_SetPriority
                0x000000000800146a       0x34 ./Drivers/STM32H7xx_HAL_Driver/Src/stm32h7xx_hal_cortex.o
                0x000000000800146a                HAL_NVIC_SetPriority
 .text.HAL_NVIC_EnableIRQ
                0x000000000800149e       0x1c ./Drivers/STM32H7xx_HAL_Driver/Src/stm32h7xx_hal_cortex.o
                0x000000000800149e                HAL_NVIC_EnableIRQ
 .text.HAL_SYSTICK_Config
                0x00000000080014ba       0x18 ./Drivers/STM32H7xx_HAL_Driver/Src/stm32h7xx_hal_cortex.o
                0x00000000080014ba                HAL_SYSTICK_Config
 *fill*         0x00000000080014d2        0x2 
 .text.HAL_GPIO_Init
                0x00000000080014d4      0x350 ./Drivers/STM32H7xx_HAL_Driver/Src/stm32h7xx_hal_gpio.o
                0x00000000080014d4                HAL_GPIO_Init
 .text.HAL_GPIO_WritePin
                0x0000000008001824       0x32 ./Drivers/STM32H7xx_HAL_Driver/Src/stm32h7xx_hal_gpio.o
                0x0000000008001824                HAL_GPIO_WritePin
 .text.HAL_GPIO_EXTI_IRQHandler
                0x0000000008001856       0x34 ./Drivers/STM32H7xx_HAL_Driver/Src/stm32h7xx_hal_gpio.o
                0x0000000008001856                HAL_GPIO_EXTI_IRQHandler
 .text.HAL_PCD_Init
                0x000000000800188a      0x248 ./Drivers/STM32H7xx_HAL_Driver/Src/stm32h7xx_hal_pcd.o
                0x000000000800188a                HAL_PCD_Init
 *fill*         0x0000000008001ad2        0x2 
 .text.HAL_PCDEx_ActivateLPM
                0x0000000008001ad4       0x48 ./Drivers/STM32H7xx_HAL_Driver/Src/stm32h7xx_hal_pcd_ex.o
                0x0000000008001ad4                HAL_PCDEx_ActivateLPM
 .text.HAL_PWREx_ConfigSupply
                0x0000000008001b1c       0x74 ./Drivers/STM32H7xx_HAL_Driver/Src/stm32h7xx_hal_pwr_ex.o
                0x0000000008001b1c                HAL_PWREx_ConfigSupply
 .text.HAL_PWREx_EnableUSBVoltageDetector
                0x0000000008001b90       0x20 ./Drivers/STM32H7xx_HAL_Driver/Src/stm32h7xx_hal_pwr_ex.o
                0x0000000008001b90                HAL_PWREx_EnableUSBVoltageDetector
 .text.HAL_RCC_OscConfig
                0x0000000008001bb0      0x7b4 ./Drivers/STM32H7xx_HAL_Driver/Src/stm32h7xx_hal_rcc.o
                0x0000000008001bb0                HAL_RCC_OscConfig
 .text.HAL_RCC_ClockConfig
                0x0000000008002364      0x36c ./Drivers/STM32H7xx_HAL_Driver/Src/stm32h7xx_hal_rcc.o
                0x0000000008002364                HAL_RCC_ClockConfig
 .text.HAL_RCC_GetSysClockFreq
                0x00000000080026d0      0x2f4 ./Drivers/STM32H7xx_HAL_Driver/Src/stm32h7xx_hal_rcc.o
                0x00000000080026d0                HAL_RCC_GetSysClockFreq
 .text.HAL_RCCEx_PeriphCLKConfig
                0x00000000080029c4     0x1340 ./Drivers/STM32H7xx_HAL_Driver/Src/stm32h7xx_hal_rcc_ex.o
                0x00000000080029c4                HAL_RCCEx_PeriphCLKConfig
 .text.RCCEx_PLL2_Config
                0x0000000008003d04      0x164 ./Drivers/STM32H7xx_HAL_Driver/Src/stm32h7xx_hal_rcc_ex.o
 .text.RCCEx_PLL3_Config
                0x0000000008003e68      0x164 ./Drivers/STM32H7xx_HAL_Driver/Src/stm32h7xx_hal_rcc_ex.o
 .text.USB_CoreInit
                0x0000000008003fcc       0xdc ./Drivers/STM32H7xx_HAL_Driver/Src/stm32h7xx_ll_usb.o
                0x0000000008003fcc                USB_CoreInit
 .text.USB_DisableGlobalInt
                0x00000000080040a8       0x22 ./Drivers/STM32H7xx_HAL_Driver/Src/stm32h7xx_ll_usb.o
                0x00000000080040a8                USB_DisableGlobalInt
 .text.USB_SetCurrentMode
                0x00000000080040ca       0x98 ./Drivers/STM32H7xx_HAL_Driver/Src/stm32h7xx_ll_usb.o
                0x00000000080040ca                USB_SetCurrentMode
 *fill*         0x0000000008004162        0x2 
 .text.USB_DevInit
                0x0000000008004164      0x2bc ./Drivers/STM32H7xx_HAL_Driver/Src/stm32h7xx_ll_usb.o
                0x0000000008004164                USB_DevInit
 .text.USB_FlushTxFifo
                0x0000000008004420       0x68 ./Drivers/STM32H7xx_HAL_Driver/Src/stm32h7xx_ll_usb.o
                0x0000000008004420                USB_FlushTxFifo
 .text.USB_FlushRxFifo
                0x0000000008004488       0x60 ./Drivers/STM32H7xx_HAL_Driver/Src/stm32h7xx_ll_usb.o
                0x0000000008004488                USB_FlushRxFifo
 .text.USB_SetDevSpeed
                0x00000000080044e8       0x32 ./Drivers/STM32H7xx_HAL_Driver/Src/stm32h7xx_ll_usb.o
                0x00000000080044e8                USB_SetDevSpeed
 .text.USB_DevDisconnect
                0x000000000800451a       0x42 ./Drivers/STM32H7xx_HAL_Driver/Src/stm32h7xx_ll_usb.o
                0x000000000800451a                USB_DevDisconnect
 .text.USB_GetMode
                0x000000000800455c       0x1c ./Drivers/STM32H7xx_HAL_Driver/Src/stm32h7xx_ll_usb.o
                0x000000000800455c                USB_GetMode
 .text.USB_CoreReset
                0x0000000008004578       0x68 ./Drivers/STM32H7xx_HAL_Driver/Src/stm32h7xx_ll_usb.o
 .text.tud_audio_n_read
                0x00000000080045e0       0x58 ./tinyusb-master/src/class/audio/audio_device.o
                0x00000000080045e0                tud_audio_n_read
 .text.audiod_rx_done_cb
                0x0000000008004638       0xec ./tinyusb-master/src/class/audio/audio_device.o
 .text.tud_audio_n_write
                0x0000000008004724       0x5c ./tinyusb-master/src/class/audio/audio_device.o
                0x0000000008004724                tud_audio_n_write
 .text.audiod_tx_done_cb
                0x0000000008004780      0x100 ./tinyusb-master/src/class/audio/audio_device.o
 .text.audiod_init
                0x0000000008004880       0xb0 ./tinyusb-master/src/class/audio/audio_device.o
                0x0000000008004880                audiod_init
 .text.audiod_reset
                0x0000000008004930       0x58 ./tinyusb-master/src/class/audio/audio_device.o
                0x0000000008004930                audiod_reset
 .text.audiod_open
                0x0000000008004988      0x104 ./tinyusb-master/src/class/audio/audio_device.o
                0x0000000008004988                audiod_open
 .text.audiod_get_interface
                0x0000000008004a8c       0x7c ./tinyusb-master/src/class/audio/audio_device.o
 .text.audiod_set_interface
                0x0000000008004b08      0x32c ./tinyusb-master/src/class/audio/audio_device.o
 .text.audiod_control_complete
                0x0000000008004e34      0x174 ./tinyusb-master/src/class/audio/audio_device.o
 .text.audiod_control_request
                0x0000000008004fa8      0x200 ./tinyusb-master/src/class/audio/audio_device.o
 .text.audiod_control_xfer_cb
                0x00000000080051a8       0x42 ./tinyusb-master/src/class/audio/audio_device.o
                0x00000000080051a8                audiod_control_xfer_cb
 *fill*         0x00000000080051ea        0x2 
 .text.audiod_xfer_cb
                0x00000000080051ec       0xa0 ./tinyusb-master/src/class/audio/audio_device.o
                0x00000000080051ec                audiod_xfer_cb
 .text.audiod_sof_isr
                0x000000000800528c       0x18 ./tinyusb-master/src/class/audio/audio_device.o
                0x000000000800528c                audiod_sof_isr
 .text.tud_audio_buffer_and_schedule_control_xfer
                0x00000000080052a4      0x19c ./tinyusb-master/src/class/audio/audio_device.o
                0x00000000080052a4                tud_audio_buffer_and_schedule_control_xfer
 .text.audiod_get_AS_interface_index
                0x0000000008005440       0xb8 ./tinyusb-master/src/class/audio/audio_device.o
 .text.audiod_get_AS_interface_index_global
                0x00000000080054f8       0x58 ./tinyusb-master/src/class/audio/audio_device.o
 .text.audiod_verify_entity_exists
                0x0000000008005550       0xf0 ./tinyusb-master/src/class/audio/audio_device.o
 .text.audiod_verify_itf_exists
                0x0000000008005640       0xd4 ./tinyusb-master/src/class/audio/audio_device.o
 .text.audiod_verify_ep_exists
                0x0000000008005714       0xf4 ./tinyusb-master/src/class/audio/audio_device.o
 .text.audiod_get_audio_fct_idx
                0x0000000008005808       0x44 ./tinyusb-master/src/class/audio/audio_device.o
 .text._prep_out_transaction
                0x000000000800584c       0x84 ./tinyusb-master/src/class/cdc/cdc_device.o
 .text.tud_cdc_n_connected
                0x00000000080058d0       0x80 ./tinyusb-master/src/class/cdc/cdc_device.o
                0x00000000080058d0                tud_cdc_n_connected
 .text.tud_cdc_n_available
                0x0000000008005950       0x30 ./tinyusb-master/src/class/cdc/cdc_device.o
                0x0000000008005950                tud_cdc_n_available
 .text.tud_cdc_n_read
                0x0000000008005980       0x48 ./tinyusb-master/src/class/cdc/cdc_device.o
                0x0000000008005980                tud_cdc_n_read
 .text.tud_cdc_n_write
                0x00000000080059c8       0x58 ./tinyusb-master/src/class/cdc/cdc_device.o
                0x00000000080059c8                tud_cdc_n_write
 .text.tud_cdc_n_write_flush
                0x0000000008005a20       0xf8 ./tinyusb-master/src/class/cdc/cdc_device.o
                0x0000000008005a20                tud_cdc_n_write_flush
 .text.tud_cdc_n_write_available
                0x0000000008005b18       0x30 ./tinyusb-master/src/class/cdc/cdc_device.o
                0x0000000008005b18                tud_cdc_n_write_available
 .text.cdcd_init
                0x0000000008005b48       0x94 ./tinyusb-master/src/class/cdc/cdc_device.o
                0x0000000008005b48                cdcd_init
 .text.cdcd_reset
                0x0000000008005bdc       0x64 ./tinyusb-master/src/class/cdc/cdc_device.o
                0x0000000008005bdc                cdcd_reset
 .text.cdcd_open
                0x0000000008005c40      0x1f8 ./tinyusb-master/src/class/cdc/cdc_device.o
                0x0000000008005c40                cdcd_open
 .text.cdcd_control_xfer_cb
                0x0000000008005e38      0x1dc ./tinyusb-master/src/class/cdc/cdc_device.o
                0x0000000008005e38                cdcd_control_xfer_cb
 .text.cdcd_xfer_cb
                0x0000000008006014      0x18c ./tinyusb-master/src/class/cdc/cdc_device.o
                0x0000000008006014                cdcd_xfer_cb
 .text.tu_fifo_config
                0x00000000080061a0       0x66 ./tinyusb-master/src/common/tusb_fifo.o
                0x00000000080061a0                tu_fifo_config
 .text._ff_push_const_addr
                0x0000000008006206       0x68 ./tinyusb-master/src/common/tusb_fifo.o
 .text._ff_pull_const_addr
                0x000000000800626e       0x66 ./tinyusb-master/src/common/tusb_fifo.o
 .text._ff_push
                0x00000000080062d4       0x3e ./tinyusb-master/src/common/tusb_fifo.o
 .text._ff_push_n
                0x0000000008006312      0x1bc ./tinyusb-master/src/common/tusb_fifo.o
 .text._ff_pull
                0x00000000080064ce       0x3e ./tinyusb-master/src/common/tusb_fifo.o
 .text._ff_pull_n
                0x000000000800650c      0x1c0 ./tinyusb-master/src/common/tusb_fifo.o
 .text.advance_index
                0x00000000080066cc       0x4c ./tinyusb-master/src/common/tusb_fifo.o
 .text._tu_fifo_peek
                0x0000000008006718       0xcc ./tinyusb-master/src/common/tusb_fifo.o
 .text._tu_fifo_peek_n
                0x00000000080067e4       0xe0 ./tinyusb-master/src/common/tusb_fifo.o
 .text._tu_fifo_write_n
                0x00000000080068c4      0x1a2 ./tinyusb-master/src/common/tusb_fifo.o
 .text._tu_fifo_read_n
                0x0000000008006a66       0x5e ./tinyusb-master/src/common/tusb_fifo.o
 .text.tu_fifo_count
                0x0000000008006ac4       0x64 ./tinyusb-master/src/common/tusb_fifo.o
                0x0000000008006ac4                tu_fifo_count
 .text.tu_fifo_empty
                0x0000000008006b28       0x2a ./tinyusb-master/src/common/tusb_fifo.o
                0x0000000008006b28                tu_fifo_empty
 .text.tu_fifo_full
                0x0000000008006b52       0x5c ./tinyusb-master/src/common/tusb_fifo.o
                0x0000000008006b52                tu_fifo_full
 .text.tu_fifo_remaining
                0x0000000008006bae       0x70 ./tinyusb-master/src/common/tusb_fifo.o
                0x0000000008006bae                tu_fifo_remaining
 .text.tu_fifo_read
                0x0000000008006c1e       0x48 ./tinyusb-master/src/common/tusb_fifo.o
                0x0000000008006c1e                tu_fifo_read
 .text.tu_fifo_read_n
                0x0000000008006c66       0x24 ./tinyusb-master/src/common/tusb_fifo.o
                0x0000000008006c66                tu_fifo_read_n
 .text.tu_fifo_read_n_const_addr_full_words
                0x0000000008006c8a       0x24 ./tinyusb-master/src/common/tusb_fifo.o
                0x0000000008006c8a                tu_fifo_read_n_const_addr_full_words
 .text.tu_fifo_write
                0x0000000008006cae       0x86 ./tinyusb-master/src/common/tusb_fifo.o
                0x0000000008006cae                tu_fifo_write
 .text.tu_fifo_write_n
                0x0000000008006d34       0x24 ./tinyusb-master/src/common/tusb_fifo.o
                0x0000000008006d34                tu_fifo_write_n
 .text.tu_fifo_write_n_const_addr_full_words
                0x0000000008006d58       0x24 ./tinyusb-master/src/common/tusb_fifo.o
                0x0000000008006d58                tu_fifo_write_n_const_addr_full_words
 .text.tu_fifo_clear
                0x0000000008006d7c       0x22 ./tinyusb-master/src/common/tusb_fifo.o
                0x0000000008006d7c                tu_fifo_clear
 .text.tu_fifo_set_overwritable
                0x0000000008006d9e       0x26 ./tinyusb-master/src/common/tusb_fifo.o
                0x0000000008006d9e                tu_fifo_set_overwritable
 .text.get_driver
                0x0000000008006dc4       0x6c ./tinyusb-master/src/device/usbd.o
 .text.tud_mounted
                0x0000000008006e30       0x24 ./tinyusb-master/src/device/usbd.o
                0x0000000008006e30                tud_mounted
 .text.tud_suspended
                0x0000000008006e54       0x28 ./tinyusb-master/src/device/usbd.o
                0x0000000008006e54                tud_suspended
 .text.tud_inited
                0x0000000008006e7c       0x20 ./tinyusb-master/src/device/usbd.o
                0x0000000008006e7c                tud_inited
 .text.tud_init
                0x0000000008006e9c       0xec ./tinyusb-master/src/device/usbd.o
                0x0000000008006e9c                tud_init
 .text.configuration_reset
                0x0000000008006f88       0x8c ./tinyusb-master/src/device/usbd.o
 .text.usbd_reset
                0x0000000008007014       0x1e ./tinyusb-master/src/device/usbd.o
 *fill*         0x0000000008007032        0x2 
 .text.tud_task_ext
                0x0000000008007034      0x2a4 ./tinyusb-master/src/device/usbd.o
                0x0000000008007034                tud_task_ext
 .text.invoke_class_control
                0x00000000080072d8       0x2e ./tinyusb-master/src/device/usbd.o
 *fill*         0x0000000008007306        0x2 
 .text.process_control_request
                0x0000000008007308      0x4d8 ./tinyusb-master/src/device/usbd.o
 .text.process_set_config
                0x00000000080077e0      0x238 ./tinyusb-master/src/device/usbd.o
 .text.process_get_descriptor
                0x0000000008007a18      0x1d0 ./tinyusb-master/src/device/usbd.o
 .text.dcd_event_handler
                0x0000000008007be8      0x3ec ./tinyusb-master/src/device/usbd.o
                0x0000000008007be8                dcd_event_handler
 .text.usbd_int_set
                0x0000000008007fd4       0x34 ./tinyusb-master/src/device/usbd.o
                0x0000000008007fd4                usbd_int_set
 .text.usbd_open_edpt_pair
                0x0000000008008008       0xd0 ./tinyusb-master/src/device/usbd.o
                0x0000000008008008                usbd_open_edpt_pair
 .text.usbd_edpt_open
                0x00000000080080d8       0x88 ./tinyusb-master/src/device/usbd.o
                0x00000000080080d8                usbd_edpt_open
 .text.usbd_edpt_claim
                0x0000000008008160       0x54 ./tinyusb-master/src/device/usbd.o
                0x0000000008008160                usbd_edpt_claim
 .text.usbd_edpt_release
                0x00000000080081b4       0x54 ./tinyusb-master/src/device/usbd.o
                0x00000000080081b4                usbd_edpt_release
 .text.usbd_edpt_xfer
                0x0000000008008208       0xec ./tinyusb-master/src/device/usbd.o
                0x0000000008008208                usbd_edpt_xfer
 .text.usbd_edpt_xfer_fifo
                0x00000000080082f4       0xec ./tinyusb-master/src/device/usbd.o
                0x00000000080082f4                usbd_edpt_xfer_fifo
 .text.usbd_edpt_stall
                0x00000000080083e0       0x98 ./tinyusb-master/src/device/usbd.o
                0x00000000080083e0                usbd_edpt_stall
 .text.usbd_edpt_clear_stall
                0x0000000008008478       0x98 ./tinyusb-master/src/device/usbd.o
                0x0000000008008478                usbd_edpt_clear_stall
 .text.usbd_edpt_stalled
                0x0000000008008510       0x5c ./tinyusb-master/src/device/usbd.o
                0x0000000008008510                usbd_edpt_stalled
 .text.usbd_edpt_close
                0x000000000800856c       0xb8 ./tinyusb-master/src/device/usbd.o
                0x000000000800856c                usbd_edpt_close
 .text._status_stage_xact
                0x0000000008008624       0x38 ./tinyusb-master/src/device/usbd_control.o
 .text.tud_control_status
                0x000000000800865c       0x40 ./tinyusb-master/src/device/usbd_control.o
                0x000000000800865c                tud_control_status
 .text._data_stage_xact
                0x000000000800869c       0xa4 ./tinyusb-master/src/device/usbd_control.o
 .text.tud_control_xfer
                0x0000000008008740       0xe0 ./tinyusb-master/src/device/usbd_control.o
                0x0000000008008740                tud_control_xfer
 .text.usbd_control_reset
                0x0000000008008820       0x18 ./tinyusb-master/src/device/usbd_control.o
                0x0000000008008820                usbd_control_reset
 .text.usbd_control_set_complete_callback
                0x0000000008008838       0x20 ./tinyusb-master/src/device/usbd_control.o
                0x0000000008008838                usbd_control_set_complete_callback
 .text.usbd_control_set_request
                0x0000000008008858       0x34 ./tinyusb-master/src/device/usbd_control.o
                0x0000000008008858                usbd_control_set_request
 .text.usbd_control_xfer_cb
                0x000000000800888c      0x170 ./tinyusb-master/src/device/usbd_control.o
                0x000000000800888c                usbd_control_xfer_cb
 .text.__NVIC_EnableIRQ
                0x00000000080089fc       0x3c ./tinyusb-master/src/portable/st/synopsys/dcd_synopsys.o
 .text.__NVIC_DisableIRQ
                0x0000000008008a38       0x48 ./tinyusb-master/src/portable/st/synopsys/dcd_synopsys.o
 .text.calc_rx_ff_size
                0x0000000008008a80       0x24 ./tinyusb-master/src/portable/st/synopsys/dcd_synopsys.o
 .text.update_grxfsiz
                0x0000000008008aa4       0x68 ./tinyusb-master/src/portable/st/synopsys/dcd_synopsys.o
 .text.bus_reset
                0x0000000008008b0c       0xf4 ./tinyusb-master/src/portable/st/synopsys/dcd_synopsys.o
 .text.set_turnaround
                0x0000000008008c00      0x104 ./tinyusb-master/src/portable/st/synopsys/dcd_synopsys.o
 .text.get_speed
                0x0000000008008d04       0x38 ./tinyusb-master/src/portable/st/synopsys/dcd_synopsys.o
 .text.set_speed
                0x0000000008008d3c       0x58 ./tinyusb-master/src/portable/st/synopsys/dcd_synopsys.o
 .text.edpt_schedule_packets
                0x0000000008008d94      0x1e4 ./tinyusb-master/src/portable/st/synopsys/dcd_synopsys.o
 .text.dcd_init
                0x0000000008008f78       0xd0 ./tinyusb-master/src/portable/st/synopsys/dcd_synopsys.o
                0x0000000008008f78                dcd_init
 .text.dcd_int_enable
                0x0000000008009048       0x18 ./tinyusb-master/src/portable/st/synopsys/dcd_synopsys.o
                0x0000000008009048                dcd_int_enable
 .text.dcd_int_disable
                0x0000000008009060       0x18 ./tinyusb-master/src/portable/st/synopsys/dcd_synopsys.o
                0x0000000008009060                dcd_int_disable
 .text.dcd_set_address
                0x0000000008009078       0x5c ./tinyusb-master/src/portable/st/synopsys/dcd_synopsys.o
                0x0000000008009078                dcd_set_address
 .text.dcd_connect
                0x00000000080090d4       0x2c ./tinyusb-master/src/portable/st/synopsys/dcd_synopsys.o
                0x00000000080090d4                dcd_connect
 .text.dcd_edpt_open
                0x0000000008009100      0x234 ./tinyusb-master/src/portable/st/synopsys/dcd_synopsys.o
                0x0000000008009100                dcd_edpt_open
 .text.dcd_edpt_close_all
                0x0000000008009334       0x8c ./tinyusb-master/src/portable/st/synopsys/dcd_synopsys.o
                0x0000000008009334                dcd_edpt_close_all
 .text.dcd_edpt_xfer
                0x00000000080093c0       0xd0 ./tinyusb-master/src/portable/st/synopsys/dcd_synopsys.o
                0x00000000080093c0                dcd_edpt_xfer
 .text.dcd_edpt_xfer_fifo
                0x0000000008009490       0xcc ./tinyusb-master/src/portable/st/synopsys/dcd_synopsys.o
                0x0000000008009490                dcd_edpt_xfer_fifo
 .text.dcd_edpt_disable
                0x000000000800955c      0x1dc ./tinyusb-master/src/portable/st/synopsys/dcd_synopsys.o
 .text.dcd_edpt_close
                0x0000000008009738       0xcc ./tinyusb-master/src/portable/st/synopsys/dcd_synopsys.o
                0x0000000008009738                dcd_edpt_close
 .text.dcd_edpt_stall
                0x0000000008009804       0x24 ./tinyusb-master/src/portable/st/synopsys/dcd_synopsys.o
                0x0000000008009804                dcd_edpt_stall
 .text.dcd_edpt_clear_stall
                0x0000000008009828       0xb0 ./tinyusb-master/src/portable/st/synopsys/dcd_synopsys.o
                0x0000000008009828                dcd_edpt_clear_stall
 .text.read_fifo_packet
                0x00000000080098d8       0xb8 ./tinyusb-master/src/portable/st/synopsys/dcd_synopsys.o
 .text.write_fifo_packet
                0x0000000008009990       0xcc ./tinyusb-master/src/portable/st/synopsys/dcd_synopsys.o
 .text.handle_rxflvl_ints
                0x0000000008009a5c      0x150 ./tinyusb-master/src/portable/st/synopsys/dcd_synopsys.o
 .text.handle_epout_ints
                0x0000000008009bac      0x174 ./tinyusb-master/src/portable/st/synopsys/dcd_synopsys.o
 .text.handle_epin_ints
                0x0000000008009d20      0x214 ./tinyusb-master/src/portable/st/synopsys/dcd_synopsys.o
 .text.dcd_int_handler
                0x0000000008009f34      0x29c ./tinyusb-master/src/portable/st/synopsys/dcd_synopsys.o
                0x0000000008009f34                dcd_int_handler
 .text.tusb_init
                0x000000000800a1d0       0x3c ./tinyusb-master/src/tusb.o
                0x000000000800a1d0                tusb_init
 .text.tu_edpt_claim
                0x000000000800a20c       0x74 ./tinyusb-master/src/tusb.o
                0x000000000800a20c                tu_edpt_claim
 .text.tu_edpt_release
                0x000000000800a280       0x54 ./tinyusb-master/src/tusb.o
                0x000000000800a280                tu_edpt_release
 .text.tu_edpt_validate
                0x000000000800a2d4       0xf8 ./tinyusb-master/src/tusb.o
                0x000000000800a2d4                tu_edpt_validate
 .text.tu_edpt_bind_driver
                0x000000000800a3cc       0x8a ./tinyusb-master/src/tusb.o
                0x000000000800a3cc                tu_edpt_bind_driver
 *fill*         0x000000000800a456        0x2 
 .text.__libc_init_array
                0x000000000800a458       0x48 c:/st/stm32cubeide_1.3.0/stm32cubeide/plugins/com.st.stm32cube.ide.mcu.externaltools.gnu-tools-for-stm32.10.3-2021.10.win32_1.0.200.202301161003/tools/bin/../lib/gcc/arm-none-eabi/10.3.1/../../../../arm-none-eabi/lib/thumb/v7e-m+dp/hard\libc_nano.a(lib_a-init.o)
                0x000000000800a458                __libc_init_array
 .text.memcpy   0x000000000800a4a0       0x1c c:/st/stm32cubeide_1.3.0/stm32cubeide/plugins/com.st.stm32cube.ide.mcu.externaltools.gnu-tools-for-stm32.10.3-2021.10.win32_1.0.200.202301161003/tools/bin/../lib/gcc/arm-none-eabi/10.3.1/../../../../arm-none-eabi/lib/thumb/v7e-m+dp/hard\libc_nano.a(lib_a-memcpy-stub.o)
                0x000000000800a4a0                memcpy
 .text.memset   0x000000000800a4bc       0x10 c:/st/stm32cubeide_1.3.0/stm32cubeide/plugins/com.st.stm32cube.ide.mcu.externaltools.gnu-tools-for-stm32.10.3-2021.10.win32_1.0.200.202301161003/tools/bin/../lib/gcc/arm-none-eabi/10.3.1/../../../../arm-none-eabi/lib/thumb/v7e-m+dp/hard\libc_nano.a(lib_a-memset.o)
                0x000000000800a4bc                memset
 *(.glue_7)
 .glue_7        0x000000000800a4cc        0x0 linker stubs
 *(.glue_7t)
 .glue_7t       0x000000000800a4cc        0x0 linker stubs
 *(.eh_frame)
 .eh_frame      0x000000000800a4cc        0x0 c:/st/stm32cubeide_1.3.0/stm32cubeide/plugins/com.st.stm32cube.ide.mcu.externaltools.gnu-tools-for-stm32.10.3-2021.10.win32_1.0.200.202301161003/tools/bin/../lib/gcc/arm-none-eabi/10.3.1/thumb/v7e-m+dp/hard/crtbegin.o
 *(.init)
 .init          0x000000000800a4cc        0x4 c:/st/stm32cubeide_1.3.0/stm32cubeide/plugins/com.st.stm32cube.ide.mcu.externaltools.gnu-tools-for-stm32.10.3-2021.10.win32_1.0.200.202301161003/tools/bin/../lib/gcc/arm-none-eabi/10.3.1/thumb/v7e-m+dp/hard/crti.o
                0x000000000800a4cc                _init
 .init          0x000000000800a4d0        0x8 c:/st/stm32cubeide_1.3.0/stm32cubeide/plugins/com.st.stm32cube.ide.mcu.externaltools.gnu-tools-for-stm32.10.3-2021.10.win32_1.0.200.202301161003/tools/bin/../lib/gcc/arm-none-eabi/10.3.1/thumb/v7e-m+dp/hard/crtn.o
 *(.fini)
 .fini          0x000000000800a4d8        0x4 c:/st/stm32cubeide_1.3.0/stm32cubeide/plugins/com.st.stm32cube.ide.mcu.externaltools.gnu-tools-for-stm32.10.3-2021.10.win32_1.0.200.202301161003/tools/bin/../lib/gcc/arm-none-eabi/10.3.1/thumb/v7e-m+dp/hard/crti.o
                0x000000000800a4d8                _fini
 .fini          0x000000000800a4dc        0x8 c:/st/stm32cubeide_1.3.0/stm32cubeide/plugins/com.st.stm32cube.ide.mcu.externaltools.gnu-tools-for-stm32.10.3-2021.10.win32_1.0.200.202301161003/tools/bin/../lib/gcc/arm-none-eabi/10.3.1/thumb/v7e-m+dp/hard/crtn.o
                0x000000000800a4e4                . = ALIGN (0x4)
                0x000000000800a4e4                _etext = .

.vfp11_veneer   0x000000000800a4e4        0x0
 .vfp11_veneer  0x000000000800a4e4        0x0 linker stubs

.v4_bx          0x000000000800a4e4        0x0
 .v4_bx         0x000000000800a4e4        0x0 linker stubs

.iplt           0x000000000800a4e4        0x0
 .iplt          0x000000000800a4e4        0x0 c:/st/stm32cubeide_1.3.0/stm32cubeide/plugins/com.st.stm32cube.ide.mcu.externaltools.gnu-tools-for-stm32.10.3-2021.10.win32_1.0.200.202301161003/tools/bin/../lib/gcc/arm-none-eabi/10.3.1/thumb/v7e-m+dp/hard/crtbegin.o

.rodata         0x000000000800a4e4      0x258
                0x000000000800a4e4                . = ALIGN (0x4)
 *(.rodata)
 .rodata        0x000000000800a4e4       0x13 ./Core/Src/main.o
 *fill*         0x000000000800a4f7        0x1 
 .rodata        0x000000000800a4f8       0x54 ./Core/Src/usb_descriptors.o
 *(.rodata*)
 .rodata.sample_rates
                0x000000000800a54c       0x10 ./Core/Src/main.o
                0x000000000800a54c                sample_rates
 .rodata.resolutions_per_format
                0x000000000800a55c        0x2 ./Core/Src/main.o
                0x000000000800a55c                resolutions_per_format
 *fill*         0x000000000800a55e        0x2 
 .rodata.D1CorePrescTable
                0x000000000800a560       0x10 ./Core/Src/system_stm32h7xx.o
                0x000000000800a560                D1CorePrescTable
 .rodata.desc_device
                0x000000000800a570       0x12 ./Core/Src/usb_descriptors.o
                0x000000000800a570                desc_device
 *fill*         0x000000000800a582        0x2 
 .rodata.desc_configuration
                0x000000000800a584      0x183 ./Core/Src/usb_descriptors.o
                0x000000000800a584                desc_configuration
 *fill*         0x000000000800a707        0x1 
 .rodata.__compound_literal.0
                0x000000000800a708        0x2 ./Core/Src/usb_descriptors.o
 *fill*         0x000000000800a70a        0x2 
 .rodata._usbd_driver
                0x000000000800a70c       0x30 ./tinyusb-master/src/device/usbd.o
                0x000000000800a73c                . = ALIGN (0x4)

.rel.dyn        0x000000000800a73c        0x0
 .rel.iplt      0x000000000800a73c        0x0 c:/st/stm32cubeide_1.3.0/stm32cubeide/plugins/com.st.stm32cube.ide.mcu.externaltools.gnu-tools-for-stm32.10.3-2021.10.win32_1.0.200.202301161003/tools/bin/../lib/gcc/arm-none-eabi/10.3.1/thumb/v7e-m+dp/hard/crtbegin.o

.ARM.extab
 *(.ARM.extab* .gnu.linkonce.armextab.*)

.ARM            0x000000000800a73c        0x0
                0x000000000800a73c                __exidx_start = .
 *(.ARM.exidx*)
                0x000000000800a73c                __exidx_end = .

.preinit_array  0x000000000800a73c        0x0
                0x000000000800a73c                PROVIDE (__preinit_array_start = .)
 *(.preinit_array*)
                0x000000000800a73c                PROVIDE (__preinit_array_end = .)

.init_array     0x000000000800a73c        0x4
                0x000000000800a73c                PROVIDE (__init_array_start = .)
 *(SORT_BY_NAME(.init_array.*))
 *(.init_array*)
 .init_array    0x000000000800a73c        0x4 c:/st/stm32cubeide_1.3.0/stm32cubeide/plugins/com.st.stm32cube.ide.mcu.externaltools.gnu-tools-for-stm32.10.3-2021.10.win32_1.0.200.202301161003/tools/bin/../lib/gcc/arm-none-eabi/10.3.1/thumb/v7e-m+dp/hard/crtbegin.o
                0x000000000800a740                PROVIDE (__init_array_end = .)

.fini_array     0x000000000800a740        0x4
                [!provide]                        PROVIDE (__fini_array_start = .)
 *(SORT_BY_NAME(.fini_array.*))
 *(.fini_array*)
 .fini_array    0x000000000800a740        0x4 c:/st/stm32cubeide_1.3.0/stm32cubeide/plugins/com.st.stm32cube.ide.mcu.externaltools.gnu-tools-for-stm32.10.3-2021.10.win32_1.0.200.202301161003/tools/bin/../lib/gcc/arm-none-eabi/10.3.1/thumb/v7e-m+dp/hard/crtbegin.o
                [!provide]                        PROVIDE (__fini_array_end = .)
                0x000000000800a744                _sidata = LOADADDR (.data)

.data           0x0000000024000000       0x48 load address 0x000000000800a744
                0x0000000024000000                . = ALIGN (0x4)
                0x0000000024000000                _sdata = .
 *(.data)
 *(.data*)
 .data.current_sample_rate
                0x0000000024000000        0x4 ./Core/Src/main.o
                0x0000000024000000                current_sample_rate
 .data.blink_interval_ms
                0x0000000024000004        0x4 ./Core/Src/main.o
 .data.SendGreetings
                0x0000000024000008        0x1 ./Core/Src/main.o
                0x0000000024000008                SendGreetings
 *fill*         0x0000000024000009        0x3 
 .data.SystemCoreClock
                0x000000002400000c        0x4 ./Core/Src/system_stm32h7xx.o
                0x000000002400000c                SystemCoreClock
 .data.SystemD2Clock
                0x0000000024000010        0x4 ./Core/Src/system_stm32h7xx.o
                0x0000000024000010                SystemD2Clock
 .data.string_desc_arr
                0x0000000024000014       0x1c ./Core/Src/usb_descriptors.o
                0x0000000024000014                string_desc_arr
 .data.uwTickPrio
                0x0000000024000030        0x4 ./Drivers/STM32H7xx_HAL_Driver/Src/stm32h7xx_hal.o
                0x0000000024000030                uwTickPrio
 .data.uwTickFreq
                0x0000000024000034        0x1 ./Drivers/STM32H7xx_HAL_Driver/Src/stm32h7xx_hal.o
                0x0000000024000034                uwTickFreq
 .data._usbd_rhport
                0x0000000024000035        0x1 ./tinyusb-master/src/device/usbd.o
 *fill*         0x0000000024000036        0x2 
 .data._usbd_qdef
                0x0000000024000038       0x10 ./tinyusb-master/src/device/usbd.o
                0x0000000024000038                _usbd_qdef
 *(.RamFunc)
 *(.RamFunc*)
                0x0000000024000048                . = ALIGN (0x4)
                0x0000000024000048                _edata = .

.igot.plt       0x0000000024000048        0x0 load address 0x000000000800a78c
 .igot.plt      0x0000000024000048        0x0 c:/st/stm32cubeide_1.3.0/stm32cubeide/plugins/com.st.stm32cube.ide.mcu.externaltools.gnu-tools-for-stm32.10.3-2021.10.win32_1.0.200.202301161003/tools/bin/../lib/gcc/arm-none-eabi/10.3.1/thumb/v7e-m+dp/hard/crtbegin.o
                0x0000000024000048                . = ALIGN (0x4)

.bss            0x0000000024000048     0x1be0 load address 0x000000000800a78c
                0x0000000024000048                _sbss = .
                0x0000000024000048                __bss_start__ = _sbss
 *(.bss)
 .bss           0x0000000024000048       0x1c c:/st/stm32cubeide_1.3.0/stm32cubeide/plugins/com.st.stm32cube.ide.mcu.externaltools.gnu-tools-for-stm32.10.3-2021.10.win32_1.0.200.202301161003/tools/bin/../lib/gcc/arm-none-eabi/10.3.1/thumb/v7e-m+dp/hard/crtbegin.o
 *(.bss*)
 .bss.hpcd_USB_OTG_HS
                0x0000000024000064      0x50c ./Core/Src/main.o
                0x0000000024000064                hpcd_USB_OTG_HS
 .bss.mute      0x0000000024000570        0x3 ./Core/Src/main.o
                0x0000000024000570                mute
 *fill*         0x0000000024000573        0x1 
 .bss.volume    0x0000000024000574        0x6 ./Core/Src/main.o
                0x0000000024000574                volume
 *fill*         0x000000002400057a        0x2 
 .bss.mic_buf   0x000000002400057c      0x308 ./Core/Src/main.o
                0x000000002400057c                mic_buf
 .bss.spk_buf   0x0000000024000884      0x610 ./Core/Src/main.o
                0x0000000024000884                spk_buf
 .bss.spk_data_size
                0x0000000024000e94        0x4 ./Core/Src/main.o
                0x0000000024000e94                spk_data_size
 .bss.current_resolution
                0x0000000024000e98        0x1 ./Core/Src/main.o
                0x0000000024000e98                current_resolution
 *fill*         0x0000000024000e99        0x3 
 .bss.TestGlobalVar
                0x0000000024000e9c        0x4 ./Core/Src/main.o
                0x0000000024000e9c                TestGlobalVar
 .bss._desc_str
                0x0000000024000ea0       0x40 ./Core/Src/usb_descriptors.o
 .bss.uwTick    0x0000000024000ee0        0x4 ./Drivers/STM32H7xx_HAL_Driver/Src/stm32h7xx_hal.o
                0x0000000024000ee0                uwTick
 .bss.audio_ep_in_sw_buf_1
                0x0000000024000ee4      0x308 ./tinyusb-master/src/class/audio/audio_device.o
                0x0000000024000ee4                audio_ep_in_sw_buf_1
 .bss.audio_ep_out_sw_buf_1
                0x00000000240011ec      0x610 ./tinyusb-master/src/class/audio/audio_device.o
                0x00000000240011ec                audio_ep_out_sw_buf_1
 .bss.ctrl_buf_1
                0x00000000240017fc       0x40 ./tinyusb-master/src/class/audio/audio_device.o
                0x00000000240017fc                ctrl_buf_1
 .bss.alt_setting_1
                0x000000002400183c        0x2 ./tinyusb-master/src/class/audio/audio_device.o
                0x000000002400183c                alt_setting_1
 *fill*         0x000000002400183e        0x2 
 .bss._audiod_fct
                0x0000000024001840       0x38 ./tinyusb-master/src/class/audio/audio_device.o
                0x0000000024001840                _audiod_fct
 .bss._cdcd_itf
                0x0000000024001878      0x128 ./tinyusb-master/src/class/cdc/cdc_device.o
 .bss._usbd_dev
                0x00000000240019a0       0x37 ./tinyusb-master/src/device/usbd.o
 *fill*         0x00000000240019d7        0x1 
 .bss._app_driver
                0x00000000240019d8        0x4 ./tinyusb-master/src/device/usbd.o
 .bss._app_driver_count
                0x00000000240019dc        0x1 ./tinyusb-master/src/device/usbd.o
 *fill*         0x00000000240019dd        0x3 
 .bss._usbd_qdef_buf
                0x00000000240019e0       0xc0 ./tinyusb-master/src/device/usbd.o
                0x00000000240019e0                _usbd_qdef_buf
 .bss._usbd_q   0x0000000024001aa0        0x4 ./tinyusb-master/src/device/usbd.o
 .bss._ctrl_xfer
                0x0000000024001aa4       0x14 ./tinyusb-master/src/device/usbd_control.o
 .bss._usbd_ctrl_buf
                0x0000000024001ab8       0x40 ./tinyusb-master/src/device/usbd_control.o
 .bss._setup_packet
                0x0000000024001af8        0x8 ./tinyusb-master/src/portable/st/synopsys/dcd_synopsys.o
 .bss.xfer_status
                0x0000000024001b00      0x120 ./tinyusb-master/src/portable/st/synopsys/dcd_synopsys.o
                0x0000000024001b00                xfer_status
 .bss.ep0_pending
                0x0000000024001c20        0x4 ./tinyusb-master/src/portable/st/synopsys/dcd_synopsys.o
 .bss._allocated_fifo_words_tx
                0x0000000024001c24        0x2 ./tinyusb-master/src/portable/st/synopsys/dcd_synopsys.o
 .bss._out_ep_closed
                0x0000000024001c26        0x1 ./tinyusb-master/src/portable/st/synopsys/dcd_synopsys.o
 *(COMMON)
                0x0000000024001c28                . = ALIGN (0x4)
 *fill*         0x0000000024001c27        0x1 
                0x0000000024001c28                _ebss = .
                0x0000000024001c28                __bss_end__ = _ebss

._user_heap_stack
                0x0000000024001c28      0x600 load address 0x000000000800a78c
                0x0000000024001c28                . = ALIGN (0x8)
                [!provide]                        PROVIDE (end = .)
                0x0000000024001c28                PROVIDE (_end = .)
                0x0000000024001e28                . = (. + _Min_Heap_Size)
 *fill*         0x0000000024001c28      0x200 
                0x0000000024002228                . = (. + _Min_Stack_Size)
 *fill*         0x0000000024001e28      0x400 
                0x0000000024002228                . = ALIGN (0x8)

/DISCARD/
 libc.a(*)
 libm.a(*)
 libgcc.a(*)

.ARM.attributes
                0x0000000000000000       0x2e
 *(.ARM.attributes)
 .ARM.attributes
                0x0000000000000000       0x1e c:/st/stm32cubeide_1.3.0/stm32cubeide/plugins/com.st.stm32cube.ide.mcu.externaltools.gnu-tools-for-stm32.10.3-2021.10.win32_1.0.200.202301161003/tools/bin/../lib/gcc/arm-none-eabi/10.3.1/thumb/v7e-m+dp/hard/crti.o
 .ARM.attributes
                0x000000000000001e       0x32 c:/st/stm32cubeide_1.3.0/stm32cubeide/plugins/com.st.stm32cube.ide.mcu.externaltools.gnu-tools-for-stm32.10.3-2021.10.win32_1.0.200.202301161003/tools/bin/../lib/gcc/arm-none-eabi/10.3.1/thumb/v7e-m+dp/hard/crtbegin.o
 .ARM.attributes
                0x0000000000000050       0x32 ./Core/Src/main.o
 .ARM.attributes
                0x0000000000000082       0x32 ./Core/Src/stm32h7xx_hal_msp.o
 .ARM.attributes
                0x00000000000000b4       0x32 ./Core/Src/stm32h7xx_it.o
 .ARM.attributes
                0x00000000000000e6       0x32 ./Core/Src/system_stm32h7xx.o
 .ARM.attributes
                0x0000000000000118       0x32 ./Core/Src/usb_descriptors.o
 .ARM.attributes
                0x000000000000014a       0x21 ./Core/Startup/startup_stm32h723vgtx.o
 .ARM.attributes
                0x000000000000016b       0x32 ./Drivers/STM32H7xx_HAL_Driver/Src/stm32h7xx_hal.o
 .ARM.attributes
                0x000000000000019d       0x32 ./Drivers/STM32H7xx_HAL_Driver/Src/stm32h7xx_hal_cortex.o
 .ARM.attributes
                0x00000000000001cf       0x32 ./Drivers/STM32H7xx_HAL_Driver/Src/stm32h7xx_hal_gpio.o
 .ARM.attributes
                0x0000000000000201       0x32 ./Drivers/STM32H7xx_HAL_Driver/Src/stm32h7xx_hal_pcd.o
 .ARM.attributes
                0x0000000000000233       0x32 ./Drivers/STM32H7xx_HAL_Driver/Src/stm32h7xx_hal_pcd_ex.o
 .ARM.attributes
                0x0000000000000265       0x32 ./Drivers/STM32H7xx_HAL_Driver/Src/stm32h7xx_hal_pwr_ex.o
 .ARM.attributes
                0x0000000000000297       0x32 ./Drivers/STM32H7xx_HAL_Driver/Src/stm32h7xx_hal_rcc.o
 .ARM.attributes
                0x00000000000002c9       0x32 ./Drivers/STM32H7xx_HAL_Driver/Src/stm32h7xx_hal_rcc_ex.o
 .ARM.attributes
                0x00000000000002fb       0x32 ./Drivers/STM32H7xx_HAL_Driver/Src/stm32h7xx_ll_usb.o
 .ARM.attributes
                0x000000000000032d       0x32 ./tinyusb-master/src/class/audio/audio_device.o
 .ARM.attributes
                0x000000000000035f       0x32 ./tinyusb-master/src/class/cdc/cdc_device.o
 .ARM.attributes
                0x0000000000000391       0x32 ./tinyusb-master/src/common/tusb_fifo.o
 .ARM.attributes
                0x00000000000003c3       0x32 ./tinyusb-master/src/device/usbd.o
 .ARM.attributes
                0x00000000000003f5       0x32 ./tinyusb-master/src/device/usbd_control.o
 .ARM.attributes
                0x0000000000000427       0x32 ./tinyusb-master/src/portable/st/synopsys/dcd_synopsys.o
 .ARM.attributes
                0x0000000000000459       0x32 ./tinyusb-master/src/tusb.o
 .ARM.attributes
                0x000000000000048b       0x32 c:/st/stm32cubeide_1.3.0/stm32cubeide/plugins/com.st.stm32cube.ide.mcu.externaltools.gnu-tools-for-stm32.10.3-2021.10.win32_1.0.200.202301161003/tools/bin/../lib/gcc/arm-none-eabi/10.3.1/../../../../arm-none-eabi/lib/thumb/v7e-m+dp/hard\libc_nano.a(lib_a-init.o)
 .ARM.attributes
                0x00000000000004bd       0x32 c:/st/stm32cubeide_1.3.0/stm32cubeide/plugins/com.st.stm32cube.ide.mcu.externaltools.gnu-tools-for-stm32.10.3-2021.10.win32_1.0.200.202301161003/tools/bin/../lib/gcc/arm-none-eabi/10.3.1/../../../../arm-none-eabi/lib/thumb/v7e-m+dp/hard\libc_nano.a(lib_a-memcpy-stub.o)
 .ARM.attributes
                0x00000000000004ef       0x32 c:/st/stm32cubeide_1.3.0/stm32cubeide/plugins/com.st.stm32cube.ide.mcu.externaltools.gnu-tools-for-stm32.10.3-2021.10.win32_1.0.200.202301161003/tools/bin/../lib/gcc/arm-none-eabi/10.3.1/../../../../arm-none-eabi/lib/thumb/v7e-m+dp/hard\libc_nano.a(lib_a-memset.o)
 .ARM.attributes
                0x0000000000000521       0x17 c:/st/stm32cubeide_1.3.0/stm32cubeide/plugins/com.st.stm32cube.ide.mcu.externaltools.gnu-tools-for-stm32.10.3-2021.10.win32_1.0.200.202301161003/tools/bin/../lib/gcc/arm-none-eabi/10.3.1/../../../../arm-none-eabi/lib/thumb/v7e-m+dp/hard\libc_nano.a(lib_a-strlen.o)
 .ARM.attributes
                0x0000000000000538       0x1e c:/st/stm32cubeide_1.3.0/stm32cubeide/plugins/com.st.stm32cube.ide.mcu.externaltools.gnu-tools-for-stm32.10.3-2021.10.win32_1.0.200.202301161003/tools/bin/../lib/gcc/arm-none-eabi/10.3.1/thumb/v7e-m+dp/hard/crtn.o
OUTPUT(TinyUSB_UAC_CDC_723.elf elf32-littlearm)
LOAD linker stubs
LOAD c:/st/stm32cubeide_1.3.0/stm32cubeide/plugins/com.st.stm32cube.ide.mcu.externaltools.gnu-tools-for-stm32.10.3-2021.10.win32_1.0.200.202301161003/tools/bin/../lib/gcc/arm-none-eabi/10.3.1/../../../../arm-none-eabi/lib/thumb/v7e-m+dp/hard\libc.a
LOAD c:/st/stm32cubeide_1.3.0/stm32cubeide/plugins/com.st.stm32cube.ide.mcu.externaltools.gnu-tools-for-stm32.10.3-2021.10.win32_1.0.200.202301161003/tools/bin/../lib/gcc/arm-none-eabi/10.3.1/../../../../arm-none-eabi/lib/thumb/v7e-m+dp/hard\libm.a
LOAD c:/st/stm32cubeide_1.3.0/stm32cubeide/plugins/com.st.stm32cube.ide.mcu.externaltools.gnu-tools-for-stm32.10.3-2021.10.win32_1.0.200.202301161003/tools/bin/../lib/gcc/arm-none-eabi/10.3.1/thumb/v7e-m+dp/hard\libgcc.a

.debug_info     0x0000000000000000    0x19c6d
 .debug_info    0x0000000000000000     0x23fb ./Core/Src/main.o
 .debug_info    0x00000000000023fb     0x1181 ./Core/Src/stm32h7xx_hal_msp.o
 .debug_info    0x000000000000357c      0x3c5 ./Core/Src/stm32h7xx_it.o
 .debug_info    0x0000000000003941      0xb45 ./Core/Src/system_stm32h7xx.o
 .debug_info    0x0000000000004486      0xaf6 ./Core/Src/usb_descriptors.o
 .debug_info    0x0000000000004f7c       0x22 ./Core/Startup/startup_stm32h723vgtx.o
 .debug_info    0x0000000000004f9e     0x1746 ./Drivers/STM32H7xx_HAL_Driver/Src/stm32h7xx_hal.o
 .debug_info    0x00000000000066e4     0x1161 ./Drivers/STM32H7xx_HAL_Driver/Src/stm32h7xx_hal_cortex.o
 .debug_info    0x0000000000007845      0xd37 ./Drivers/STM32H7xx_HAL_Driver/Src/stm32h7xx_hal_gpio.o
 .debug_info    0x000000000000857c     0x169e ./Drivers/STM32H7xx_HAL_Driver/Src/stm32h7xx_hal_pcd.o
 .debug_info    0x0000000000009c1a      0x913 ./Drivers/STM32H7xx_HAL_Driver/Src/stm32h7xx_hal_pcd_ex.o
 .debug_info    0x000000000000a52d      0xe71 ./Drivers/STM32H7xx_HAL_Driver/Src/stm32h7xx_hal_pwr_ex.o
 .debug_info    0x000000000000b39e      0xe4a ./Drivers/STM32H7xx_HAL_Driver/Src/stm32h7xx_hal_rcc.o
 .debug_info    0x000000000000c1e8     0x12be ./Drivers/STM32H7xx_HAL_Driver/Src/stm32h7xx_hal_rcc_ex.o
 .debug_info    0x000000000000d4a6     0x1b52 ./Drivers/STM32H7xx_HAL_Driver/Src/stm32h7xx_ll_usb.o
 .debug_info    0x000000000000eff8     0x1b69 ./tinyusb-master/src/class/audio/audio_device.o
 .debug_info    0x0000000000010b61     0x1385 ./tinyusb-master/src/class/cdc/cdc_device.o
 .debug_info    0x0000000000011ee6     0x14a2 ./tinyusb-master/src/common/tusb_fifo.o
 .debug_info    0x0000000000013388     0x2c67 ./tinyusb-master/src/device/usbd.o
 .debug_info    0x0000000000015fef      0x763 ./tinyusb-master/src/device/usbd_control.o
 .debug_info    0x0000000000016752     0x2470 ./tinyusb-master/src/portable/st/synopsys/dcd_synopsys.o
 .debug_info    0x0000000000018bc2     0x10ab ./tinyusb-master/src/tusb.o

.debug_abbrev   0x0000000000000000     0x3ba2
 .debug_abbrev  0x0000000000000000      0x4a8 ./Core/Src/main.o
 .debug_abbrev  0x00000000000004a8      0x1e6 ./Core/Src/stm32h7xx_hal_msp.o
 .debug_abbrev  0x000000000000068e      0x10d ./Core/Src/stm32h7xx_it.o
 .debug_abbrev  0x000000000000079b      0x136 ./Core/Src/system_stm32h7xx.o
 .debug_abbrev  0x00000000000008d1      0x19c ./Core/Src/usb_descriptors.o
 .debug_abbrev  0x0000000000000a6d       0x12 ./Core/Startup/startup_stm32h723vgtx.o
 .debug_abbrev  0x0000000000000a7f      0x292 ./Drivers/STM32H7xx_HAL_Driver/Src/stm32h7xx_hal.o
 .debug_abbrev  0x0000000000000d11      0x329 ./Drivers/STM32H7xx_HAL_Driver/Src/stm32h7xx_hal_cortex.o
 .debug_abbrev  0x000000000000103a      0x1ec ./Drivers/STM32H7xx_HAL_Driver/Src/stm32h7xx_hal_gpio.o
 .debug_abbrev  0x0000000000001226      0x2d2 ./Drivers/STM32H7xx_HAL_Driver/Src/stm32h7xx_hal_pcd.o
 .debug_abbrev  0x00000000000014f8      0x24a ./Drivers/STM32H7xx_HAL_Driver/Src/stm32h7xx_hal_pcd_ex.o
 .debug_abbrev  0x0000000000001742      0x27e ./Drivers/STM32H7xx_HAL_Driver/Src/stm32h7xx_hal_pwr_ex.o
 .debug_abbrev  0x00000000000019c0      0x2a7 ./Drivers/STM32H7xx_HAL_Driver/Src/stm32h7xx_hal_rcc.o
 .debug_abbrev  0x0000000000001c67      0x25c ./Drivers/STM32H7xx_HAL_Driver/Src/stm32h7xx_hal_rcc_ex.o
 .debug_abbrev  0x0000000000001ec3      0x296 ./Drivers/STM32H7xx_HAL_Driver/Src/stm32h7xx_ll_usb.o
 .debug_abbrev  0x0000000000002159      0x38f ./tinyusb-master/src/class/audio/audio_device.o
 .debug_abbrev  0x00000000000024e8      0x3ed ./tinyusb-master/src/class/cdc/cdc_device.o
 .debug_abbrev  0x00000000000028d5      0x317 ./tinyusb-master/src/common/tusb_fifo.o
 .debug_abbrev  0x0000000000002bec      0x4df ./tinyusb-master/src/device/usbd.o
 .debug_abbrev  0x00000000000030cb      0x2b8 ./tinyusb-master/src/device/usbd_control.o
 .debug_abbrev  0x0000000000003383      0x4c5 ./tinyusb-master/src/portable/st/synopsys/dcd_synopsys.o
 .debug_abbrev  0x0000000000003848      0x35a ./tinyusb-master/src/tusb.o

.debug_aranges  0x0000000000000000     0x1170
 .debug_aranges
                0x0000000000000000      0x120 ./Core/Src/main.o
 .debug_aranges
                0x0000000000000120       0x30 ./Core/Src/stm32h7xx_hal_msp.o
 .debug_aranges
                0x0000000000000150       0x70 ./Core/Src/stm32h7xx_it.o
 .debug_aranges
                0x00000000000001c0       0x28 ./Core/Src/system_stm32h7xx.o
 .debug_aranges
                0x00000000000001e8       0x30 ./Core/Src/usb_descriptors.o
 .debug_aranges
                0x0000000000000218       0x28 ./Core/Startup/startup_stm32h723vgtx.o
 .debug_aranges
                0x0000000000000240      0x1c8 ./Drivers/STM32H7xx_HAL_Driver/Src/stm32h7xx_hal.o
 .debug_aranges
                0x0000000000000408      0x120 ./Drivers/STM32H7xx_HAL_Driver/Src/stm32h7xx_hal_cortex.o
 .debug_aranges
                0x0000000000000528       0x58 ./Drivers/STM32H7xx_HAL_Driver/Src/stm32h7xx_hal_gpio.o
 .debug_aranges
                0x0000000000000580      0x140 ./Drivers/STM32H7xx_HAL_Driver/Src/stm32h7xx_hal_pcd.o
 .debug_aranges
                0x00000000000006c0       0x60 ./Drivers/STM32H7xx_HAL_Driver/Src/stm32h7xx_hal_pcd_ex.o
 .debug_aranges
                0x0000000000000720      0x148 ./Drivers/STM32H7xx_HAL_Driver/Src/stm32h7xx_hal_pwr_ex.o
 .debug_aranges
                0x0000000000000868       0x88 ./Drivers/STM32H7xx_HAL_Driver/Src/stm32h7xx_hal_rcc.o
 .debug_aranges
                0x00000000000008f0       0xf8 ./Drivers/STM32H7xx_HAL_Driver/Src/stm32h7xx_hal_rcc_ex.o
 .debug_aranges
                0x00000000000009e8      0x1a0 ./Drivers/STM32H7xx_HAL_Driver/Src/stm32h7xx_ll_usb.o
 .debug_aranges
                0x0000000000000b88       0xf0 ./tinyusb-master/src/class/audio/audio_device.o
 .debug_aranges
                0x0000000000000c78       0xa8 ./tinyusb-master/src/class/cdc/cdc_device.o
 .debug_aranges
                0x0000000000000d20      0x118 ./tinyusb-master/src/common/tusb_fifo.o
 .debug_aranges
                0x0000000000000e38      0x130 ./tinyusb-master/src/device/usbd.o
 .debug_aranges
                0x0000000000000f68       0x58 ./tinyusb-master/src/device/usbd_control.o
 .debug_aranges
                0x0000000000000fc0      0x118 ./tinyusb-master/src/portable/st/synopsys/dcd_synopsys.o
 .debug_aranges
                0x00000000000010d8       0x98 ./tinyusb-master/src/tusb.o

.debug_ranges   0x0000000000000000     0x10c8
 .debug_ranges  0x0000000000000000      0x110 ./Core/Src/main.o
 .debug_ranges  0x0000000000000110       0x20 ./Core/Src/stm32h7xx_hal_msp.o
 .debug_ranges  0x0000000000000130       0x60 ./Core/Src/stm32h7xx_it.o
 .debug_ranges  0x0000000000000190       0x18 ./Core/Src/system_stm32h7xx.o
 .debug_ranges  0x00000000000001a8       0x20 ./Core/Src/usb_descriptors.o
 .debug_ranges  0x00000000000001c8       0x20 ./Core/Startup/startup_stm32h723vgtx.o
 .debug_ranges  0x00000000000001e8      0x1b8 ./Drivers/STM32H7xx_HAL_Driver/Src/stm32h7xx_hal.o
 .debug_ranges  0x00000000000003a0      0x110 ./Drivers/STM32H7xx_HAL_Driver/Src/stm32h7xx_hal_cortex.o
 .debug_ranges  0x00000000000004b0       0x48 ./Drivers/STM32H7xx_HAL_Driver/Src/stm32h7xx_hal_gpio.o
 .debug_ranges  0x00000000000004f8      0x130 ./Drivers/STM32H7xx_HAL_Driver/Src/stm32h7xx_hal_pcd.o
 .debug_ranges  0x0000000000000628       0x50 ./Drivers/STM32H7xx_HAL_Driver/Src/stm32h7xx_hal_pcd_ex.o
 .debug_ranges  0x0000000000000678      0x138 ./Drivers/STM32H7xx_HAL_Driver/Src/stm32h7xx_hal_pwr_ex.o
 .debug_ranges  0x00000000000007b0       0x78 ./Drivers/STM32H7xx_HAL_Driver/Src/stm32h7xx_hal_rcc.o
 .debug_ranges  0x0000000000000828       0xe8 ./Drivers/STM32H7xx_HAL_Driver/Src/stm32h7xx_hal_rcc_ex.o
 .debug_ranges  0x0000000000000910      0x190 ./Drivers/STM32H7xx_HAL_Driver/Src/stm32h7xx_ll_usb.o
 .debug_ranges  0x0000000000000aa0       0xf8 ./tinyusb-master/src/class/audio/audio_device.o
 .debug_ranges  0x0000000000000b98       0x98 ./tinyusb-master/src/class/cdc/cdc_device.o
 .debug_ranges  0x0000000000000c30      0x108 ./tinyusb-master/src/common/tusb_fifo.o
 .debug_ranges  0x0000000000000d38      0x188 ./tinyusb-master/src/device/usbd.o
 .debug_ranges  0x0000000000000ec0       0x48 ./tinyusb-master/src/device/usbd_control.o
 .debug_ranges  0x0000000000000f08      0x138 ./tinyusb-master/src/portable/st/synopsys/dcd_synopsys.o
 .debug_ranges  0x0000000000001040       0x88 ./tinyusb-master/src/tusb.o

.debug_macro    0x0000000000000000    0x3463d
 .debug_macro   0x0000000000000000      0x4ae ./Core/Src/main.o
 .debug_macro   0x00000000000004ae      0xa90 ./Core/Src/main.o
 .debug_macro   0x0000000000000f3e      0x232 ./Core/Src/main.o
 .debug_macro   0x0000000000001170       0x2e ./Core/Src/main.o
 .debug_macro   0x000000000000119e       0x3b ./Core/Src/main.o
 .debug_macro   0x00000000000011d9       0x22 ./Core/Src/main.o
 .debug_macro   0x00000000000011fb       0x8e ./Core/Src/main.o
 .debug_macro   0x0000000000001289       0x51 ./Core/Src/main.o
 .debug_macro   0x00000000000012da      0x103 ./Core/Src/main.o
 .debug_macro   0x00000000000013dd       0x6a ./Core/Src/main.o
 .debug_macro   0x0000000000001447      0x1df ./Core/Src/main.o
 .debug_macro   0x0000000000001626       0x1c ./Core/Src/main.o
 .debug_macro   0x0000000000001642       0x22 ./Core/Src/main.o
 .debug_macro   0x0000000000001664       0xfb ./Core/Src/main.o
 .debug_macro   0x000000000000175f     0x1305 ./Core/Src/main.o
 .debug_macro   0x0000000000002a64      0x11f ./Core/Src/main.o
 .debug_macro   0x0000000000002b83       0x27 ./Core/Src/main.o
 .debug_macro   0x0000000000002baa    0x211d1 ./Core/Src/main.o
 .debug_macro   0x0000000000023d7b       0x6d ./Core/Src/main.o
 .debug_macro   0x0000000000023de8     0x3d48 ./Core/Src/main.o
 .debug_macro   0x0000000000027b30      0x174 ./Core/Src/main.o
 .debug_macro   0x0000000000027ca4       0x52 ./Core/Src/main.o
 .debug_macro   0x0000000000027cf6       0x1d ./Core/Src/main.o
 .debug_macro   0x0000000000027d13       0x3c ./Core/Src/main.o
 .debug_macro   0x0000000000027d4f       0x34 ./Core/Src/main.o
 .debug_macro   0x0000000000027d83       0x16 ./Core/Src/main.o
 .debug_macro   0x0000000000027d99       0x43 ./Core/Src/main.o
 .debug_macro   0x0000000000027ddc       0x34 ./Core/Src/main.o
 .debug_macro   0x0000000000027e10       0x10 ./Core/Src/main.o
 .debug_macro   0x0000000000027e20       0x58 ./Core/Src/main.o
 .debug_macro   0x0000000000027e78       0x71 ./Core/Src/main.o
 .debug_macro   0x0000000000027ee9       0x1c ./Core/Src/main.o
 .debug_macro   0x0000000000027f05      0x12a ./Core/Src/main.o
 .debug_macro   0x000000000002802f      0x341 ./Core/Src/main.o
 .debug_macro   0x0000000000028370      0x19b ./Core/Src/main.o
 .debug_macro   0x000000000002850b       0x5d ./Core/Src/main.o
 .debug_macro   0x0000000000028568     0x2462 ./Core/Src/main.o
 .debug_macro   0x000000000002a9ca     0x1079 ./Core/Src/main.o
 .debug_macro   0x000000000002ba43      0x154 ./Core/Src/main.o
 .debug_macro   0x000000000002bb97      0x114 ./Core/Src/main.o
 .debug_macro   0x000000000002bcab      0x3f8 ./Core/Src/main.o
 .debug_macro   0x000000000002c0a3       0xac ./Core/Src/main.o
 .debug_macro   0x000000000002c14f      0x788 ./Core/Src/main.o
 .debug_macro   0x000000000002c8d7      0x228 ./Core/Src/main.o
 .debug_macro   0x000000000002caff       0x66 ./Core/Src/main.o
 .debug_macro   0x000000000002cb65      0x3a6 ./Core/Src/main.o
 .debug_macro   0x000000000002cf0b      0x3f9 ./Core/Src/main.o
 .debug_macro   0x000000000002d304      0x275 ./Core/Src/main.o
 .debug_macro   0x000000000002d579      0x3ca ./Core/Src/main.o
 .debug_macro   0x000000000002d943      0x45c ./Core/Src/main.o
 .debug_macro   0x000000000002dd9f       0x3c ./Core/Src/main.o
 .debug_macro   0x000000000002dddb       0x4a ./Core/Src/main.o
 .debug_macro   0x000000000002de25      0x22c ./Core/Src/main.o
 .debug_macro   0x000000000002e051       0x67 ./Core/Src/main.o
 .debug_macro   0x000000000002e0b8       0xa5 ./Core/Src/main.o
 .debug_macro   0x000000000002e15d      0x1c4 ./Core/Src/main.o
 .debug_macro   0x000000000002e321      0x22a ./Core/Src/main.o
 .debug_macro   0x000000000002e54b       0x35 ./Core/Src/main.o
 .debug_macro   0x000000000002e580      0x264 ./Core/Src/main.o
 .debug_macro   0x000000000002e7e4       0x90 ./Core/Src/main.o
 .debug_macro   0x000000000002e874      0x5e6 ./Core/Src/main.o
 .debug_macro   0x000000000002ee5a       0x6a ./Core/Src/main.o
 .debug_macro   0x000000000002eec4       0x22 ./Core/Src/main.o
 .debug_macro   0x000000000002eee6       0x16 ./Core/Src/main.o
 .debug_macro   0x000000000002eefc       0x35 ./Core/Src/main.o
 .debug_macro   0x000000000002ef31       0x20 ./Core/Src/main.o
 .debug_macro   0x000000000002ef51       0x1c ./Core/Src/main.o
 .debug_macro   0x000000000002ef6d       0x10 ./Core/Src/main.o
 .debug_macro   0x000000000002ef7d       0x10 ./Core/Src/main.o
 .debug_macro   0x000000000002ef8d       0x1c ./Core/Src/main.o
 .debug_macro   0x000000000002efa9       0x52 ./Core/Src/main.o
 .debug_macro   0x000000000002effb       0x22 ./Core/Src/main.o
 .debug_macro   0x000000000002f01d       0x10 ./Core/Src/main.o
 .debug_macro   0x000000000002f02d       0x52 ./Core/Src/main.o
 .debug_macro   0x000000000002f07f       0xd5 ./Core/Src/main.o
 .debug_macro   0x000000000002f154       0x1c ./Core/Src/main.o
 .debug_macro   0x000000000002f170       0x3d ./Core/Src/main.o
 .debug_macro   0x000000000002f1ad       0x16 ./Core/Src/main.o
 .debug_macro   0x000000000002f1c3      0x145 ./Core/Src/main.o
 .debug_macro   0x000000000002f308      0x153 ./Core/Src/main.o
 .debug_macro   0x000000000002f45b      0x24b ./Core/Src/main.o
 .debug_macro   0x000000000002f6a6       0x3a ./Core/Src/main.o
 .debug_macro   0x000000000002f6e0      0x136 ./Core/Src/main.o
 .debug_macro   0x000000000002f816       0x3a ./Core/Src/main.o
 .debug_macro   0x000000000002f850      0x12a ./Core/Src/main.o
 .debug_macro   0x000000000002f97a       0x64 ./Core/Src/main.o
 .debug_macro   0x000000000002f9de       0x11 ./Core/Src/main.o
 .debug_macro   0x000000000002f9ef       0xc7 ./Core/Src/main.o
 .debug_macro   0x000000000002fab6       0x25 ./Core/Src/main.o
 .debug_macro   0x000000000002fadb       0x28 ./Core/Src/main.o
 .debug_macro   0x000000000002fb03       0x1c ./Core/Src/main.o
 .debug_macro   0x000000000002fb1f       0x1f ./Core/Src/main.o
 .debug_macro   0x000000000002fb3e      0x6cb ./Core/Src/main.o
 .debug_macro   0x0000000000030209      0x382 ./Core/Src/main.o
 .debug_macro   0x000000000003058b       0x18 ./Core/Src/main.o
 .debug_macro   0x00000000000305a3       0x2d ./Core/Src/main.o
 .debug_macro   0x00000000000305d0       0xac ./Core/Src/main.o
 .debug_macro   0x000000000003067c      0x2ae ./Core/Src/stm32h7xx_hal_msp.o
 .debug_macro   0x000000000003092a      0x43b ./Core/Src/stm32h7xx_it.o
 .debug_macro   0x0000000000030d65      0x37c ./Core/Src/stm32h7xx_it.o
 .debug_macro   0x00000000000310e1      0x2a4 ./Core/Src/system_stm32h7xx.o
 .debug_macro   0x0000000000031385      0x33a ./Core/Src/usb_descriptors.o
 .debug_macro   0x00000000000316bf       0x10 ./Core/Src/usb_descriptors.o
 .debug_macro   0x00000000000316cf      0x2ce ./Drivers/STM32H7xx_HAL_Driver/Src/stm32h7xx_hal.o
 .debug_macro   0x000000000003199d      0x2a4 ./Drivers/STM32H7xx_HAL_Driver/Src/stm32h7xx_hal_cortex.o
 .debug_macro   0x0000000000031c41      0x2ab ./Drivers/STM32H7xx_HAL_Driver/Src/stm32h7xx_hal_gpio.o
 .debug_macro   0x0000000000031eec      0x2b0 ./Drivers/STM32H7xx_HAL_Driver/Src/stm32h7xx_hal_pcd.o
 .debug_macro   0x000000000003219c      0x2a4 ./Drivers/STM32H7xx_HAL_Driver/Src/stm32h7xx_hal_pcd_ex.o
 .debug_macro   0x0000000000032440      0x2dd ./Drivers/STM32H7xx_HAL_Driver/Src/stm32h7xx_hal_pwr_ex.o
 .debug_macro   0x000000000003271d      0x2c8 ./Drivers/STM32H7xx_HAL_Driver/Src/stm32h7xx_hal_rcc.o
 .debug_macro   0x00000000000329e5      0x2c2 ./Drivers/STM32H7xx_HAL_Driver/Src/stm32h7xx_hal_rcc_ex.o
 .debug_macro   0x0000000000032ca7      0x2a4 ./Drivers/STM32H7xx_HAL_Driver/Src/stm32h7xx_ll_usb.o
 .debug_macro   0x0000000000032f4b      0x2ff ./tinyusb-master/src/class/audio/audio_device.o
 .debug_macro   0x000000000003324a       0x2e ./tinyusb-master/src/class/audio/audio_device.o
 .debug_macro   0x0000000000033278      0x2d9 ./tinyusb-master/src/class/cdc/cdc_device.o
 .debug_macro   0x0000000000033551      0x2c3 ./tinyusb-master/src/common/tusb_fifo.o
 .debug_macro   0x0000000000033814      0x342 ./tinyusb-master/src/device/usbd.o
 .debug_macro   0x0000000000033b56      0x31a ./tinyusb-master/src/device/usbd_control.o
 .debug_macro   0x0000000000033e70      0x4b9 ./tinyusb-master/src/portable/st/synopsys/dcd_synopsys.o
 .debug_macro   0x0000000000034329      0x314 ./tinyusb-master/src/tusb.o

.debug_line     0x0000000000000000    0x1613a
 .debug_line    0x0000000000000000     0x13f8 ./Core/Src/main.o
 .debug_line    0x00000000000013f8      0x882 ./Core/Src/stm32h7xx_hal_msp.o
 .debug_line    0x0000000000001c7a      0xbe8 ./Core/Src/stm32h7xx_it.o
 .debug_line    0x0000000000002862      0x9d8 ./Core/Src/system_stm32h7xx.o
 .debug_line    0x000000000000323a      0xa1e ./Core/Src/usb_descriptors.o
 .debug_line    0x0000000000003c58       0x88 ./Core/Startup/startup_stm32h723vgtx.o
 .debug_line    0x0000000000003ce0      0xe72 ./Drivers/STM32H7xx_HAL_Driver/Src/stm32h7xx_hal.o
 .debug_line    0x0000000000004b52      0xde7 ./Drivers/STM32H7xx_HAL_Driver/Src/stm32h7xx_hal_cortex.o
 .debug_line    0x0000000000005939      0xc90 ./Drivers/STM32H7xx_HAL_Driver/Src/stm32h7xx_hal_gpio.o
 .debug_line    0x00000000000065c9     0x15b9 ./Drivers/STM32H7xx_HAL_Driver/Src/stm32h7xx_hal_pcd.o
 .debug_line    0x0000000000007b82      0xa03 ./Drivers/STM32H7xx_HAL_Driver/Src/stm32h7xx_hal_pcd_ex.o
 .debug_line    0x0000000000008585      0xe56 ./Drivers/STM32H7xx_HAL_Driver/Src/stm32h7xx_hal_pwr_ex.o
 .debug_line    0x00000000000093db     0x1308 ./Drivers/STM32H7xx_HAL_Driver/Src/stm32h7xx_hal_rcc.o
 .debug_line    0x000000000000a6e3     0x1b9e ./Drivers/STM32H7xx_HAL_Driver/Src/stm32h7xx_hal_rcc_ex.o
 .debug_line    0x000000000000c281     0x1b86 ./Drivers/STM32H7xx_HAL_Driver/Src/stm32h7xx_ll_usb.o
 .debug_line    0x000000000000de07     0x13ff ./tinyusb-master/src/class/audio/audio_device.o
 .debug_line    0x000000000000f206      0xede ./tinyusb-master/src/class/cdc/cdc_device.o
 .debug_line    0x00000000000100e4     0x1120 ./tinyusb-master/src/common/tusb_fifo.o
 .debug_line    0x0000000000011204     0x19b3 ./tinyusb-master/src/device/usbd.o
 .debug_line    0x0000000000012bb7      0xbe9 ./tinyusb-master/src/device/usbd_control.o
 .debug_line    0x00000000000137a0     0x1ab3 ./tinyusb-master/src/portable/st/synopsys/dcd_synopsys.o
 .debug_line    0x0000000000015253      0xee7 ./tinyusb-master/src/tusb.o

.debug_str      0x0000000000000000   0x14d4ba
 .debug_str     0x0000000000000000   0x145aad ./Core/Src/main.o
                                     0x14602c (size before relaxing)
 .debug_str     0x0000000000145aad      0x381 ./Core/Src/stm32h7xx_hal_msp.o
                                     0x135e5c (size before relaxing)
 .debug_str     0x0000000000145e2e      0x1b2 ./Core/Src/stm32h7xx_it.o
                                     0x140e86 (size before relaxing)
 .debug_str     0x0000000000145fe0      0x2ae ./Core/Src/system_stm32h7xx.o
                                     0x1350c9 (size before relaxing)
 .debug_str     0x000000000014628e     0x1fec ./Core/Src/usb_descriptors.o
                                      0x1863e (size before relaxing)
 .debug_str     0x000000000014827a       0x36 ./Core/Startup/startup_stm32h723vgtx.o
                                         0x81 (size before relaxing)
 .debug_str     0x00000000001482b0      0x905 ./Drivers/STM32H7xx_HAL_Driver/Src/stm32h7xx_hal.o
                                     0x136153 (size before relaxing)
 .debug_str     0x0000000000148bb5      0x329 ./Drivers/STM32H7xx_HAL_Driver/Src/stm32h7xx_hal_cortex.o
                                     0x135a35 (size before relaxing)
 .debug_str     0x0000000000148ede       0xc8 ./Drivers/STM32H7xx_HAL_Driver/Src/stm32h7xx_hal_gpio.o
                                     0x135114 (size before relaxing)
 .debug_str     0x0000000000148fa6      0x819 ./Drivers/STM32H7xx_HAL_Driver/Src/stm32h7xx_hal_pcd.o
                                     0x1358c6 (size before relaxing)
 .debug_str     0x00000000001497bf      0x16f ./Drivers/STM32H7xx_HAL_Driver/Src/stm32h7xx_hal_pcd_ex.o
                                     0x135264 (size before relaxing)
 .debug_str     0x000000000014992e      0x5cb ./Drivers/STM32H7xx_HAL_Driver/Src/stm32h7xx_hal_pwr_ex.o
                                     0x13551c (size before relaxing)
 .debug_str     0x0000000000149ef9      0x21a ./Drivers/STM32H7xx_HAL_Driver/Src/stm32h7xx_hal_rcc.o
                                     0x135497 (size before relaxing)